<html>
<body>
<pre>
<h1>µVision Build Log</h1>
<h2>Tool Versions:</h2>
IDE-Version: ¦ÌVision V5.36.0.0
Copyright (C) 2021 ARM Ltd and ARM Germany GmbH. All rights reserved.
License Information: 1 1, 1, LIC=X96CK-Z26IC-EVS1R-KS6BP-YJSCS-9I6YQ
 
Tool Versions:
Toolchain:       MDK-ARM Plus  Version: 5.36.0.0
Toolchain Path:  D:\Keil_v5\ARM\ARMCC\Bin
C Compiler:      Armcc.exe V5.06 update 7 (build 960)
Assembler:       Armasm.exe V5.06 update 7 (build 960)
Linker/Locator:  ArmLink.exe V5.06 update 7 (build 960)
Library Manager: ArmAr.exe V5.06 update 7 (build 960)
Hex Converter:   FromElf.exe V5.06 update 7 (build 960)
CPU DLL:         SARMCM3.DLL V5.36.0.0
Dialog DLL:      DCM.DLL V1.17.3.0
Target DLL:      CMSIS_AGDI.dll V1.33.0.0
Dialog DLL:      TCM.DLL V1.53.0.0
 
<h2>Project:</h2>
D:\Project_Study\IOT_Home_1\AAB_Code\IOT_Home_STML431\MDK-ARM\IOT_Home_STML431.uvprojx
Project File Date:  05/05/2023

<h2>Output:</h2>
*** Using Compiler 'V5.06 update 7 (build 960)', folder: 'D:\Keil_v5\ARM\ARMCC\Bin'
Rebuild target 'IOT_Home_STML431'
assembling startup_stm32l431xx.s...
compiling Relay.c...
compiling Timer6.c...
compiling Brightness.c...
compiling PowerLED.c...
compiling SHT30.c...
compiling I2C.c...
compiling UART3.c...
compiling FAN.c...
compiling ESP8266.c...
compiling gpio.c...
compiling main.c...
compiling adc.c...
compiling tim.c...
compiling dma.c...
compiling MQ_2.c...
compiling usart.c...
compiling stm32l4xx_hal_timebase_tim.c...
compiling stm32l4xx_it.c...
compiling stm32l4xx_hal.c...
compiling stm32l4xx_hal_i2c_ex.c...
compiling stm32l4xx_hal_adc_ex.c...
compiling stm32l4xx_hal_msp.c...
compiling stm32l4xx_hal_i2c.c...
compiling stm32l4xx_hal_adc.c...
compiling stm32l4xx_hal_flash.c...
compiling stm32l4xx_hal_flash_ramfunc.c...
compiling stm32l4xx_hal_gpio.c...
compiling stm32l4xx_hal_flash_ex.c...
compiling stm32l4xx_hal_dma.c...
compiling stm32l4xx_hal_rcc.c...
compiling stm32l4xx_hal_dma_ex.c...
compiling stm32l4xx_hal_rcc_ex.c...
compiling stm32l4xx_hal_pwr.c...
compiling stm32l4xx_hal_uart_ex.c...
compiling stm32l4xx_hal_cortex.c...
compiling stm32l4xx_hal_exti.c...
assembling context_rvds.S...
compiling clock.c...
compiling components.c...
compiling stm32l4xx_hal_pwr_ex.c...
compiling cpu.c...
compiling idle.c...
compiling irq.c...
compiling ipc.c...
compiling stm32l4xx_hal_tim_ex.c...
compiling stm32l4xx_hal_uart.c...
compiling mem.c...
compiling kservice.c...
compiling memheap.c...
compiling mempool.c...
compiling object.c...
compiling stm32l4xx_hal_tim.c...
compiling scheduler.c...
compiling slab.c...
compiling timer.c...
compiling cpuport.c...
compiling thread.c...
compiling system_stm32l4xx.c...
compiling board.c...
linking...
Program Size: Code=32928 RO-data=812 RW-data=312 ZI-data=13736  
FromELF: creating hex file...
"IOT_Home_STML431\IOT_Home_STML431.axf" - 0 Error(s), 0 Warning(s).

<h2>Software Packages used:</h2>

Package Vendor: ARM
                http://www.keil.com/pack/ARM.CMSIS.5.8.0.pack
                ARM.CMSIS.5.8.0
                CMSIS (Common Microcontroller Software Interface Standard)
   * Component: CORE Version: 5.5.0

Package Vendor: Keil
                http://www.keil.com/pack/Keil.STM32L4xx_DFP.2.6.1.pack
                Keil.STM32L4xx_DFP.2.6.1
                STMicroelectronics STM32L4 Series Device Support, Drivers and Examples

<h2>Collection of Component include folders:</h2>
  .\RTE\_IOT_Home_STML431
  D:\Keil_v5\ARM\CMSIS\5.8.0\CMSIS\Core\Include
  D:\Keil_v5\Keil\STM32L4xx_DFP\2.6.1\Drivers\CMSIS\Device\ST\STM32L4xx\Include

<h2>Collection of Component Files used:</h2>

   * Component: ARM::CMSIS:CORE:5.5.0
      Include file:  CMSIS\Core\Include\tz_context.h
Build Time Elapsed:  00:01:10
</pre>
</body>
</html>
