Component: ARM Compiler 5.06 update 7 (build 960) Tool: armlink [4d3601]

==============================================================================

Section Cross References

    startup_stm32l431xx.o(RESET) refers to startup_stm32l431xx.o(STACK) for __initial_sp
    startup_stm32l431xx.o(RESET) refers to startup_stm32l431xx.o(.text) for Reset_Handler
    startup_stm32l431xx.o(RESET) refers to stm32l4xx_it.o(i.NMI_Handler) for NMI_Handler
    startup_stm32l431xx.o(RESET) refers to context_rvds.o(.text) for HardFault_Handler
    startup_stm32l431xx.o(RESET) refers to stm32l4xx_it.o(i.MemManage_Handler) for MemManage_Handler
    startup_stm32l431xx.o(RESET) refers to stm32l4xx_it.o(i.BusFault_Handler) for BusFault_Handler
    startup_stm32l431xx.o(RESET) refers to stm32l4xx_it.o(i.UsageFault_Handler) for UsageFault_Handler
    startup_stm32l431xx.o(RESET) refers to stm32l4xx_it.o(i.DebugMon_Handler) for DebugMon_Handler
    startup_stm32l431xx.o(RESET) refers to board.o(i.SysTick_Handler) for SysTick_Handler
    startup_stm32l431xx.o(RESET) refers to stm32l4xx_it.o(i.DMA1_Channel2_IRQHandler) for DMA1_Channel2_IRQHandler
    startup_stm32l431xx.o(RESET) refers to stm32l4xx_it.o(i.DMA1_Channel3_IRQHandler) for DMA1_Channel3_IRQHandler
    startup_stm32l431xx.o(RESET) refers to stm32l4xx_it.o(i.TIM1_UP_TIM16_IRQHandler) for TIM1_UP_TIM16_IRQHandler
    startup_stm32l431xx.o(RESET) refers to stm32l4xx_it.o(i.USART1_IRQHandler) for USART1_IRQHandler
    startup_stm32l431xx.o(RESET) refers to stm32l4xx_it.o(i.USART3_IRQHandler) for USART3_IRQHandler
    startup_stm32l431xx.o(RESET) refers to stm32l4xx_it.o(i.TIM6_DAC_IRQHandler) for TIM6_DAC_IRQHandler
    startup_stm32l431xx.o(.text) refers to system_stm32l4xx.o(i.SystemInit) for SystemInit
    startup_stm32l431xx.o(.text) refers to entry.o(.ARM.Collect$$$$00000000) for __main
    i2c.o(i.Init) refers to stm32l4xx_hal_gpio.o(i.HAL_GPIO_WritePin) for HAL_GPIO_WritePin
    i2c.o(i.Read_Byte) refers to stm32l4xx_hal_gpio.o(i.HAL_GPIO_WritePin) for HAL_GPIO_WritePin
    i2c.o(i.Read_Byte) refers to tim.o(i.Delay_us) for Delay_us
    i2c.o(i.Read_Byte) refers to stm32l4xx_hal_gpio.o(i.HAL_GPIO_ReadPin) for HAL_GPIO_ReadPin
    i2c.o(i.Start) refers to stm32l4xx_hal_gpio.o(i.HAL_GPIO_WritePin) for HAL_GPIO_WritePin
    i2c.o(i.Start) refers to tim.o(i.Delay_us) for Delay_us
    i2c.o(i.Stop) refers to stm32l4xx_hal_gpio.o(i.HAL_GPIO_WritePin) for HAL_GPIO_WritePin
    i2c.o(i.Stop) refers to tim.o(i.Delay_us) for Delay_us
    i2c.o(i.Write_Byte) refers to stm32l4xx_hal_gpio.o(i.HAL_GPIO_WritePin) for HAL_GPIO_WritePin
    i2c.o(i.Write_Byte) refers to tim.o(i.Delay_us) for Delay_us
    i2c.o(i.Write_Byte) refers to stm32l4xx_hal_gpio.o(i.HAL_GPIO_ReadPin) for HAL_GPIO_ReadPin
    i2c.o(.data) refers to i2c.o(i.Init) for Init
    i2c.o(.data) refers to i2c.o(i.Start) for Start
    i2c.o(.data) refers to i2c.o(i.Stop) for Stop
    i2c.o(.data) refers to i2c.o(i.Write_Byte) for Write_Byte
    i2c.o(.data) refers to i2c.o(i.Read_Byte) for Read_Byte
    timer6.o(i.Timer6_Start_IT) refers to stm32l4xx_hal_tim.o(i.HAL_TIM_Base_Start_IT) for HAL_TIM_Base_Start_IT
    timer6.o(i.Timer6_Start_IT) refers to tim.o(.bss) for htim6
    timer6.o(.data) refers to timer6.o(i.Timer6_Start_IT) for Timer6_Start_IT
    uart3.o(i.SendArray) refers to stm32l4xx_hal_uart.o(i.HAL_UART_Transmit_DMA) for HAL_UART_Transmit_DMA
    uart3.o(i.SendArray) refers to usart.o(.bss) for huart3
    uart3.o(i.SendString) refers to strlen.o(.text) for strlen
    uart3.o(i.SendString) refers to stm32l4xx_hal_uart.o(i.HAL_UART_Transmit_DMA) for HAL_UART_Transmit_DMA
    uart3.o(i.SendString) refers to usart.o(.bss) for huart3
    uart3.o(.data) refers to uart3.o(.bss) for ucSend_Buffer
    uart3.o(.data) refers to uart3.o(i.SendArray) for SendArray
    uart3.o(.data) refers to uart3.o(i.SendString) for SendString
    uart3.o(.data) refers to uart3.o(i.RS485_Set_SendMode) for RS485_Set_SendMode
    uart3.o(.data) refers to uart3.o(i.RS485_Set_RecMode) for RS485_Set_RecMode
    sht30.o(i.Measure_Period_Mode) refers to sht30.o(i.CRC_8) for CRC_8
    sht30.o(i.Measure_Period_Mode) refers to i2c.o(.data) for I2C_Soft
    sht30.o(i.Measure_Period_Mode) refers to timer6.o(.data) for Timer6
    sht30.o(i.Measure_Period_Mode) refers to sht30.o(.data) for SHT30
    sht30.o(i.SHT30_Init) refers to thread.o(i.rt_thread_init) for rt_thread_init
    sht30.o(i.SHT30_Init) refers to thread.o(i.rt_thread_startup) for rt_thread_startup
    sht30.o(i.SHT30_Init) refers to kservice.o(i.rt_kprintf) for rt_kprintf
    sht30.o(i.SHT30_Init) refers to sht30.o(.bss) for SHT30_ThreadStack
    sht30.o(i.SHT30_Init) refers to sht30.o(i.SHT30_Thread_Entry) for SHT30_Thread_Entry
    sht30.o(i.SHT30_Thread_Entry) refers to sht30.o(i.Measure_Period_Mode) for Measure_Period_Mode
    sht30.o(i.SHT30_Thread_Entry) refers to kservice.o(i.rt_kprintf) for rt_kprintf
[...]
    .constdata                               0x0800822c   Section       72  system_stm32l4xx.o(.constdata)
    .constdata                               0x08008274   Section      290  kservice.o(.constdata)
    small_digits                             0x08008374   Data          17  kservice.o(.constdata)
    large_digits                             0x08008385   Data          17  kservice.o(.constdata)
    .rti_fn.0                                0x08008398   Section        4  components.o(.rti_fn.0)
    __tagsym$$used                           0x08008398   Number         0  components.o(.rti_fn.0)
    .rti_fn.0.end                            0x0800839c   Section        4  components.o(.rti_fn.0.end)
    __tagsym$$used                           0x0800839c   Number         0  components.o(.rti_fn.0.end)
    .rti_fn.1                                0x080083a0   Section        4  board.o(.rti_fn.1)
    __tagsym$$used                           0x080083a0   Number         0  board.o(.rti_fn.1)
    .rti_fn.1.end                            0x080083a4   Section        4  components.o(.rti_fn.1.end)
    __tagsym$$used                           0x080083a4   Number         0  components.o(.rti_fn.1.end)
    .rti_fn.6.end                            0x080083a8   Section        4  components.o(.rti_fn.6.end)
    __tagsym$$used                           0x080083a8   Number         0  components.o(.rti_fn.6.end)
    .data                                    0x20000000   Section       20  i2c.o(.data)
    .data                                    0x20000014   Section       12  timer6.o(.data)
    .data                                    0x20000020   Section       28  uart3.o(.data)
    .data                                    0x2000003c   Section       16  sht30.o(.data)
    .data                                    0x2000004c   Section       12  brightness.o(.data)
    .data                                    0x20000058   Section       12  powerled.o(.data)
    .data                                    0x20000064   Section       12  relay.o(.data)
    .data                                    0x20000070   Section       20  fan.o(.data)
    .data                                    0x20000084   Section       36  esp8266.o(.data)
    .data                                    0x200000a8   Section       12  mq_2.o(.data)
    .data                                    0x200000b4   Section        6  main.o(.data)
    .data                                    0x200000bc   Section        9  stm32l4xx_hal.o(.data)
    .data                                    0x200000c8   Section        4  system_stm32l4xx.o(.data)
    .data                                    0x200000cc   Section        4  clock.o(.data)
    rt_tick                                  0x200000cc   Data           4  clock.o(.data)
    .data                                    0x200000d0   Section        1  irq.o(.data)
    .data                                    0x200000d4   Section       48  object.o(.data)
    rt_object_container                      0x200000d4   Data          48  object.o(.data)
    .data                                    0x20000104   Section       20  scheduler.o(.data)
    rt_scheduler_lock_nest                   0x20000106   Data           2  scheduler.o(.data)
    .data                                    0x20000118   Section       12  timer.o(.data)
    random_nr                                0x20000118   Data           4  timer.o(.data)
    rt_timer_list                            0x2000011c   Data           8  timer.o(.data)
    .data                                    0x20000124   Section        4  cpuport.o(.data)
    rt_exception_hook                        0x20000124   Data           4  cpuport.o(.data)
    .data                                    0x20000128   Section        4  cpuport.o(.data)
    .data                                    0x2000012c   Section        4  cpuport.o(.data)
    .data                                    0x20000130   Section        4  cpuport.o(.data)
    .data                                    0x20000134   Section        4  stdout.o(.data)
    .bss                                     0x20000138   Section      214  uart3.o(.bss)
    ucSend_Buffer                            0x20000138   Data          64  uart3.o(.bss)
    ucRec_Buffer                             0x20000178   Data         150  uart3.o(.bss)
    .bss                                     0x20000210   Section     2168  sht30.o(.bss)
    SHT30_ThreadStack                        0x20000210   Data        2048  sht30.o(.bss)
    SHT30_Thread                             0x20000a10   Data         120  sht30.o(.bss)
    .bss                                     0x20000a88   Section     1144  brightness.o(.bss)
    BRIGHT_STACK                             0x20000a88   Data        1024  brightness.o(.bss)
    Bright_Thread                            0x20000e88   Data         120  brightness.o(.bss)
    .bss                                     0x20000f00   Section     4216  esp8266.o(.bss)
    ESP8266_Stack                            0x20000f00   Data        4096  esp8266.o(.bss)
    ESP8266_Thread                           0x20001f00   Data         120  esp8266.o(.bss)
    .bss                                     0x20001f78   Section     1144  mq_2.o(.bss)
    MQ_2_Stack                               0x20001f78   Data        1024  mq_2.o(.bss)
    MQ_2_Thread                              0x20002378   Data         120  mq_2.o(.bss)
    .bss                                     0x200023f0   Section      172  adc.o(.bss)
    .bss                                     0x2000249c   Section      228  tim.o(.bss)
    .bss                                     0x20002580   Section      408  usart.o(.bss)
    .bss                                     0x20002718   Section       76  stm32l4xx_hal_timebase_tim.o(.bss)
    .bss                                     0x20002768   Section     1144  components.o(.bss)
    main_stack                               0x20002768   Data        1024  components.o(.bss)
    .bss                                     0x20002be0   Section      248  idle.o(.bss)
    idle                                     0x20002be0   Data         120  idle.o(.bss)
    rt_thread_stack                          0x20002c58   Data         128  idle.o(.bss)
    .bss                                     0x20002cd8   Section      128  kservice.o(.bss)
    rt_log_buf                               0x20002cd8   Data         128  kservice.o(.bss)
    .bss                                     0x20002d58   Section      256  scheduler.o(.bss)
    .bss                                     0x20002e58   Section      132  board.o(.bss)
    UartHandle                               0x20002e58   Data         132  board.o(.bss)
    STACK                                    0x20002ee0   Section     2048  startup_stm32l431xx.o(STACK)

    Global Symbols

    Symbol Name                              Value     Ov Type        Size  Object(Section)

    BuildAttributes$$THM_ISAv4$E$P$D$K$B$S$7EM$VFPi3$EXTD16$VFPS$VFMA$PE$A:L22UL41UL21$X:L11$S22US41US21$IEEE1$IW$USESV6$~STKCKD$USESV7$~SHL$OTIME$ROPI$EBA8$MICROLIB$REQ8$PRES8$EABIv2 0x00000000   Number         0  anon$$obj.o ABSOLUTE
    __ARM_use_no_argv                        0x00000000   Number         0  main.o ABSOLUTE
    _printf_a                                0x00000000   Number         0  stubs.o ABSOLUTE
    _printf_c                                0x00000000   Number         0  stubs.o ABSOLUTE
    _printf_charcount                        0x00000000   Number         0  stubs.o ABSOLUTE
    _printf_d                                0x00000000   Number         0  stubs.o ABSOLUTE
    _printf_e                                0x00000000   Number         0  stubs.o ABSOLUTE
    _printf_f                                0x00000000   Number         0  stubs.o ABSOLUTE
    _printf_flags                            0x00000000   Number         0  stubs.o ABSOLUTE
    _printf_fp_dec                           0x00000000   Number         0  stubs.o ABSOLUTE
    _printf_fp_hex                           0x00000000   Number         0  stubs.o ABSOLUTE
    _printf_g                                0x00000000   Number         0  stubs.o ABSOLUTE
    _printf_i                                0x00000000   Number         0  stubs.o ABSOLUTE
    _printf_int_dec                          0x00000000   Number         0  stubs.o ABSOLUTE
    _printf_l                                0x00000000   Number         0  stubs.o ABSOLUTE
    _printf_lc                               0x00000000   Number         0  stubs.o ABSOLUTE
    _printf_ll                               0x00000000   Number         0  stubs.o ABSOLUTE
    _printf_lld                              0x00000000   Number         0  stubs.o ABSOLUTE
    _printf_lli                              0x00000000   Number         0  stubs.o ABSOLUTE
    _printf_llo                              0x00000000   Number         0  stubs.o ABSOLUTE
    _printf_llu                              0x00000000   Number         0  stubs.o ABSOLUTE
    _printf_llx                              0x00000000   Number         0  stubs.o ABSOLUTE
    _printf_longlong_dec                     0x00000000   Number         0  stubs.o ABSOLUTE
    _printf_longlong_hex                     0x00000000   Number         0  stubs.o ABSOLUTE
    _printf_longlong_oct                     0x00000000   Number         0  stubs.o ABSOLUTE
    _printf_ls                               0x00000000   Number         0  stubs.o ABSOLUTE
    _printf_mbtowc                           0x00000000   Number         0  stubs.o ABSOLUTE
    _printf_n                                0x00000000   Number         0  stubs.o ABSOLUTE
    _printf_o                                0x00000000   Number         0  stubs.o ABSOLUTE
    _printf_p                                0x00000000   Number         0  stubs.o ABSOLUTE
    _printf_percent                          0x00000000   Number         0  stubs.o ABSOLUTE
    _printf_pre_padding                      0x00000000   Number         0  stubs.o ABSOLUTE
    _printf_return_value                     0x00000000   Number         0  stubs.o ABSOLUTE
    _printf_s                                0x00000000   Number         0  stubs.o ABSOLUTE
    _printf_sizespec                         0x00000000   Number         0  stubs.o ABSOLUTE
    _printf_str                              0x00000000   Number         0  stubs.o ABSOLUTE
    _printf_truncate_signed                  0x00000000   Number         0  stubs.o ABSOLUTE
    _printf_truncate_unsigned                0x00000000   Number         0  stubs.o ABSOLUTE
    _printf_u                                0x00000000   Number         0  stubs.o ABSOLUTE
    _printf_wc                               0x00000000   Number         0  stubs.o ABSOLUTE
    _printf_wctomb                           0x00000000   Number         0  stubs.o ABSOLUTE
    _printf_widthprec                        0x00000000   Number         0  stubs.o ABSOLUTE
    _printf_x                                0x00000000   Number         0  stubs.o ABSOLUTE
    __arm_fini_                               - Undefined Weak Reference
    __cpp_initialize__aeabi_                  - Undefined Weak Reference
    __cxa_finalize                            - Undefined Weak Reference
    _clock_init                               - Undefined Weak Reference
    _microlib_exit                            - Undefined Weak Reference
    __Vectors_Size                           0x0000018c   Number         0  startup_stm32l431xx.o ABSOLUTE
    __Vectors                                0x08000000   Data           4  startup_stm32l431xx.o(RESET)
    __Vectors_End                            0x0800018c   Data           0  startup_stm32l431xx.o(RESET)
    __main                                   0x0800018d   Thumb Code     0  entry.o(.ARM.Collect$$$$00000000)
    _main_stk                                0x0800018d   Thumb Code     0  entry2.o(.ARM.Collect$$$$00000001)
    _main_scatterload                        0x08000191   Thumb Code     0  entry5.o(.ARM.Collect$$$$00000004)
    __main_after_scatterload                 0x08000195   Thumb Code     0  entry5.o(.ARM.Collect$$$$00000004)
    _main_clock                              0x08000195   Thumb Code     0  entry7b.o(.ARM.Collect$$$$00000008)
    _main_cpp_init                           0x08000195   Thumb Code     0  entry8b.o(.ARM.Collect$$$$0000000A)
    _main_init                               0x08000195   Thumb Code     0  entry9a.o(.ARM.Collect$$$$0000000B)
    __rt_lib_shutdown_fini                   0x0800019d   Thumb Code     0  entry12b.o(.ARM.Collect$$$$0000000E)
    __rt_final_cpp                           0x080001a1   Thumb Code     0  entry10a.o(.ARM.Collect$$$$0000000F)
    __rt_final_exit                          0x080001a1   Thumb Code     0  entry11a.o(.ARM.Collect$$$$00000011)
    Reset_Handler                            0x080001a5   Thumb Code     8  startup_stm32l431xx.o(.text)
    SVC_Handler                              0x080001b7   Thumb Code     2  startup_stm32l431xx.o(.text)
    ADC1_IRQHandler                          0x080001bf   Thumb Code     0  startup_stm32l431xx.o(.text)
    CAN1_RX0_IRQHandler                      0x080001bf   Thumb Code     0  startup_stm32l431xx.o(.text)
    CAN1_RX1_IRQHandler                      0x080001bf   Thumb Code     0  startup_stm32l431xx.o(.text)
    CAN1_SCE_IRQHandler                      0x080001bf   Thumb Code     0  startup_stm32l431xx.o(.text)
    CAN1_TX_IRQHandler                       0x080001bf   Thumb Code     0  startup_stm32l431xx.o(.text)
    COMP_IRQHandler                          0x080001bf   Thumb Code     0  startup_stm32l431xx.o(.text)
    CRS_IRQHandler                           0x080001bf   Thumb Code     0  startup_stm32l431xx.o(.text)
    DMA1_Channel1_IRQHandler                 0x080001bf   Thumb Code     0  startup_stm32l431xx.o(.text)
    DMA1_Channel4_IRQHandler                 0x080001bf   Thumb Code     0  startup_stm32l431xx.o(.text)
    DMA1_Channel5_IRQHandler                 0x080001bf   Thumb Code     0  startup_stm32l431xx.o(.text)
    DMA1_Channel6_IRQHandler                 0x080001bf   Thumb Code     0  startup_stm32l431xx.o(.text)
    DMA1_Channel7_IRQHandler                 0x080001bf   Thumb Code     0  startup_stm32l431xx.o(.text)
    DMA2_Channel1_IRQHandler                 0x080001bf   Thumb Code     0  startup_stm32l431xx.o(.text)
    DMA2_Channel2_IRQHandler                 0x080001bf   Thumb Code     0  startup_stm32l431xx.o(.text)
    DMA2_Channel3_IRQHandler                 0x080001bf   Thumb Code     0  startup_stm32l431xx.o(.text)
    DMA2_Channel4_IRQHandler                 0x080001bf   Thumb Code     0  startup_stm32l431xx.o(.text)
    DMA2_Channel5_IRQHandler                 0x080001bf   Thumb Code     0  startup_stm32l431xx.o(.text)
    DMA2_Channel6_IRQHandler                 0x080001bf   Thumb Code     0  startup_stm32l431xx.o(.text)
    DMA2_Channel7_IRQHandler                 0x080001bf   Thumb Code     0  startup_stm32l431xx.o(.text)
    EXTI0_IRQHandler                         0x080001bf   Thumb Code     0  startup_stm32l431xx.o(.text)
    EXTI15_10_IRQHandler                     0x080001bf   Thumb Code     0  startup_stm32l431xx.o(.text)
    EXTI1_IRQHandler                         0x080001bf   Thumb Code     0  startup_stm32l431xx.o(.text)
    EXTI2_IRQHandler                         0x080001bf   Thumb Code     0  startup_stm32l431xx.o(.text)
    EXTI3_IRQHandler                         0x080001bf   Thumb Code     0  startup_stm32l431xx.o(.text)
    EXTI4_IRQHandler                         0x080001bf   Thumb Code     0  startup_stm32l431xx.o(.text)
    EXTI9_5_IRQHandler                       0x080001bf   Thumb Code     0  startup_stm32l431xx.o(.text)
    FLASH_IRQHandler                         0x080001bf   Thumb Code     0  startup_stm32l431xx.o(.text)
    FPU_IRQHandler                           0x080001bf   Thumb Code     0  startup_stm32l431xx.o(.text)
    I2C1_ER_IRQHandler                       0x080001bf   Thumb Code     0  startup_stm32l431xx.o(.text)
    I2C1_EV_IRQHandler                       0x080001bf   Thumb Code     0  startup_stm32l431xx.o(.text)
    I2C2_ER_IRQHandler                       0x080001bf   Thumb Code     0  startup_stm32l431xx.o(.text)
    I2C2_EV_IRQHandler                       0x080001bf   Thumb Code     0  startup_stm32l431xx.o(.text)
    I2C3_ER_IRQHandler                       0x080001bf   Thumb Code     0  startup_stm32l431xx.o(.text)
    I2C3_EV_IRQHandler                       0x080001bf   Thumb Code     0  startup_stm32l431xx.o(.text)
    LPTIM1_IRQHandler                        0x080001bf   Thumb Code     0  startup_stm32l431xx.o(.text)
    LPTIM2_IRQHandler                        0x080001bf   Thumb Code     0  startup_stm32l431xx.o(.text)
    LPUART1_IRQHandler                       0x080001bf   Thumb Code     0  startup_stm32l431xx.o(.text)
    PVD_PVM_IRQHandler                       0x080001bf   Thumb Code     0  startup_stm32l431xx.o(.text)
    QUADSPI_IRQHandler                       0x080001bf   Thumb Code     0  startup_stm32l431xx.o(.text)
    RCC_IRQHandler                           0x080001bf   Thumb Code     0  startup_stm32l431xx.o(.text)
    RNG_IRQHandler                           0x080001bf   Thumb Code     0  startup_stm32l431xx.o(.text)
    RTC_Alarm_IRQHandler                     0x080001bf   Thumb Code     0  startup_stm32l431xx.o(.text)
    RTC_WKUP_IRQHandler                      0x080001bf   Thumb Code     0  startup_stm32l431xx.o(.text)
    SAI1_IRQHandler                          0x080001bf   Thumb Code     0  startup_stm32l431xx.o(.text)
    SDMMC1_IRQHandler                        0x080001bf   Thumb Code     0  startup_stm32l431xx.o(.text)
    SPI1_IRQHandler                          0x080001bf   Thumb Code     0  startup_stm32l431xx.o(.text)
    SPI2_IRQHandler                          0x080001bf   Thumb Code     0  startup_stm32l431xx.o(.text)
    SPI3_IRQHandler                          0x080001bf   Thumb Code     0  startup_stm32l431xx.o(.text)
    SWPMI1_IRQHandler                        0x080001bf   Thumb Code     0  startup_stm32l431xx.o(.text)
    TAMP_STAMP_IRQHandler                    0x080001bf   Thumb Code     0  startup_stm32l431xx.o(.text)
    TIM1_BRK_TIM15_IRQHandler                0x080001bf   Thumb Code     0  startup_stm32l431xx.o(.text)
    TIM1_CC_IRQHandler                       0x080001bf   Thumb Code     0  startup_stm32l431xx.o(.text)
    TIM1_TRG_COM_IRQHandler                  0x080001bf   Thumb Code     0  startup_stm32l431xx.o(.text)
    TIM2_IRQHandler                          0x080001bf   Thumb Code     0  startup_stm32l431xx.o(.text)
    TIM7_IRQHandler                          0x080001bf   Thumb Code     0  startup_stm32l431xx.o(.text)
    TSC_IRQHandler                           0x080001bf   Thumb Code     0  startup_stm32l431xx.o(.text)
    USART2_IRQHandler                        0x080001bf   Thumb Code     0  startup_stm32l431xx.o(.text)
    WWDG_IRQHandler                          0x080001bf   Thumb Code     0  startup_stm32l431xx.o(.text)
    rt_hw_interrupt_disable                  0x080001c9   Thumb Code     8  context_rvds.o(.text)
    rt_hw_interrupt_enable                   0x080001d1   Thumb Code     6  context_rvds.o(.text)
    rt_hw_context_switch                     0x080001d7   Thumb Code    32  context_rvds.o(.text)
    rt_hw_context_switch_interrupt           0x080001d7   Thumb Code     0  context_rvds.o(.text)
    PendSV_Handler                           0x080001f7   Thumb Code   108  context_rvds.o(.text)
    rt_hw_context_switch_to                  0x08000263   Thumb Code    68  context_rvds.o(.text)
    rt_hw_interrupt_thread_switch            0x080002a7   Thumb Code     2  context_rvds.o(.text)
    HardFault_Handler                        0x080002a9   Thumb Code    56  context_rvds.o(.text)
    __aeabi_uldivmod                         0x08000309   Thumb Code    98  uldiv.o(.text)
    __aeabi_memset                           0x08000371   Thumb Code    14  memseta.o(.text)
    __aeabi_memset4                          0x08000371   Thumb Code     0  memseta.o(.text)
    __aeabi_memset8                          0x08000371   Thumb Code     0  memseta.o(.text)
    __aeabi_memclr                           0x0800037f   Thumb Code     4  memseta.o(.text)
    __aeabi_memclr4                          0x0800037f   Thumb Code     0  memseta.o(.text)
    __aeabi_memclr8                          0x0800037f   Thumb Code     0  memseta.o(.text)
    _memset$wrapper                          0x08000383   Thumb Code    18  memseta.o(.text)
    strstr                                   0x08000395   Thumb Code    36  strstr.o(.text)
    strlen                                   0x080003b9   Thumb Code    14  strlen.o(.text)
    __aeabi_f2d                              0x080003c7   Thumb Code    38  f2d.o(.text)
    __aeabi_uidiv                            0x080003ed   Thumb Code     0  uidiv.o(.text)
    __aeabi_uidivmod                         0x080003ed   Thumb Code    44  uidiv.o(.text)
    __aeabi_llsl                             0x08000419   Thumb Code    30  llshl.o(.text)
    _ll_shift_l                              0x08000419   Thumb Code     0  llshl.o(.text)
    __aeabi_llsr                             0x08000437   Thumb Code    32  llushr.o(.text)
    _ll_ushift_r                             0x08000437   Thumb Code     0  llushr.o(.text)
    __I$use$fp                               0x08000457   Thumb Code     0  iusefp.o(.text)
    __aeabi_dadd                             0x08000457   Thumb Code   322  dadd.o(.text)
    __aeabi_dsub                             0x08000599   Thumb Code     6  dadd.o(.text)
    __aeabi_drsub                            0x0800059f   Thumb Code     6  dadd.o(.text)
    __aeabi_dmul                             0x080005b5   Thumb Code   228  dmul.o(.text)
    __aeabi_ddiv                             0x0800069f   Thumb Code   222  ddiv.o(.text)
    __aeabi_d2ulz                            0x0800077d   Thumb Code    48  dfixul.o(.text)
    __aeabi_cdrcmple                         0x080007ad   Thumb Code    48  cdrcmple.o(.text)
    __scatterload                            0x080007dd   Thumb Code    28  init.o(.text)
    __scatterload_rt2                        0x080007dd   Thumb Code     0  init.o(.text)
    __aeabi_lasr                             0x08000801   Thumb Code    36  llsshr.o(.text)
    _ll_sshift_r                             0x08000801   Thumb Code     0  llsshr.o(.text)
    _double_round                            0x08000825   Thumb Code    30  depilogue.o(.text)
    _double_epilogue                         0x08000843   Thumb Code   156  depilogue.o(.text)
    __decompress                             0x080008df   Thumb Code     0  __dczerorl2.o(.text)
    __decompress1                            0x080008df   Thumb Code    86  __dczerorl2.o(.text)
    main                                     0x08000935   Thumb Code    10  components.o(i.$Sub$$main)
    ADC_DMAConvCplt                          0x0800093f   Thumb Code   146  stm32l4xx_hal_adc.o(i.ADC_DMAConvCplt)
    ADC_DMAError                             0x080009d1   Thumb Code    30  stm32l4xx_hal_adc.o(i.ADC_DMAError)
    ADC_DMAHalfConvCplt                      0x080009ef   Thumb Code    14  stm32l4xx_hal_adc.o(i.ADC_DMAHalfConvCplt)
    ADC_Disable                              0x080009fd   Thumb Code   142  stm32l4xx_hal_adc.o(i.ADC_Disable)
    ADC_Enable                               0x08000a91   Thumb Code   182  stm32l4xx_hal_adc.o(i.ADC_Enable)
    BusFault_Handler                         0x08000c49   Thumb Code     4  stm32l4xx_it.o(i.BusFault_Handler)
    DMA1_Channel2_IRQHandler                 0x08000c8d   Thumb Code    18  stm32l4xx_it.o(i.DMA1_Channel2_IRQHandler)
    DMA1_Channel3_IRQHandler                 0x08000ca5   Thumb Code    18  stm32l4xx_it.o(i.DMA1_Channel3_IRQHandler)
    DebugMon_Handler                         0x08000d15   Thumb Code     2  stm32l4xx_it.o(i.DebugMon_Handler)
    Delay_us                                 0x08000d19   Thumb Code    60  tim.o(i.Delay_us)
    Error_Handler                            0x08000da1   Thumb Code     6  main.o(i.Error_Handler)
    HAL_ADCEx_Calibration_Start              0x08000df5   Thumb Code   166  stm32l4xx_hal_adc_ex.o(i.HAL_ADCEx_Calibration_Start)
    HAL_ADC_ConfigChannel                    0x08000ea1   Thumb Code  1202  stm32l4xx_hal_adc.o(i.HAL_ADC_ConfigChannel)
    HAL_ADC_ConvCpltCallback                 0x08001373   Thumb Code     2  stm32l4xx_hal_adc.o(i.HAL_ADC_ConvCpltCallback)
    HAL_ADC_ConvHalfCpltCallback             0x08001375   Thumb Code     2  stm32l4xx_hal_adc.o(i.HAL_ADC_ConvHalfCpltCallback)
    HAL_ADC_ErrorCallback                    0x08001377   Thumb Code     2  stm32l4xx_hal_adc.o(i.HAL_ADC_ErrorCallback)
    HAL_ADC_Init                             0x08001379   Thumb Code   484  stm32l4xx_hal_adc.o(i.HAL_ADC_Init)
    HAL_ADC_MspInit                          0x08001579   Thumb Code   214  adc.o(i.HAL_ADC_MspInit)
    HAL_ADC_Start_DMA                        0x08001665   Thumb Code   192  stm32l4xx_hal_adc.o(i.HAL_ADC_Start_DMA)
    HAL_DMA_Abort                            0x08001731   Thumb Code    90  stm32l4xx_hal_dma.o(i.HAL_DMA_Abort)
    HAL_DMA_Abort_IT                         0x0800178b   Thumb Code    92  stm32l4xx_hal_dma.o(i.HAL_DMA_Abort_IT)
    HAL_DMA_GetError                         0x080017e7   Thumb Code     6  stm32l4xx_hal_dma.o(i.HAL_DMA_GetError)
    HAL_DMA_IRQHandler                       0x080017ed   Thumb Code   254  stm32l4xx_hal_dma.o(i.HAL_DMA_IRQHandler)
    HAL_DMA_Init                             0x080018ed   Thumb Code   258  stm32l4xx_hal_dma.o(i.HAL_DMA_Init)
    HAL_DMA_Start_IT                         0x080019f9   Thumb Code   156  stm32l4xx_hal_dma.o(i.HAL_DMA_Start_IT)
    HAL_Delay                                0x08001a95   Thumb Code    36  stm32l4xx_hal.o(i.HAL_Delay)
    HAL_GPIO_Init                            0x08001abd   Thumb Code   418  stm32l4xx_hal_gpio.o(i.HAL_GPIO_Init)
    HAL_GPIO_ReadPin                         0x08001c7d   Thumb Code    16  stm32l4xx_hal_gpio.o(i.HAL_GPIO_ReadPin)
    HAL_GPIO_TogglePin                       0x08001c8d   Thumb Code    20  stm32l4xx_hal_gpio.o(i.HAL_GPIO_TogglePin)
    HAL_GPIO_WritePin                        0x08001ca1   Thumb Code    10  stm32l4xx_hal_gpio.o(i.HAL_GPIO_WritePin)
    HAL_GetTick                              0x08001cad   Thumb Code     6  stm32l4xx_hal.o(i.HAL_GetTick)
    HAL_IncTick                              0x08001cb9   Thumb Code    16  stm32l4xx_hal.o(i.HAL_IncTick)
    HAL_Init                                 0x08001cd1   Thumb Code    30  stm32l4xx_hal.o(i.HAL_Init)
    HAL_InitTick                             0x08001cf1   Thumb Code   134  stm32l4xx_hal_timebase_tim.o(i.HAL_InitTick)
    HAL_MspInit                              0x08001d8d   Thumb Code    64  stm32l4xx_hal_msp.o(i.HAL_MspInit)
    HAL_NVIC_EnableIRQ                       0x08001dd1   Thumb Code    40  stm32l4xx_hal_cortex.o(i.HAL_NVIC_EnableIRQ)
    HAL_NVIC_SetPriority                     0x08001df9   Thumb Code   124  stm32l4xx_hal_cortex.o(i.HAL_NVIC_SetPriority)
    HAL_NVIC_SetPriorityGrouping             0x08001e7d   Thumb Code    32  stm32l4xx_hal_cortex.o(i.HAL_NVIC_SetPriorityGrouping)
    HAL_PWREx_ControlVoltageScaling          0x08001ea5   Thumb Code   128  stm32l4xx_hal_pwr_ex.o(i.HAL_PWREx_ControlVoltageScaling)
    HAL_PWREx_GetVoltageRange                0x08001f31   Thumb Code    10  stm32l4xx_hal_pwr_ex.o(i.HAL_PWREx_GetVoltageRange)
    HAL_RCCEx_PeriphCLKConfig                0x08001f41   Thumb Code   894  stm32l4xx_hal_rcc_ex.o(i.HAL_RCCEx_PeriphCLKConfig)
    HAL_RCC_ClockConfig                      0x080022c9   Thumb Code   414  stm32l4xx_hal_rcc.o(i.HAL_RCC_ClockConfig)
    HAL_RCC_GetClockConfig                   0x0800247d   Thumb Code    58  stm32l4xx_hal_rcc.o(i.HAL_RCC_GetClockConfig)
    HAL_RCC_GetHCLKFreq                      0x080024c1   Thumb Code     6  stm32l4xx_hal_rcc.o(i.HAL_RCC_GetHCLKFreq)
    HAL_RCC_GetPCLK1Freq                     0x080024cd   Thumb Code    26  stm32l4xx_hal_rcc.o(i.HAL_RCC_GetPCLK1Freq)
    HAL_RCC_GetPCLK2Freq                     0x080024f1   Thumb Code    26  stm32l4xx_hal_rcc.o(i.HAL_RCC_GetPCLK2Freq)
    HAL_RCC_GetSysClockFreq                  0x08002515   Thumb Code   220  stm32l4xx_hal_rcc.o(i.HAL_RCC_GetSysClockFreq)
    HAL_RCC_OscConfig                        0x08002601   Thumb Code  1856  stm32l4xx_hal_rcc.o(i.HAL_RCC_OscConfig)
    HAL_SYSTICK_Config                       0x08002d51   Thumb Code    52  stm32l4xx_hal_cortex.o(i.HAL_SYSTICK_Config)
    HAL_TIMEx_Break2Callback                 0x08002d85   Thumb Code     2  stm32l4xx_hal_tim_ex.o(i.HAL_TIMEx_Break2Callback)
    HAL_TIMEx_BreakCallback                  0x08002d87   Thumb Code     2  stm32l4xx_hal_tim_ex.o(i.HAL_TIMEx_BreakCallback)
    HAL_TIMEx_CommutCallback                 0x08002d89   Thumb Code     2  stm32l4xx_hal_tim_ex.o(i.HAL_TIMEx_CommutCallback)
    HAL_TIMEx_MasterConfigSynchronization    0x08002d8d   Thumb Code   126  stm32l4xx_hal_tim_ex.o(i.HAL_TIMEx_MasterConfigSynchronization)
    HAL_TIM_Base_Init                        0x08002e15   Thumb Code   110  stm32l4xx_hal_tim.o(i.HAL_TIM_Base_Init)
    HAL_TIM_Base_MspInit                     0x08002e85   Thumb Code   132  tim.o(i.HAL_TIM_Base_MspInit)
    HAL_TIM_Base_Start_IT                    0x08002f15   Thumb Code   106  stm32l4xx_hal_tim.o(i.HAL_TIM_Base_Start_IT)
    HAL_TIM_ConfigClockSource                0x08002f8d   Thumb Code   268  stm32l4xx_hal_tim.o(i.HAL_TIM_ConfigClockSource)
    HAL_TIM_IC_CaptureCallback               0x0800309d   Thumb Code     2  stm32l4xx_hal_tim.o(i.HAL_TIM_IC_CaptureCallback)
    HAL_TIM_IRQHandler                       0x0800309f   Thumb Code   440  stm32l4xx_hal_tim.o(i.HAL_TIM_IRQHandler)
    HAL_TIM_MspPostInit                      0x08003259   Thumb Code    82  tim.o(i.HAL_TIM_MspPostInit)
    HAL_TIM_OC_DelayElapsedCallback          0x080032b1   Thumb Code     2  stm32l4xx_hal_tim.o(i.HAL_TIM_OC_DelayElapsedCallback)
    HAL_TIM_PWM_ConfigChannel                0x080032b3   Thumb Code   368  stm32l4xx_hal_tim.o(i.HAL_TIM_PWM_ConfigChannel)
    HAL_TIM_PWM_Init                         0x08003423   Thumb Code   110  stm32l4xx_hal_tim.o(i.HAL_TIM_PWM_Init)
    HAL_TIM_PWM_MspInit                      0x08003491   Thumb Code     2  stm32l4xx_hal_tim.o(i.HAL_TIM_PWM_MspInit)
    HAL_TIM_PWM_PulseFinishedCallback        0x08003493   Thumb Code     2  stm32l4xx_hal_tim.o(i.HAL_TIM_PWM_PulseFinishedCallback)
    HAL_TIM_PWM_Start                        0x08003495   Thumb Code   258  stm32l4xx_hal_tim.o(i.HAL_TIM_PWM_Start)
    HAL_TIM_PeriodElapsedCallback            0x080035a9   Thumb Code    86  main.o(i.HAL_TIM_PeriodElapsedCallback)
    HAL_TIM_TriggerCallback                  0x08003611   Thumb Code     2  stm32l4xx_hal_tim.o(i.HAL_TIM_TriggerCallback)
    HAL_UARTEx_RxEventCallback               0x08003613   Thumb Code     2  stm32l4xx_hal_uart.o(i.HAL_UARTEx_RxEventCallback)
    HAL_UARTEx_WakeupCallback                0x08003615   Thumb Code     2  stm32l4xx_hal_uart_ex.o(i.HAL_UARTEx_WakeupCallback)
    HAL_UART_DMAStop                         0x08003617   Thumb Code   180  stm32l4xx_hal_uart.o(i.HAL_UART_DMAStop)
    HAL_UART_ErrorCallback                   0x080036cb   Thumb Code     2  stm32l4xx_hal_uart.o(i.HAL_UART_ErrorCallback)
    HAL_UART_IRQHandler                      0x080036cd   Thumb Code   832  stm32l4xx_hal_uart.o(i.HAL_UART_IRQHandler)
    HAL_UART_IdleCallback                    0x08003a15   Thumb Code    22  usart.o(i.HAL_UART_IdleCallback)
    HAL_UART_Init                            0x08003a35   Thumb Code   116  stm32l4xx_hal_uart.o(i.HAL_UART_Init)
    HAL_UART_MspInit                         0x08003aa9   Thumb Code   400  usart.o(i.HAL_UART_MspInit)
    HAL_UART_Receive_DMA                     0x08003c55   Thumb Code   108  stm32l4xx_hal_uart.o(i.HAL_UART_Receive_DMA)
    HAL_UART_Receive_IT                      0x08003cc5   Thumb Code   108  stm32l4xx_hal_uart.o(i.HAL_UART_Receive_IT)
    HAL_UART_RxCpltCallback                  0x08003d35   Thumb Code    26  usart.o(i.HAL_UART_RxCpltCallback)
    HAL_UART_RxHalfCpltCallback              0x08003d5d   Thumb Code     2  stm32l4xx_hal_uart.o(i.HAL_UART_RxHalfCpltCallback)
    HAL_UART_Transmit                        0x08003d5f   Thumb Code   210  stm32l4xx_hal_uart.o(i.HAL_UART_Transmit)
    HAL_UART_Transmit_DMA                    0x08003e39   Thumb Code   186  stm32l4xx_hal_uart.o(i.HAL_UART_Transmit_DMA)
    HAL_UART_TxCpltCallback                  0x08003f01   Thumb Code     2  stm32l4xx_hal_uart.o(i.HAL_UART_TxCpltCallback)
    HAL_UART_TxHalfCpltCallback              0x08003f03   Thumb Code     2  stm32l4xx_hal_uart.o(i.HAL_UART_TxHalfCpltCallback)
    MX_ADC1_Init                             0x080041b5   Thumb Code   148  adc.o(i.MX_ADC1_Init)
    MX_DMA_Init                              0x08004259   Thumb Code    64  dma.o(i.MX_DMA_Init)
    MX_GPIO_Init                             0x0800429d   Thumb Code   262  gpio.o(i.MX_GPIO_Init)
    MX_TIM2_Init                             0x080043b1   Thumb Code   208  tim.o(i.MX_TIM2_Init)
    MX_TIM6_Init                             0x08004485   Thumb Code    68  tim.o(i.MX_TIM6_Init)
    MX_TIM7_Init                             0x080044d1   Thumb Code    68  tim.o(i.MX_TIM7_Init)
    MX_USART1_UART_Init                      0x0800451d   Thumb Code    56  usart.o(i.MX_USART1_UART_Init)
    MX_USART3_UART_Init                      0x0800455d   Thumb Code    56  usart.o(i.MX_USART3_UART_Init)
    MemManage_Handler                        0x0800472d   Thumb Code     4  stm32l4xx_it.o(i.MemManage_Handler)
    NMI_Handler                              0x08004731   Thumb Code     4  stm32l4xx_it.o(i.NMI_Handler)
    SysTick_Handler                          0x08004f3d   Thumb Code    18  board.o(i.SysTick_Handler)
    SystemClock_Config                       0x08004f4f   Thumb Code   114  main.o(i.SystemClock_Config)
    SystemCoreClockUpdate                    0x08004fc1   Thumb Code   200  system_stm32l4xx.o(i.SystemCoreClockUpdate)
    SystemInit                               0x080050a1   Thumb Code    14  system_stm32l4xx.o(i.SystemInit)
    TIM1_UP_TIM16_IRQHandler                 0x080053a9   Thumb Code    18  stm32l4xx_it.o(i.TIM1_UP_TIM16_IRQHandler)
    TIM6_DAC_IRQHandler                      0x080053c1   Thumb Code    18  stm32l4xx_it.o(i.TIM6_DAC_IRQHandler)
    TIM_Base_SetConfig                       0x080053d9   Thumb Code   104  stm32l4xx_hal_tim.o(i.TIM_Base_SetConfig)
    TIM_CCxChannelCmd                        0x0800544d   Thumb Code    34  stm32l4xx_hal_tim.o(i.TIM_CCxChannelCmd)
    TIM_ETR_SetConfig                        0x0800546f   Thumb Code    22  stm32l4xx_hal_tim.o(i.TIM_ETR_SetConfig)
    TIM_OC2_SetConfig                        0x08005521   Thumb Code   128  stm32l4xx_hal_tim.o(i.TIM_OC2_SetConfig)
    UART_AdvFeatureConfig                    0x08005869   Thumb Code   248  stm32l4xx_hal_uart.o(i.UART_AdvFeatureConfig)
    UART_CheckIdleState                      0x08005961   Thumb Code   114  stm32l4xx_hal_uart.o(i.UART_CheckIdleState)
    UART_SetConfig                           0x08005dc1   Thumb Code   722  stm32l4xx_hal_uart.o(i.UART_SetConfig)
    UART_Start_Receive_DMA                   0x080060b9   Thumb Code   198  stm32l4xx_hal_uart.o(i.UART_Start_Receive_DMA)
    UART_Start_Receive_IT                    0x0800618d   Thumb Code   242  stm32l4xx_hal_uart.o(i.UART_Start_Receive_IT)
    UART_WaitOnFlagUntilTimeout              0x08006289   Thumb Code   248  stm32l4xx_hal_uart.o(i.UART_WaitOnFlagUntilTimeout)
    USART1_IRQHandler                        0x08006381   Thumb Code    36  stm32l4xx_it.o(i.USART1_IRQHandler)
    USART3_IRQHandler                        0x080063a9   Thumb Code    44  stm32l4xx_it.o(i.USART3_IRQHandler)
    UsageFault_Handler                       0x080063d9   Thumb Code     4  stm32l4xx_it.o(i.UsageFault_Handler)
    __0printf                                0x08006481   Thumb Code    22  printfa.o(i.__0printf)
    __1printf                                0x08006481   Thumb Code     0  printfa.o(i.__0printf)
    __2printf                                0x08006481   Thumb Code     0  printfa.o(i.__0printf)
    __c89printf                              0x08006481   Thumb Code     0  printfa.o(i.__0printf)
    printf                                   0x08006481   Thumb Code     0  printfa.o(i.__0printf)
    __0sprintf                               0x080064a1   Thumb Code    34  printfa.o(i.__0sprintf)
    __1sprintf                               0x080064a1   Thumb Code     0  printfa.o(i.__0sprintf)
    __2sprintf                               0x080064a1   Thumb Code     0  printfa.o(i.__0sprintf)
    __c89sprintf                             0x080064a1   Thumb Code     0  printfa.o(i.__0sprintf)
    sprintf                                  0x080064a1   Thumb Code     0  printfa.o(i.__0sprintf)
    __rt_ffs                                 0x08006501   Thumb Code    66  kservice.o(i.__rt_ffs)
    __scatterload_copy                       0x08006549   Thumb Code    14  handlers.o(i.__scatterload_copy)
    __scatterload_null                       0x08006557   Thumb Code     2  handlers.o(i.__scatterload_null)
    __scatterload_zeroinit                   0x08006559   Thumb Code    14  handlers.o(i.__scatterload_zeroinit)
    fputc                                    0x08006ecd   Thumb Code    20  usart.o(i.fputc)
    $Super$$main                             0x08006ee5   Thumb Code   148  main.o(i.main)
    main_thread_entry                        0x08006fa9   Thumb Code    14  components.o(i.main_thread_entry)
    rt_application_init                      0x08007131   Thumb Code    52  components.o(i.rt_application_init)
    rt_components_board_init                 0x08007175   Thumb Code    22  components.o(i.rt_components_board_init)
    rt_components_init                       0x08007195   Thumb Code    22  components.o(i.rt_components_init)
    rt_enter_critical                        0x080071b5   Thumb Code    22  scheduler.o(i.rt_enter_critical)
    rt_exit_critical                         0x080071d1   Thumb Code    52  scheduler.o(i.rt_exit_critical)
    rt_hw_board_init                         0x08007209   Thumb Code    38  board.o(i.rt_hw_board_init)
    rt_hw_console_output                     0x08007231   Thumb Code    68  board.o(i.rt_hw_console_output)
    rt_hw_hard_fault_exception               0x08007279   Thumb Code   198  cpuport.o(i.rt_hw_hard_fault_exception)
    rt_hw_stack_init                         0x08007491   Thumb Code    62  cpuport.o(i.rt_hw_stack_init)
    rt_interrupt_enter                       0x080074d5   Thumb Code    22  irq.o(i.rt_interrupt_enter)
    rt_interrupt_leave                       0x080074f1   Thumb Code    22  irq.o(i.rt_interrupt_leave)
    rt_kprintf                               0x0800750d   Thumb Code    30  kservice.o(i.rt_kprintf)
    rt_memset                                0x08007531   Thumb Code    86  kservice.o(i.rt_memset)
    rt_object_detach                         0x08007587   Thumb Code    44  object.o(i.rt_object_detach)
    rt_object_get_information                0x080075b5   Thumb Code    30  object.o(i.rt_object_get_information)
    rt_object_init                           0x080075d9   Thumb Code    90  object.o(i.rt_object_init)
    rt_object_is_systemobject                0x08007633   Thumb Code    16  object.o(i.rt_object_is_systemobject)
    rt_schedule                              0x08007645   Thumb Code    88  scheduler.o(i.rt_schedule)
    rt_schedule_insert_thread                0x080076a9   Thumb Code    72  scheduler.o(i.rt_schedule_insert_thread)
    rt_schedule_remove_thread                0x080076f9   Thumb Code    76  scheduler.o(i.rt_schedule_remove_thread)
    rt_show_version                          0x0800774d   Thumb Code    40  kservice.o(i.rt_show_version)
    rt_strlen                                0x080077fd   Thumb Code    16  kservice.o(i.rt_strlen)
    rt_strncpy                               0x0800780d   Thumb Code    42  kservice.o(i.rt_strncpy)
    rt_system_scheduler_init                 0x08007839   Thumb Code    48  scheduler.o(i.rt_system_scheduler_init)
    rt_system_scheduler_start                0x08007875   Thumb Code    32  scheduler.o(i.rt_system_scheduler_start)
    rt_system_timer_init                     0x0800789d   Thumb Code    20  timer.o(i.rt_system_timer_init)
    rt_system_timer_thread_init              0x080078b5   Thumb Code     2  timer.o(i.rt_system_timer_thread_init)
    rt_thread_exit                           0x080078b9   Thumb Code    88  thread.o(i.rt_thread_exit)
    rt_thread_idle_excute                    0x0800791f   Thumb Code     2  idle.o(i.rt_thread_idle_excute)
    rt_thread_idle_init                      0x08007921   Thumb Code    44  idle.o(i.rt_thread_idle_init)
    rt_thread_init                           0x08007961   Thumb Code    50  thread.o(i.rt_thread_init)
    rt_thread_mdelay                         0x08007999   Thumb Code    14  thread.o(i.rt_thread_mdelay)
    rt_thread_resume                         0x080079a7   Thumb Code    72  thread.o(i.rt_thread_resume)
    rt_thread_self                           0x080079f1   Thumb Code     6  thread.o(i.rt_thread_self)
    rt_thread_sleep                          0x080079fd   Thumb Code    64  thread.o(i.rt_thread_sleep)
    rt_thread_startup                        0x08007a41   Thumb Code    42  thread.o(i.rt_thread_startup)
    rt_thread_suspend                        0x08007a6b   Thumb Code    68  thread.o(i.rt_thread_suspend)
    rt_thread_timeout                        0x08007aaf   Thumb Code    40  thread.o(i.rt_thread_timeout)
    rt_thread_yield                          0x08007ad9   Thumb Code    98  thread.o(i.rt_thread_yield)
    rt_tick_from_millisecond                 0x08007b45   Thumb Code    50  clock.o(i.rt_tick_from_millisecond)
    rt_tick_get                              0x08007b79   Thumb Code     6  clock.o(i.rt_tick_get)
    rt_tick_increase                         0x08007b85   Thumb Code    38  clock.o(i.rt_tick_increase)
    rt_timer_check                           0x08007bb1   Thumb Code   240  timer.o(i.rt_timer_check)
    rt_timer_control                         0x08007ca5   Thumb Code    84  timer.o(i.rt_timer_control)
    rt_timer_detach                          0x08007cf9   Thumb Code    70  timer.o(i.rt_timer_detach)
    rt_timer_init                            0x08007d3f   Thumb Code    42  timer.o(i.rt_timer_init)
    rt_timer_start                           0x08007d69   Thumb Code   198  timer.o(i.rt_timer_start)
    rt_timer_stop                            0x08007e39   Thumb Code    82  timer.o(i.rt_timer_stop)
    rt_vsnprintf                             0x08007e8d   Thumb Code   802  kservice.o(i.rt_vsnprintf)
    rtthread_startup                         0x080081cf   Thumb Code    42  components.o(i.rtthread_startup)
    AHBPrescTable                            0x0800822c   Data          16  system_stm32l4xx.o(.constdata)
    APBPrescTable                            0x0800823c   Data           8  system_stm32l4xx.o(.constdata)
    MSIRangeTable                            0x08008244   Data          48  system_stm32l4xx.o(.constdata)
    __lowest_bit_bitmap                      0x08008274   Data         256  kservice.o(.constdata)
    __rt_init_rti_start                      0x08008398   Data           4  components.o(.rti_fn.0)
    __rt_init_rti_board_start                0x0800839c   Data           4  components.o(.rti_fn.0.end)
    __rt_init_uart_init                      0x080083a0   Data           4  board.o(.rti_fn.1)
    __rt_init_rti_board_end                  0x080083a4   Data           4  components.o(.rti_fn.1.end)
    __rt_init_rti_end                        0x080083a8   Data           4  components.o(.rti_fn.6.end)
    Region$$Table$$Base                      0x080083ac   Number         0  anon$$obj.o(Region$$Table)
    Region$$Table$$Limit                     0x080083cc   Number         0  anon$$obj.o(Region$$Table)
    I2C_Soft                                 0x20000000   Data          20  i2c.o(.data)
    Timer6                                   0x20000014   Data          12  timer6.o(.data)
    UART3                                    0x20000020   Data          28  uart3.o(.data)
    SHT30                                    0x2000003c   Data          16  sht30.o(.data)
    tBrightness                              0x2000004c   Data          12  brightness.o(.data)
    tPowerLED                                0x20000058   Data          12  powerled.o(.data)
    tRelay                                   0x20000064   Data          12  relay.o(.data)
    tFAN                                     0x20000070   Data          20  fan.o(.data)
    ESP8266                                  0x20000084   Data          36  esp8266.o(.data)
    tMQ_2                                    0x200000a8   Data          12  mq_2.o(.data)
    dat_Rxd                                  0x200000b4   Data           1  main.o(.data)
    ADC_Value                                0x200000b6   Data           4  main.o(.data)
    uwTick                                   0x200000bc   Data           4  stm32l4xx_hal.o(.data)
    uwTickPrio                               0x200000c0   Data           4  stm32l4xx_hal.o(.data)
    uwTickFreq                               0x200000c4   Data           1  stm32l4xx_hal.o(.data)
    SystemCoreClock                          0x200000c8   Data           4  system_stm32l4xx.o(.data)
    rt_interrupt_nest                        0x200000d0   Data           1  irq.o(.data)
    rt_current_priority                      0x20000104   Data           1  scheduler.o(.data)
    rt_current_thread                        0x20000108   Data           4  scheduler.o(.data)
    rt_thread_ready_priority_group           0x2000010c   Data           4  scheduler.o(.data)
    rt_thread_defunct                        0x20000110   Data           8  scheduler.o(.data)
    rt_interrupt_from_thread                 0x20000128   Data           4  cpuport.o(.data)
    rt_interrupt_to_thread                   0x2000012c   Data           4  cpuport.o(.data)
    rt_thread_switch_interrupt_flag          0x20000130   Data           4  cpuport.o(.data)
    __stdout                                 0x20000134   Data           4  stdout.o(.data)
    hadc1                                    0x200023f0   Data         100  adc.o(.bss)
    hdma_adc1                                0x20002454   Data          72  adc.o(.bss)
    htim2                                    0x2000249c   Data          76  tim.o(.bss)
    htim6                                    0x200024e8   Data          76  tim.o(.bss)
    htim7                                    0x20002534   Data          76  tim.o(.bss)
    huart1                                   0x20002580   Data         132  usart.o(.bss)
    huart3                                   0x20002604   Data         132  usart.o(.bss)
    hdma_usart3_rx                           0x20002688   Data          72  usart.o(.bss)
    hdma_usart3_tx                           0x200026d0   Data          72  usart.o(.bss)
    htim16                                   0x20002718   Data          76  stm32l4xx_hal_timebase_tim.o(.bss)
    main_thread                              0x20002b68   Data         120  components.o(.bss)
    rt_thread_priority_table                 0x20002d58   Data         256  scheduler.o(.bss)
    __initial_sp                             0x200036e0   Data           0  startup_stm32l431xx.o(STACK)



==============================================================================

Memory Map of the image

  Image Entry point : 0x0800018d

  Load Region LR_IROM1 (Base: 0x08000000, Size: 0x00008504, Max: 0x00040000, ABSOLUTE, COMPRESSED[0x00008470])

    Execution Region ER_IROM1 (Exec base: 0x08000000, Load base: 0x08000000, Size: 0x000083cc, Max: 0x00040000, ABSOLUTE)

    Exec Addr    Load Addr    Size         Type   Attr      Idx    E Section Name        Object

    0x08000000   0x08000000   0x0000018c   Data   RO            3    RESET               startup_stm32l431xx.o
    0x0800018c   0x0800018c   0x00000000   Code   RO         5880  * .ARM.Collect$$$$00000000  mc_w.l(entry.o)
    0x0800018c   0x0800018c   0x00000004   Code   RO         6154    .ARM.Collect$$$$00000001  mc_w.l(entry2.o)
    0x08000190   0x08000190   0x00000004   Code   RO         6157    .ARM.Collect$$$$00000004  mc_w.l(entry5.o)
    0x08000194   0x08000194   0x00000000   Code   RO         6159    .ARM.Collect$$$$00000008  mc_w.l(entry7b.o)
    0x08000194   0x08000194   0x00000000   Code   RO         6161    .ARM.Collect$$$$0000000A  mc_w.l(entry8b.o)
    0x08000194   0x08000194   0x00000008   Code   RO         6162    .ARM.Collect$$$$0000000B  mc_w.l(entry9a.o)
    0x0800019c   0x0800019c   0x00000004   Code   RO         6169    .ARM.Collect$$$$0000000E  mc_w.l(entry12b.o)
    0x080001a0   0x080001a0   0x00000000   Code   RO         6164    .ARM.Collect$$$$0000000F  mc_w.l(entry10a.o)
    0x080001a0   0x080001a0   0x00000000   Code   RO         6166    .ARM.Collect$$$$00000011  mc_w.l(entry11a.o)
    0x080001a0   0x080001a0   0x00000004   Code   RO         6155    .ARM.Collect$$$$00002712  mc_w.l(entry2.o)
    0x080001a4   0x080001a4   0x00000024   Code   RO            4    .text               startup_stm32l431xx.o
    0x080001c8   0x080001c8   0x00000140   Code   RO         5079    .text               context_rvds.o
    0x08000308   0x08000308   0x00000068   Code   RO         5883    .text               mc_w.l(uldiv.o)
    0x08000370   0x08000370   0x00000024   Code   RO         5885    .text               mc_w.l(memseta.o)
    0x08000394   0x08000394   0x00000024   Code   RO         5887    .text               mc_w.l(strstr.o)
    0x080003b8   0x080003b8   0x0000000e   Code   RO         5889    .text               mc_w.l(strlen.o)
    0x080003c6   0x080003c6   0x00000026   Code   RO         6152    .text               mf_w.l(f2d.o)
    0x080003ec   0x080003ec   0x0000002c   Code   RO         6171    .text               mc_w.l(uidiv.o)
    0x08000418   0x08000418   0x0000001e   Code   RO         6173    .text               mc_w.l(llshl.o)
    0x08000436   0x08000436   0x00000020   Code   RO         6175    .text               mc_w.l(llushr.o)
    0x08000456   0x08000456   0x00000000   Code   RO         6177    .text               mc_w.l(iusefp.o)
    0x08000456   0x08000456   0x0000015e   Code   RO         6178    .text               mf_w.l(dadd.o)
    0x080005b4   0x080005b4   0x000000ea   Code   RO         6180    .text               mf_w.l(dmul.o)
    0x0800069e   0x0800069e   0x000000de   Code   RO         6182    .text               mf_w.l(ddiv.o)
    0x0800077c   0x0800077c   0x00000030   Code   RO         6184    .text               mf_w.l(dfixul.o)
    0x080007ac   0x080007ac   0x00000030   Code   RO         6186    .text               mf_w.l(cdrcmple.o)
    0x080007dc   0x080007dc   0x00000024   Code   RO         6188    .text               mc_w.l(init.o)
    0x08000800   0x08000800   0x00000024   Code   RO         6190    .text               mc_w.l(llsshr.o)
    0x08000824   0x08000824   0x000000ba   Code   RO         6192    .text               mf_w.l(depilogue.o)
    0x080008de   0x080008de   0x00000056   Code   RO         6202    .text               mc_w.l(__dczerorl2.o)
    0x08000934   0x08000934   0x0000000a   Code   RO         5124    i.$Sub$$main        components.o
    0x0800093e   0x0800093e   0x00000092   Code   RO         1111    i.ADC_DMAConvCplt   stm32l4xx_hal_adc.o
    0x080009d0   0x080009d0   0x0000001e   Code   RO         1112    i.ADC_DMAError      stm32l4xx_hal_adc.o
    0x080009ee   0x080009ee   0x0000000e   Code   RO         1113    i.ADC_DMAHalfConvCplt  stm32l4xx_hal_adc.o
    0x080009fc   0x080009fc   0x00000094   Code   RO         1114    i.ADC_Disable       stm32l4xx_hal_adc.o
    0x08000a90   0x08000a90   0x000000c8   Code   RO         1115    i.ADC_Enable        stm32l4xx_hal_adc.o
    0x08000b58   0x08000b58   0x00000014   Code   RO          509    i.AdjustSpeed       fan.o
    0x08000b6c   0x08000b6c   0x00000064   Code   RO          390    i.Bright_Init       brightness.o
    0x08000bd0   0x08000bd0   0x00000030   Code   RO          391    i.Bright_Thread_Entry  brightness.o
    0x08000c00   0x08000c00   0x00000048   Code   RO          392    i.Brightness_Detect  brightness.o
    0x08000c48   0x08000c48   0x00000004   Code   RO          959    i.BusFault_Handler  stm32l4xx_it.o
    0x08000c4c   0x08000c4c   0x0000003e   Code   RO          345    i.CRC_8             sht30.o
    0x08000c8a   0x08000c8a   0x00000002   PAD
    0x08000c8c   0x08000c8c   0x00000018   Code   RO          960    i.DMA1_Channel2_IRQHandler  stm32l4xx_it.o
    0x08000ca4   0x08000ca4   0x00000018   Code   RO          961    i.DMA1_Channel3_IRQHandler  stm32l4xx_it.o
    0x08000cbc   0x08000cbc   0x00000028   Code   RO          553    i.DMA_Receive_Set   esp8266.o
    0x08000ce4   0x08000ce4   0x00000030   Code   RO         2916    i.DMA_SetConfig     stm32l4xx_hal_dma.o
    0x08000d14   0x08000d14   0x00000002   Code   RO          962    i.DebugMon_Handler  stm32l4xx_it.o
    0x08000d16   0x08000d16   0x00000002   PAD
    0x08000d18   0x08000d18   0x00000040   Code   RO          826    i.Delay_us          tim.o
    0x08000d58   0x08000d58   0x00000038   Code   RO          554    i.ESP8266_Thread_Entry  esp8266.o
    0x08000d90   0x08000d90   0x00000010   Code   RO          555    i.Error             esp8266.o
    0x08000da0   0x08000da0   0x00000006   Code   RO          688    i.Error_Handler     main.o
    0x08000da6   0x08000da6   0x00000002   PAD
    0x08000da8   0x08000da8   0x00000018   Code   RO          510    i.FAN_Init          fan.o
    0x08000dc0   0x08000dc0   0x00000018   Code   RO          511    i.FAN_OFF           fan.o
    0x08000dd8   0x08000dd8   0x0000001c   Code   RO          512    i.FAN_ON            fan.o
    0x08000df4   0x08000df4   0x000000ac   Code   RO         1371    i.HAL_ADCEx_Calibration_Start  stm32l4xx_hal_adc_ex.o
    0x08000ea0   0x08000ea0   0x000004d2   Code   RO         1117    i.HAL_ADC_ConfigChannel  stm32l4xx_hal_adc.o
    0x08001372   0x08001372   0x00000002   Code   RO         1118    i.HAL_ADC_ConvCpltCallback  stm32l4xx_hal_adc.o
    0x08001374   0x08001374   0x00000002   Code   RO         1119    i.HAL_ADC_ConvHalfCpltCallback  stm32l4xx_hal_adc.o
    0x08001376   0x08001376   0x00000002   Code   RO         1121    i.HAL_ADC_ErrorCallback  stm32l4xx_hal_adc.o
    0x08001378   0x08001378   0x00000200   Code   RO         1126    i.HAL_ADC_Init      stm32l4xx_hal_adc.o
    0x08001578   0x08001578   0x000000ec   Code   RO          761    i.HAL_ADC_MspInit   adc.o
    0x08001664   0x08001664   0x000000cc   Code   RO         1133    i.HAL_ADC_Start_DMA  stm32l4xx_hal_adc.o
    0x08001730   0x08001730   0x0000005a   Code   RO         2917    i.HAL_DMA_Abort     stm32l4xx_hal_dma.o
    0x0800178a   0x0800178a   0x0000005c   Code   RO         2918    i.HAL_DMA_Abort_IT  stm32l4xx_hal_dma.o
    0x080017e6   0x080017e6   0x00000006   Code   RO         2920    i.HAL_DMA_GetError  stm32l4xx_hal_dma.o
    0x080017ec   0x080017ec   0x000000fe   Code   RO         2922    i.HAL_DMA_IRQHandler  stm32l4xx_hal_dma.o
    0x080018ea   0x080018ea   0x00000002   PAD
    0x080018ec   0x080018ec   0x0000010c   Code   RO         2923    i.HAL_DMA_Init      stm32l4xx_hal_dma.o
    0x080019f8   0x080019f8   0x0000009c   Code   RO         2927    i.HAL_DMA_Start_IT  stm32l4xx_hal_dma.o
    0x08001a94   0x08001a94   0x00000028   Code   RO         1574    i.HAL_Delay         stm32l4xx_hal.o
    0x08001abc   0x08001abc   0x000001c0   Code   RO         2853    i.HAL_GPIO_Init     stm32l4xx_hal_gpio.o
    0x08001c7c   0x08001c7c   0x00000010   Code   RO         2855    i.HAL_GPIO_ReadPin  stm32l4xx_hal_gpio.o
    0x08001c8c   0x08001c8c   0x00000014   Code   RO         2856    i.HAL_GPIO_TogglePin  stm32l4xx_hal_gpio.o
    0x08001ca0   0x08001ca0   0x0000000a   Code   RO         2857    i.HAL_GPIO_WritePin  stm32l4xx_hal_gpio.o
    0x08001caa   0x08001caa   0x00000002   PAD
    0x08001cac   0x08001cac   0x0000000c   Code   RO         1578    i.HAL_GetTick       stm32l4xx_hal.o
    0x08001cb8   0x08001cb8   0x00000018   Code   RO         1584    i.HAL_IncTick       stm32l4xx_hal.o
    0x08001cd0   0x08001cd0   0x0000001e   Code   RO         1585    i.HAL_Init          stm32l4xx_hal.o
    0x08001cee   0x08001cee   0x00000002   PAD
    0x08001cf0   0x08001cf0   0x0000009c   Code   RO         1071    i.HAL_InitTick      stm32l4xx_hal_timebase_tim.o
    0x08001d8c   0x08001d8c   0x00000044   Code   RO         1047    i.HAL_MspInit       stm32l4xx_hal_msp.o
    0x08001dd0   0x08001dd0   0x00000028   Code   RO         3340    i.HAL_NVIC_EnableIRQ  stm32l4xx_hal_cortex.o
    0x08001df8   0x08001df8   0x00000082   Code   RO         3346    i.HAL_NVIC_SetPriority  stm32l4xx_hal_cortex.o
    0x08001e7a   0x08001e7a   0x00000002   PAD
    0x08001e7c   0x08001e7c   0x00000028   Code   RO         3347    i.HAL_NVIC_SetPriorityGrouping  stm32l4xx_hal_cortex.o
    0x08001ea4   0x08001ea4   0x0000008c   Code   RO         3144    i.HAL_PWREx_ControlVoltageScaling  stm32l4xx_hal_pwr_ex.o
    0x08001f30   0x08001f30   0x00000010   Code   RO         3167    i.HAL_PWREx_GetVoltageRange  stm32l4xx_hal_pwr_ex.o
    0x08001f40   0x08001f40   0x00000388   Code   RO         2456    i.HAL_RCCEx_PeriphCLKConfig  stm32l4xx_hal_rcc_ex.o
    0x080022c8   0x080022c8   0x000001b4   Code   RO         2328    i.HAL_RCC_ClockConfig  stm32l4xx_hal_rcc.o
    0x0800247c   0x0800247c   0x00000044   Code   RO         2331    i.HAL_RCC_GetClockConfig  stm32l4xx_hal_rcc.o
    0x080024c0   0x080024c0   0x0000000c   Code   RO         2332    i.HAL_RCC_GetHCLKFreq  stm32l4xx_hal_rcc.o
    0x080024cc   0x080024cc   0x00000024   Code   RO         2334    i.HAL_RCC_GetPCLK1Freq  stm32l4xx_hal_rcc.o
    0x080024f0   0x080024f0   0x00000024   Code   RO         2335    i.HAL_RCC_GetPCLK2Freq  stm32l4xx_hal_rcc.o
    0x08002514   0x08002514   0x000000ec   Code   RO         2337    i.HAL_RCC_GetSysClockFreq  stm32l4xx_hal_rcc.o
    0x08002600   0x08002600   0x00000750   Code   RO         2340    i.HAL_RCC_OscConfig  stm32l4xx_hal_rcc.o
    0x08002d50   0x08002d50   0x00000034   Code   RO         3351    i.HAL_SYSTICK_Config  stm32l4xx_hal_cortex.o
    0x08002d84   0x08002d84   0x00000002   Code   RO         4274    i.HAL_TIMEx_Break2Callback  stm32l4xx_hal_tim_ex.o
    0x08002d86   0x08002d86   0x00000002   Code   RO         4275    i.HAL_TIMEx_BreakCallback  stm32l4xx_hal_tim_ex.o
    0x08002d88   0x08002d88   0x00000002   Code   RO         4276    i.HAL_TIMEx_CommutCallback  stm32l4xx_hal_tim_ex.o
    0x08002d8a   0x08002d8a   0x00000002   PAD
    0x08002d8c   0x08002d8c   0x00000088   Code   RO         4296    i.HAL_TIMEx_MasterConfigSynchronization  stm32l4xx_hal_tim_ex.o
    0x08002e14   0x08002e14   0x0000006e   Code   RO         3549    i.HAL_TIM_Base_Init  stm32l4xx_hal_tim.o
    0x08002e82   0x08002e82   0x00000002   PAD
    0x08002e84   0x08002e84   0x00000090   Code   RO          828    i.HAL_TIM_Base_MspInit  tim.o
    0x08002f14   0x08002f14   0x00000078   Code   RO         3554    i.HAL_TIM_Base_Start_IT  stm32l4xx_hal_tim.o
    0x08002f8c   0x08002f8c   0x00000110   Code   RO         3558    i.HAL_TIM_ConfigClockSource  stm32l4xx_hal_tim.o
    0x0800309c   0x0800309c   0x00000002   Code   RO         3583    i.HAL_TIM_IC_CaptureCallback  stm32l4xx_hal_tim.o
    0x0800309e   0x0800309e   0x000001b8   Code   RO         3597    i.HAL_TIM_IRQHandler  stm32l4xx_hal_tim.o
    0x08003256   0x08003256   0x00000002   PAD
    0x08003258   0x08003258   0x00000058   Code   RO          829    i.HAL_TIM_MspPostInit  tim.o
    0x080032b0   0x080032b0   0x00000002   Code   RO         3600    i.HAL_TIM_OC_DelayElapsedCallback  stm32l4xx_hal_tim.o
    0x080032b2   0x080032b2   0x00000170   Code   RO         3621    i.HAL_TIM_PWM_ConfigChannel  stm32l4xx_hal_tim.o
    0x08003422   0x08003422   0x0000006e   Code   RO         3624    i.HAL_TIM_PWM_Init  stm32l4xx_hal_tim.o
    0x08003490   0x08003490   0x00000002   Code   RO         3626    i.HAL_TIM_PWM_MspInit  stm32l4xx_hal_tim.o
    0x08003492   0x08003492   0x00000002   Code   RO         3627    i.HAL_TIM_PWM_PulseFinishedCallback  stm32l4xx_hal_tim.o
    0x08003494   0x08003494   0x00000114   Code   RO         3629    i.HAL_TIM_PWM_Start  stm32l4xx_hal_tim.o
    0x080035a8   0x080035a8   0x00000068   Code   RO          689    i.HAL_TIM_PeriodElapsedCallback  main.o
    0x08003610   0x08003610   0x00000002   Code   RO         3640    i.HAL_TIM_TriggerCallback  stm32l4xx_hal_tim.o
    0x08003612   0x08003612   0x00000002   Code   RO         4568    i.HAL_UARTEx_RxEventCallback  stm32l4xx_hal_uart.o
    0x08003614   0x08003614   0x00000002   Code   RO         4966    i.HAL_UARTEx_WakeupCallback  stm32l4xx_hal_uart_ex.o
    0x08003616   0x08003616   0x000000b4   Code   RO         4580    i.HAL_UART_DMAStop  stm32l4xx_hal_uart.o
    0x080036ca   0x080036ca   0x00000002   Code   RO         4584    i.HAL_UART_ErrorCallback  stm32l4xx_hal_uart.o
    0x080036cc   0x080036cc   0x00000348   Code   RO         4587    i.HAL_UART_IRQHandler  stm32l4xx_hal_uart.o
    0x08003a14   0x08003a14   0x00000020   Code   RO          892    i.HAL_UART_IdleCallback  usart.o
    0x08003a34   0x08003a34   0x00000074   Code   RO         4588    i.HAL_UART_Init     stm32l4xx_hal_uart.o
    0x08003aa8   0x08003aa8   0x000001ac   Code   RO          894    i.HAL_UART_MspInit  usart.o
    0x08003c54   0x08003c54   0x00000070   Code   RO         4592    i.HAL_UART_Receive_DMA  stm32l4xx_hal_uart.o
    0x08003cc4   0x08003cc4   0x00000070   Code   RO         4593    i.HAL_UART_Receive_IT  stm32l4xx_hal_uart.o
    0x08003d34   0x08003d34   0x00000028   Code   RO          895    i.HAL_UART_RxCpltCallback  usart.o
    0x08003d5c   0x08003d5c   0x00000002   Code   RO         4596    i.HAL_UART_RxHalfCpltCallback  stm32l4xx_hal_uart.o
    0x08003d5e   0x08003d5e   0x000000d8   Code   RO         4597    i.HAL_UART_Transmit  stm32l4xx_hal_uart.o
    0x08003e36   0x08003e36   0x00000002   PAD
    0x08003e38   0x08003e38   0x000000c8   Code   RO         4598    i.HAL_UART_Transmit_DMA  stm32l4xx_hal_uart.o
    0x08003f00   0x08003f00   0x00000002   Code   RO         4600    i.HAL_UART_TxCpltCallback  stm32l4xx_hal_uart.o
    0x08003f02   0x08003f02   0x00000002   Code   RO         4601    i.HAL_UART_TxHalfCpltCallback  stm32l4xx_hal_uart.o
    0x08003f04   0x08003f04   0x0000001c   Code   RO           13    i.Init              i2c.o
    0x08003f20   0x08003f20   0x00000100   Code   RO          556    i.Init              esp8266.o
    0x08004020   0x08004020   0x00000010   Code   RO         1139    i.LL_ADC_Enable     stm32l4xx_hal_adc.o
    0x08004030   0x08004030   0x00000012   Code   RO         1140    i.LL_ADC_GetOffsetChannel  stm32l4xx_hal_adc.o
    0x08004042   0x08004042   0x0000000a   Code   RO         1141    i.LL_ADC_INJ_IsConversionOngoing  stm32l4xx_hal_adc.o
    0x0800404c   0x0800404c   0x0000000a   Code   RO         1142    i.LL_ADC_IsDisableOngoing  stm32l4xx_hal_adc.o
    0x08004056   0x08004056   0x0000000a   Code   RO         1143    i.LL_ADC_IsEnabled  stm32l4xx_hal_adc.o
    0x08004060   0x08004060   0x0000000a   Code   RO         1144    i.LL_ADC_IsInternalRegulatorEnabled  stm32l4xx_hal_adc.o
    0x0800406a   0x0800406a   0x0000000a   Code   RO         1145    i.LL_ADC_REG_IsConversionOngoing  stm32l4xx_hal_adc.o
    0x08004074   0x08004074   0x00000012   Code   RO         1146    i.LL_ADC_REG_IsTriggerSourceSWStart  stm32l4xx_hal_adc.o
    0x08004086   0x08004086   0x00000002   PAD
    0x08004088   0x08004088   0x00000010   Code   RO         1147    i.LL_ADC_REG_StartConversion  stm32l4xx_hal_adc.o
    0x08004098   0x08004098   0x00000028   Code   RO         1149    i.LL_ADC_SetChannelSamplingTime  stm32l4xx_hal_adc.o
    0x080040c0   0x080040c0   0x0000000c   Code   RO         1150    i.LL_ADC_SetCommonPathInternalCh  stm32l4xx_hal_adc.o
    0x080040cc   0x080040cc   0x00000016   Code   RO         1151    i.LL_ADC_SetOffsetState  stm32l4xx_hal_adc.o
    0x080040e2   0x080040e2   0x00000002   PAD
    0x080040e4   0x080040e4   0x00000040   Code   RO          647    i.MQ_2_Detect       mq_2.o
    0x08004124   0x08004124   0x00000064   Code   RO          648    i.MQ_2_Init         mq_2.o
    0x08004188   0x08004188   0x0000002c   Code   RO          649    i.MQ_2_Thread_Entry  mq_2.o
    0x080041b4   0x080041b4   0x000000a4   Code   RO          762    i.MX_ADC1_Init      adc.o
    0x08004258   0x08004258   0x00000044   Code   RO          802    i.MX_DMA_Init       dma.o
    0x0800429c   0x0800429c   0x00000114   Code   RO          736    i.MX_GPIO_Init      gpio.o
    0x080043b0   0x080043b0   0x000000d4   Code   RO          830    i.MX_TIM2_Init      tim.o
    0x08004484   0x08004484   0x0000004c   Code   RO          831    i.MX_TIM6_Init      tim.o
    0x080044d0   0x080044d0   0x0000004c   Code   RO          832    i.MX_TIM7_Init      tim.o
    0x0800451c   0x0800451c   0x00000040   Code   RO          896    i.MX_USART1_UART_Init  usart.o
    0x0800455c   0x0800455c   0x00000040   Code   RO          897    i.MX_USART3_UART_Init  usart.o
    0x0800459c   0x0800459c   0x00000190   Code   RO          346    i.Measure_Period_Mode  sht30.o
    0x0800472c   0x0800472c   0x00000004   Code   RO          963    i.MemManage_Handler  stm32l4xx_it.o
    0x08004730   0x08004730   0x00000004   Code   RO          964    i.NMI_Handler       stm32l4xx_it.o
    0x08004734   0x08004734   0x00000024   Code   RO          438    i.PowerLED_OFF      powerled.o
    0x08004758   0x08004758   0x00000024   Code   RO          439    i.PowerLED_ON       powerled.o
    0x0800477c   0x0800477c   0x00000188   Code   RO         2460    i.RCCEx_PLLSAI1_Config  stm32l4xx_hal_rcc_ex.o
    0x08004904   0x08004904   0x0000009c   Code   RO         2341    i.RCC_SetFlashLatencyFromMSIRange  stm32l4xx_hal_rcc.o
    0x080049a0   0x080049a0   0x00000002   Code   RO          287    i.RS485_Set_RecMode  uart3.o
    0x080049a2   0x080049a2   0x00000002   Code   RO          288    i.RS485_Set_SendMode  uart3.o
    0x080049a4   0x080049a4   0x000000a0   Code   RO           14    i.Read_Byte         i2c.o
    0x08004a44   0x08004a44   0x000000fc   Code   RO          557    i.Receive_Information  esp8266.o
    0x08004b40   0x08004b40   0x00000024   Code   RO          475    i.Relay_OFF         relay.o
    0x08004b64   0x08004b64   0x00000024   Code   RO          476    i.Relay_ON          relay.o
    0x08004b88   0x08004b88   0x00000060   Code   RO          347    i.SHT30_Init        sht30.o
    0x08004be8   0x08004be8   0x00000034   Code   RO          348    i.SHT30_Thread_Entry  sht30.o
    0x08004c1c   0x08004c1c   0x00000084   Code   RO          558    i.SendAT            esp8266.o
    0x08004ca0   0x08004ca0   0x00000018   Code   RO          289    i.SendArray         uart3.o
    0x08004cb8   0x08004cb8   0x0000001c   Code   RO          290    i.SendString        uart3.o
    0x08004cd4   0x08004cd4   0x000001f0   Code   RO          559    i.SmartConifg       esp8266.o
    0x08004ec4   0x08004ec4   0x00000044   Code   RO           15    i.Start             i2c.o
    0x08004f08   0x08004f08   0x00000034   Code   RO           16    i.Stop              i2c.o
    0x08004f3c   0x08004f3c   0x00000012   Code   RO         5838    i.SysTick_Handler   board.o
    0x08004f4e   0x08004f4e   0x00000072   Code   RO          690    i.SystemClock_Config  main.o
    0x08004fc0   0x08004fc0   0x000000e0   Code   RO         5045    i.SystemCoreClockUpdate  system_stm32l4xx.o
    0x080050a0   0x080050a0   0x00000014   Code   RO         5046    i.SystemInit        system_stm32l4xx.o
    0x080050b4   0x080050b4   0x000002f4   Code   RO          560    i.TCP_Connect_Server  esp8266.o
    0x080053a8   0x080053a8   0x00000018   Code   RO          965    i.TIM1_UP_TIM16_IRQHandler  stm32l4xx_it.o
    0x080053c0   0x080053c0   0x00000018   Code   RO          966    i.TIM6_DAC_IRQHandler  stm32l4xx_it.o
    0x080053d8   0x080053d8   0x00000074   Code   RO         3642    i.TIM_Base_SetConfig  stm32l4xx_hal_tim.o
    0x0800544c   0x0800544c   0x00000022   Code   RO         3643    i.TIM_CCxChannelCmd  stm32l4xx_hal_tim.o
    0x0800546e   0x0800546e   0x00000016   Code   RO         3653    i.TIM_ETR_SetConfig  stm32l4xx_hal_tim.o
    0x08005484   0x08005484   0x00000012   Code   RO         3654    i.TIM_ITRx_SetConfig  stm32l4xx_hal_tim.o
    0x08005496   0x08005496   0x00000002   PAD
    0x08005498   0x08005498   0x00000088   Code   RO         3655    i.TIM_OC1_SetConfig  stm32l4xx_hal_tim.o
    0x08005520   0x08005520   0x00000090   Code   RO         3656    i.TIM_OC2_SetConfig  stm32l4xx_hal_tim.o
    0x080055b0   0x080055b0   0x00000090   Code   RO         3657    i.TIM_OC3_SetConfig  stm32l4xx_hal_tim.o
    0x08005640   0x08005640   0x00000060   Code   RO         3658    i.TIM_OC4_SetConfig  stm32l4xx_hal_tim.o
    0x080056a0   0x080056a0   0x0000005c   Code   RO         3659    i.TIM_OC5_SetConfig  stm32l4xx_hal_tim.o
    0x080056fc   0x080056fc   0x0000005c   Code   RO         3660    i.TIM_OC6_SetConfig  stm32l4xx_hal_tim.o
    0x08005758   0x08005758   0x00000026   Code   RO         3662    i.TIM_TI1_ConfigInputStage  stm32l4xx_hal_tim.o
    0x0800577e   0x0800577e   0x00000028   Code   RO         3664    i.TIM_TI2_ConfigInputStage  stm32l4xx_hal_tim.o
    0x080057a6   0x080057a6   0x00000002   PAD
    0x080057a8   0x080057a8   0x00000010   Code   RO          254    i.Timer6_Start_IT   timer6.o
    0x080057b8   0x080057b8   0x000000b0   Code   RO          561    i.Transfer_SHT30    esp8266.o
    0x08005868   0x08005868   0x000000f8   Code   RO         4602    i.UART_AdvFeatureConfig  stm32l4xx_hal_uart.o
    0x08005960   0x08005960   0x00000072   Code   RO         4603    i.UART_CheckIdleState  stm32l4xx_hal_uart.o
    0x080059d2   0x080059d2   0x00000018   Code   RO         4604    i.UART_DMAAbortOnError  stm32l4xx_hal_uart.o
    0x080059ea   0x080059ea   0x0000005a   Code   RO         4605    i.UART_DMAError     stm32l4xx_hal_uart.o
    0x08005a44   0x08005a44   0x000000ae   Code   RO         4606    i.UART_DMAReceiveCplt  stm32l4xx_hal_uart.o
    0x08005af2   0x08005af2   0x00000022   Code   RO         4608    i.UART_DMARxHalfCplt  stm32l4xx_hal_uart.o
    0x08005b14   0x08005b14   0x00000056   Code   RO         4610    i.UART_DMATransmitCplt  stm32l4xx_hal_uart.o
    0x08005b6a   0x08005b6a   0x0000000e   Code   RO         4612    i.UART_DMATxHalfCplt  stm32l4xx_hal_uart.o
    0x08005b78   0x08005b78   0x00000064   Code   RO         4614    i.UART_EndRxTransfer  stm32l4xx_hal_uart.o
    0x08005bdc   0x08005bdc   0x0000002e   Code   RO         4615    i.UART_EndTransmit_IT  stm32l4xx_hal_uart.o
    0x08005c0a   0x08005c0a   0x00000020   Code   RO         4616    i.UART_EndTxTransfer  stm32l4xx_hal_uart.o
    0x08005c2a   0x08005c2a   0x000000cc   Code   RO         4617    i.UART_RxISR_16BIT  stm32l4xx_hal_uart.o
    0x08005cf6   0x08005cf6   0x000000c8   Code   RO         4618    i.UART_RxISR_8BIT   stm32l4xx_hal_uart.o
    0x08005dbe   0x08005dbe   0x00000002   PAD
    0x08005dc0   0x08005dc0   0x000002f6   Code   RO         4619    i.UART_SetConfig    stm32l4xx_hal_uart.o
    0x080060b6   0x080060b6   0x00000002   PAD
    0x080060b8   0x080060b8   0x000000d4   Code   RO         4620    i.UART_Start_Receive_DMA  stm32l4xx_hal_uart.o
    0x0800618c   0x0800618c   0x000000fc   Code   RO         4621    i.UART_Start_Receive_IT  stm32l4xx_hal_uart.o
    0x08006288   0x08006288   0x000000f8   Code   RO         4624    i.UART_WaitOnFlagUntilTimeout  stm32l4xx_hal_uart.o
    0x08006380   0x08006380   0x00000028   Code   RO          967    i.USART1_IRQHandler  stm32l4xx_it.o
    0x080063a8   0x080063a8   0x00000030   Code   RO          968    i.USART3_IRQHandler  stm32l4xx_it.o
    0x080063d8   0x080063d8   0x00000004   Code   RO          969    i.UsageFault_Handler  stm32l4xx_it.o
    0x080063dc   0x080063dc   0x000000a4   Code   RO           17    i.Write_Byte        i2c.o
    0x08006480   0x08006480   0x00000020   Code   RO         6124    i.__0printf         mc_w.l(printfa.o)
    0x080064a0   0x080064a0   0x00000028   Code   RO         6126    i.__0sprintf        mc_w.l(printfa.o)
    0x080064c8   0x080064c8   0x00000010   Code   RO         3353    i.__NVIC_GetPriorityGrouping  stm32l4xx_hal_cortex.o
    0x080064d8   0x080064d8   0x00000028   Code   RO         3354    i.__NVIC_SetPriority  stm32l4xx_hal_cortex.o
    0x08006500   0x08006500   0x00000048   Code   RO         5303    i.__rt_ffs          kservice.o
    0x08006548   0x08006548   0x0000000e   Code   RO         6196    i.__scatterload_copy  mc_w.l(handlers.o)
    0x08006556   0x08006556   0x00000002   Code   RO         6197    i.__scatterload_null  mc_w.l(handlers.o)
    0x08006558   0x08006558   0x0000000e   Code   RO         6198    i.__scatterload_zeroinit  mc_w.l(handlers.o)
    0x08006566   0x08006566   0x00000002   PAD
    0x08006568   0x08006568   0x0000018a   Code   RO         6131    i._fp_digits        mc_w.l(printfa.o)
    0x080066f2   0x080066f2   0x00000002   PAD
    0x080066f4   0x080066f4   0x000006ba   Code   RO         6132    i._printf_core      mc_w.l(printfa.o)
    0x08006dae   0x08006dae   0x00000024   Code   RO         6133    i._printf_post_padding  mc_w.l(printfa.o)
    0x08006dd2   0x08006dd2   0x0000002e   Code   RO         6134    i._printf_pre_padding  mc_w.l(printfa.o)
    0x08006e00   0x08006e00   0x0000007c   Code   RO         5608    i._rt_thread_init   thread.o
    0x08006e7c   0x08006e7c   0x00000028   Code   RO         5718    i._rt_timer_init    timer.o
    0x08006ea4   0x08006ea4   0x0000000a   Code   RO         6136    i._sputc            mc_w.l(printfa.o)
    0x08006eae   0x08006eae   0x0000001c   Code   RO         5609    i._thread_cleanup_execute  thread.o
    0x08006eca   0x08006eca   0x00000002   PAD
    0x08006ecc   0x08006ecc   0x00000018   Code   RO          898    i.fputc             usart.o
    0x08006ee4   0x08006ee4   0x000000c4   Code   RO          691    i.main              main.o
    0x08006fa8   0x08006fa8   0x0000000e   Code   RO         5125    i.main_thread_entry  components.o
    0x08006fb6   0x08006fb6   0x00000002   PAD
    0x08006fb8   0x08006fb8   0x00000176   Code   RO         5305    i.print_number      kservice.o
    0x0800712e   0x0800712e   0x00000002   PAD
    0x08007130   0x08007130   0x00000044   Code   RO         5126    i.rt_application_init  components.o
    0x08007174   0x08007174   0x00000020   Code   RO         5127    i.rt_components_board_init  components.o
    0x08007194   0x08007194   0x00000020   Code   RO         5128    i.rt_components_init  components.o
    0x080071b4   0x080071b4   0x0000001c   Code   RO         5541    i.rt_enter_critical  scheduler.o
    0x080071d0   0x080071d0   0x00000038   Code   RO         5542    i.rt_exit_critical  scheduler.o
    0x08007208   0x08007208   0x00000026   Code   RO         5839    i.rt_hw_board_init  board.o
    0x0800722e   0x0800722e   0x00000002   PAD
    0x08007230   0x08007230   0x00000048   Code   RO         5840    i.rt_hw_console_output  board.o
    0x08007278   0x08007278   0x00000218   Code   RO         5796    i.rt_hw_hard_fault_exception  cpuport.o
    0x08007490   0x08007490   0x00000044   Code   RO         5797    i.rt_hw_stack_init  cpuport.o
    0x080074d4   0x080074d4   0x0000001c   Code   RO         5276    i.rt_interrupt_enter  irq.o
    0x080074f0   0x080074f0   0x0000001c   Code   RO         5278    i.rt_interrupt_leave  irq.o
    0x0800750c   0x0800750c   0x00000024   Code   RO         5308    i.rt_kprintf        kservice.o
    0x08007530   0x08007530   0x00000056   Code   RO         5313    i.rt_memset         kservice.o
    0x08007586   0x08007586   0x0000002c   Code   RO         5475    i.rt_object_detach  object.o
    0x080075b2   0x080075b2   0x00000002   PAD
    0x080075b4   0x080075b4   0x00000024   Code   RO         5477    i.rt_object_get_information  object.o
    0x080075d8   0x080075d8   0x0000005a   Code   RO         5481    i.rt_object_init    object.o
    0x08007632   0x08007632   0x00000010   Code   RO         5482    i.rt_object_is_systemobject  object.o
    0x08007642   0x08007642   0x00000002   PAD
    0x08007644   0x08007644   0x00000064   Code   RO         5543    i.rt_schedule       scheduler.o
    0x080076a8   0x080076a8   0x00000050   Code   RO         5544    i.rt_schedule_insert_thread  scheduler.o
    0x080076f8   0x080076f8   0x00000054   Code   RO         5545    i.rt_schedule_remove_thread  scheduler.o
    0x0800774c   0x0800774c   0x000000b0   Code   RO         5315    i.rt_show_version   kservice.o
    0x080077fc   0x080077fc   0x00000010   Code   RO         5320    i.rt_strlen         kservice.o
    0x0800780c   0x0800780c   0x0000002a   Code   RO         5322    i.rt_strncpy        kservice.o
    0x08007836   0x08007836   0x00000002   PAD
    0x08007838   0x08007838   0x0000003c   Code   RO         5546    i.rt_system_scheduler_init  scheduler.o
    0x08007874   0x08007874   0x00000028   Code   RO         5547    i.rt_system_scheduler_start  scheduler.o
    0x0800789c   0x0800789c   0x00000018   Code   RO         5719    i.rt_system_timer_init  timer.o
    0x080078b4   0x080078b4   0x00000002   Code   RO         5720    i.rt_system_timer_thread_init  timer.o
    0x080078b6   0x080078b6   0x00000002   PAD
    0x080078b8   0x080078b8   0x00000060   Code   RO         5614    i.rt_thread_exit    thread.o
    0x08007918   0x08007918   0x00000006   Code   RO         5199    i.rt_thread_idle_entry  idle.o
    0x0800791e   0x0800791e   0x00000002   Code   RO         5200    i.rt_thread_idle_excute  idle.o
    0x08007920   0x08007920   0x00000040   Code   RO         5202    i.rt_thread_idle_init  idle.o
    0x08007960   0x08007960   0x00000038   Code   RO         5616    i.rt_thread_init    thread.o
    0x08007998   0x08007998   0x0000000e   Code   RO         5617    i.rt_thread_mdelay  thread.o
    0x080079a6   0x080079a6   0x00000048   Code   RO         5618    i.rt_thread_resume  thread.o
    0x080079ee   0x080079ee   0x00000002   PAD
    0x080079f0   0x080079f0   0x0000000c   Code   RO         5619    i.rt_thread_self    thread.o
    0x080079fc   0x080079fc   0x00000044   Code   RO         5620    i.rt_thread_sleep   thread.o
    0x08007a40   0x08007a40   0x0000002a   Code   RO         5621    i.rt_thread_startup  thread.o
    0x08007a6a   0x08007a6a   0x00000044   Code   RO         5622    i.rt_thread_suspend  thread.o
    0x08007aae   0x08007aae   0x00000028   Code   RO         5623    i.rt_thread_timeout  thread.o
    0x08007ad6   0x08007ad6   0x00000002   PAD
    0x08007ad8   0x08007ad8   0x0000006c   Code   RO         5624    i.rt_thread_yield   thread.o
    0x08007b44   0x08007b44   0x00000032   Code   RO         5084    i.rt_tick_from_millisecond  clock.o
    0x08007b76   0x08007b76   0x00000002   PAD
    0x08007b78   0x08007b78   0x0000000c   Code   RO         5085    i.rt_tick_get       clock.o
    0x08007b84   0x08007b84   0x0000002c   Code   RO         5086    i.rt_tick_increase  clock.o
    0x08007bb0   0x08007bb0   0x000000f4   Code   RO         5721    i.rt_timer_check    timer.o
    0x08007ca4   0x08007ca4   0x00000054   Code   RO         5722    i.rt_timer_control  timer.o
    0x08007cf8   0x08007cf8   0x00000046   Code   RO         5723    i.rt_timer_detach   timer.o
    0x08007d3e   0x08007d3e   0x0000002a   Code   RO         5724    i.rt_timer_init     timer.o
    0x08007d68   0x08007d68   0x000000d0   Code   RO         5727    i.rt_timer_start    timer.o
    0x08007e38   0x08007e38   0x00000052   Code   RO         5728    i.rt_timer_stop     timer.o
    0x08007e8a   0x08007e8a   0x00000002   PAD
    0x08007e8c   0x08007e8c   0x00000332   Code   RO         5325    i.rt_vsnprintf      kservice.o
    0x080081be   0x080081be   0x00000004   Code   RO         5129    i.rti_board_end     components.o
    0x080081c2   0x080081c2   0x00000004   Code   RO         5130    i.rti_board_start   components.o
    0x080081c6   0x080081c6   0x00000004   Code   RO         5131    i.rti_end           components.o
    0x080081ca   0x080081ca   0x00000004   Code   RO         5132    i.rti_start         components.o
    0x080081ce   0x080081ce   0x0000002a   Code   RO         5133    i.rtthread_startup  components.o
    0x080081f8   0x080081f8   0x00000034   Code   RO         5841    i.uart_init         board.o
    0x0800822c   0x0800822c   0x00000048   Data   RO         5047    .constdata          system_stm32l4xx.o
    0x08008274   0x08008274   0x00000122   Data   RO         5328    .constdata          kservice.o
    0x08008396   0x08008396   0x00000002   PAD
    0x08008398   0x08008398   0x00000004   Data   RO         5135    .rti_fn.0           components.o
    0x0800839c   0x0800839c   0x00000004   Data   RO         5136    .rti_fn.0.end       components.o
    0x080083a0   0x080083a0   0x00000004   Data   RO         5843    .rti_fn.1           board.o
    0x080083a4   0x080083a4   0x00000004   Data   RO         5137    .rti_fn.1.end       components.o
    0x080083a8   0x080083a8   0x00000004   Data   RO         5138    .rti_fn.6.end       components.o
    0x080083ac   0x080083ac   0x00000020   Data   RO         6194    Region$$Table       anon$$obj.o


    Execution Region RW_IRAM2 (Exec base: 0x10000000, Load base: 0x08008470, Size: 0x00000000, Max: 0x00004000, ABSOLUTE)

    **** No section assigned to this execution region ****


    Execution Region RW_IRAM1 (Exec base: 0x20000000, Load base: 0x080083cc, Size: 0x000036e0, Max: 0x0000c000, ABSOLUTE, COMPRESSED[0x000000a4])

    Exec Addr    Load Addr    Size         Type   Attr      Idx    E Section Name        Object

    0x20000000   COMPRESSED   0x00000014   Data   RW           18    .data               i2c.o
    0x20000014   COMPRESSED   0x0000000c   Data   RW          255    .data               timer6.o
    0x20000020   COMPRESSED   0x0000001c   Data   RW          292    .data               uart3.o
    0x2000003c   COMPRESSED   0x00000010   Data   RW          350    .data               sht30.o
    0x2000004c   COMPRESSED   0x0000000c   Data   RW          394    .data               brightness.o
    0x20000058   COMPRESSED   0x0000000c   Data   RW          440    .data               powerled.o
    0x20000064   COMPRESSED   0x0000000c   Data   RW          477    .data               relay.o
    0x20000070   COMPRESSED   0x00000014   Data   RW          513    .data               fan.o
    0x20000084   COMPRESSED   0x00000024   Data   RW          563    .data               esp8266.o
    0x200000a8   COMPRESSED   0x0000000c   Data   RW          651    .data               mq_2.o
    0x200000b4   COMPRESSED   0x00000006   Data   RW          692    .data               main.o
    0x200000ba   COMPRESSED   0x00000002   PAD
    0x200000bc   COMPRESSED   0x00000009   Data   RW         1602    .data               stm32l4xx_hal.o
    0x200000c5   COMPRESSED   0x00000003   PAD
    0x200000c8   COMPRESSED   0x00000004   Data   RW         5048    .data               system_stm32l4xx.o
    0x200000cc   COMPRESSED   0x00000004   Data   RW         5088    .data               clock.o
    0x200000d0   COMPRESSED   0x00000001   Data   RW         5279    .data               irq.o
    0x200000d1   COMPRESSED   0x00000003   PAD
    0x200000d4   COMPRESSED   0x00000030   Data   RW         5484    .data               object.o
    0x20000104   COMPRESSED   0x00000014   Data   RW         5549    .data               scheduler.o
    0x20000118   COMPRESSED   0x0000000c   Data   RW         5729    .data               timer.o
    0x20000124   COMPRESSED   0x00000004   Data   RW         5798    .data               cpuport.o
    0x20000128   COMPRESSED   0x00000004   Data   RW         5799    .data               cpuport.o
    0x2000012c   COMPRESSED   0x00000004   Data   RW         5800    .data               cpuport.o
    0x20000130   COMPRESSED   0x00000004   Data   RW         5801    .data               cpuport.o
    0x20000134   COMPRESSED   0x00000004   Data   RW         6170    .data               mc_w.l(stdout.o)
    0x20000138        -       0x000000d6   Zero   RW          291    .bss                uart3.o
    0x2000020e   COMPRESSED   0x00000002   PAD
    0x20000210        -       0x00000878   Zero   RW          349    .bss                sht30.o
    0x20000a88        -       0x00000478   Zero   RW          393    .bss                brightness.o
    0x20000f00        -       0x00001078   Zero   RW          562    .bss                esp8266.o
    0x20001f78        -       0x00000478   Zero   RW          650    .bss                mq_2.o
    0x200023f0        -       0x000000ac   Zero   RW          763    .bss                adc.o
    0x2000249c        -       0x000000e4   Zero   RW          833    .bss                tim.o
    0x20002580        -       0x00000198   Zero   RW          899    .bss                usart.o
    0x20002718        -       0x0000004c   Zero   RW         1074    .bss                stm32l4xx_hal_timebase_tim.o
    0x20002764   COMPRESSED   0x00000004   PAD
    0x20002768        -       0x00000478   Zero   RW         5134    .bss                components.o
    0x20002be0        -       0x000000f8   Zero   RW         5203    .bss                idle.o
    0x20002cd8        -       0x00000080   Zero   RW         5327    .bss                kservice.o
    0x20002d58        -       0x00000100   Zero   RW         5548    .bss                scheduler.o
    0x20002e58        -       0x00000084   Zero   RW         5842    .bss                board.o
    0x20002edc   COMPRESSED   0x00000004   PAD
    0x20002ee0        -       0x00000800   Zero   RW            1    STACK               startup_stm32l431xx.o


==============================================================================

Image component sizes


      Code (inc. data)   RO Data    RW Data    ZI Data      Debug   Object Name

       400         38          0          0        172       1975   adc.o
       180         14          4          0        132       3538   board.o
       220         82          0         12       1144       2690   brightness.o
       106         12          0          4          0       2124   clock.o
       214         36         16          0       1144       7028   components.o
       320         28          0          0          0        908   context_rvds.o
       604        344          0         16          0       4466   cpuport.o
        68          4          0          0          0        778   dma.o
      2180        854          0         36       4216       6882   esp8266.o
        96         20          0         20          0       2555   fan.o
       276         14          0          0          0       1031   gpio.o
       472         24          0         20          0     718359   i2c.o
        72         20          0          0        248       2462   idle.o
        56         12          0          1          0       1874   irq.o
      1620        172        290          0        128      10204   kservice.o
       420         66          0          6          0       3164   main.o
       208         76          0         12       1144       2528   mq_2.o
       186          6          0         48          0       6780   object.o
        72         18          0         12          0       1768   powerled.o
        72         18          0         12          0       1521   relay.o
       448         58          0         20        256       9170   scheduler.o
       610        100          0         16       2168       3672   sht30.o
        36          8        396          0       2048        852   startup_stm32l431xx.o
       106         18          0          9          0      12066   stm32l4xx_hal.o
      2686        126          0          0          0      68135   stm32l4xx_hal_adc.o
       172          6          0          0          0      52178   stm32l4xx_hal_adc_ex.o
       318         22          0          0          0      34463   stm32l4xx_hal_cortex.o
       914         10          0          0          0       5725   stm32l4xx_hal_dma.o
       494         30          0          0          0       3448   stm32l4xx_hal_gpio.o
        68          4          0          0          0        858   stm32l4xx_hal_msp.o
       156         18          0          0          0       1390   stm32l4xx_hal_pwr_ex.o
      2852        118          0          0          0       8201   stm32l4xx_hal_rcc.o
      1296         26          0          0          0       2928   stm32l4xx_hal_rcc_ex.o
      2678        150          0          0          0      18328   stm32l4xx_hal_tim.o
       142         10          0          0          0       3196   stm32l4xx_hal_tim_ex.o
       156         22          0          0         76       1452   stm32l4xx_hal_timebase_tim.o
      4622        104          0          0          0      24992   stm32l4xx_hal_uart.o
         2          0          0          0          0       1000   stm32l4xx_hal_uart_ex.o
       202         32          0          0          0       5524   stm32l4xx_it.o
       244         30         72          4          0       2017   system_stm32l4xx.o
       728         38          0          0          0      12373   thread.o
       660         42          0          0        228       4225   tim.o
       796         24          0         12          0      11968   timer.o
        16          6          0         12          0       1261   timer6.o
        56         10          0         28        214       3040   uart3.o
       652         72          0          0        408       4337   usart.o

    ----------------------------------------------------------------------
     29010       2942        812        308      13736    1079434   Object Totals
         0          0         32          0          0          0   (incl. Generated)
        58          0          2          8         10          0   (incl. Padding)

    ----------------------------------------------------------------------

      Code (inc. data)   RO Data    RW Data    ZI Data      Debug   Library Member Name

        86          0          0          0          0          0   __dczerorl2.o
         0          0          0          0          0          0   entry.o
         0          0          0          0          0          0   entry10a.o
         0          0          0          0          0          0   entry11a.o
         4          0          0          0          0          0   entry12b.o
         8          4          0          0          0          0   entry2.o
         4          0          0          0          0          0   entry5.o
         0          0          0          0          0          0   entry7b.o
         0          0          0          0          0          0   entry8b.o
         8          4          0          0          0          0   entry9a.o
        30          0          0          0          0          0   handlers.o
        36          8          0          0          0         68   init.o
         0          0          0          0          0          0   iusefp.o
        30          0          0          0          0         68   llshl.o
        36          0          0          0          0         68   llsshr.o
        32          0          0          0          0         68   llushr.o
        36          0          0          0          0        108   memseta.o
      2280         96          0          0          0        616   printfa.o
         0          0          0          4          0          0   stdout.o
        14          0          0          0          0         68   strlen.o
        36          0          0          0          0         80   strstr.o
        44          0          0          0          0         80   uidiv.o
       104          0          0          0          0         92   uldiv.o
        48          0          0          0          0         68   cdrcmple.o
       350          0          0          0          0        148   dadd.o
       222          0          0          0          0        100   ddiv.o
       186          0          0          0          0        176   depilogue.o
        48          0          0          0          0         68   dfixul.o
       234          0          0          0          0         96   dmul.o
        38          0          0          0          0         68   f2d.o

    ----------------------------------------------------------------------
      3918        112          0          4          0       2040   Library Totals
         4          0          0          0          0          0   (incl. Padding)

    ----------------------------------------------------------------------

      Code (inc. data)   RO Data    RW Data    ZI Data      Debug   Library Name

      2788        112          0          4          0       1316   mc_w.l
      1126          0          0          0          0        724   mf_w.l

    ----------------------------------------------------------------------
      3918        112          0          4          0       2040   Library Totals

    ----------------------------------------------------------------------

==============================================================================


      Code (inc. data)   RO Data    RW Data    ZI Data      Debug   

     32928       3054        812        312      13736    1056118   Grand Totals
     32928       3054        812        164      13736    1056118   ELF Image Totals (compressed)
     32928       3054        812        164          0          0   ROM Totals

==============================================================================

    Total RO  Size (Code + RO Data)                33740 (  32.95kB)
    Total RW  Size (RW Data + ZI Data)             14048 (  13.72kB)
    Total ROM Size (Code + RO Data + RW Data)      33904 (  33.11kB)

==============================================================================

