Component: ARM Compiler 5.06 update 7 (build 960) Tool: armlink [4d3601]

==============================================================================

Section Cross References

    startup_stm32l431xx.o(RESET) refers to startup_stm32l431xx.o(STACK) for __initial_sp
    startup_stm32l431xx.o(RESET) refers to startup_stm32l431xx.o(.text) for Reset_Handler
    startup_stm32l431xx.o(RESET) refers to stm32l4xx_it.o(i.NMI_Handler) for NMI_Handler
    startup_stm32l431xx.o(RESET) refers to stm32l4xx_it.o(i.HardFault_Handler) for HardFault_Handler
    startup_stm32l431xx.o(RESET) refers to stm32l4xx_it.o(i.MemManage_Handler) for MemManage_Handler
    startup_stm32l431xx.o(RESET) refers to stm32l4xx_it.o(i.BusFault_Handler) for BusFault_Handler
    startup_stm32l431xx.o(RESET) refers to stm32l4xx_it.o(i.UsageFault_Handler) for UsageFault_Handler
    startup_stm32l431xx.o(RESET) refers to stm32l4xx_it.o(i.SVC_Handler) for SVC_Handler
    startup_stm32l431xx.o(RESET) refers to stm32l4xx_it.o(i.DebugMon_Handler) for DebugMon_Handler
    startup_stm32l431xx.o(RESET) refers to stm32l4xx_it.o(i.PendSV_Handler) for PendSV_Handler
    startup_stm32l431xx.o(RESET) refers to stm32l4xx_it.o(i.SysTick_Handler) for SysTick_Handler
    startup_stm32l431xx.o(RESET) refers to stm32l4xx_it.o(i.DMA1_Channel2_IRQHandler) for DMA1_Channel2_IRQHandler
    startup_stm32l431xx.o(RESET) refers to stm32l4xx_it.o(i.DMA1_Channel3_IRQHandler) for DMA1_Channel3_IRQHandler
    startup_stm32l431xx.o(RESET) refers to stm32l4xx_it.o(i.USART1_IRQHandler) for USART1_IRQHandler
    startup_stm32l431xx.o(RESET) refers to stm32l4xx_it.o(i.USART3_IRQHandler) for USART3_IRQHandler
    startup_stm32l431xx.o(RESET) refers to stm32l4xx_it.o(i.TIM6_DAC_IRQHandler) for TIM6_DAC_IRQHandler
    startup_stm32l431xx.o(.text) refers to system_stm32l4xx.o(i.SystemInit) for SystemInit
    startup_stm32l431xx.o(.text) refers to entry.o(.ARM.Collect$$$$00000000) for __main
    i2c.o(i.Init) refers to stm32l4xx_hal_gpio.o(i.HAL_GPIO_WritePin) for HAL_GPIO_WritePin
    i2c.o(i.Read_Byte) refers to stm32l4xx_hal_gpio.o(i.HAL_GPIO_WritePin) for HAL_GPIO_WritePin
    i2c.o(i.Read_Byte) refers to tim.o(i.Delay_us) for Delay_us
    i2c.o(i.Read_Byte) refers to stm32l4xx_hal_gpio.o(i.HAL_GPIO_ReadPin) for HAL_GPIO_ReadPin
    i2c.o(i.Start) refers to stm32l4xx_hal_gpio.o(i.HAL_GPIO_WritePin) for HAL_GPIO_WritePin
    i2c.o(i.Start) refers to tim.o(i.Delay_us) for Delay_us
    i2c.o(i.Stop) refers to stm32l4xx_hal_gpio.o(i.HAL_GPIO_WritePin) for HAL_GPIO_WritePin
    i2c.o(i.Stop) refers to tim.o(i.Delay_us) for Delay_us
    i2c.o(i.Write_Byte) refers to stm32l4xx_hal_gpio.o(i.HAL_GPIO_WritePin) for HAL_GPIO_WritePin
    i2c.o(i.Write_Byte) refers to tim.o(i.Delay_us) for Delay_us
    i2c.o(i.Write_Byte) refers to stm32l4xx_hal_gpio.o(i.HAL_GPIO_ReadPin) for HAL_GPIO_ReadPin
    i2c.o(.data) refers to i2c.o(i.Init) for Init
    i2c.o(.data) refers to i2c.o(i.Start) for Start
    i2c.o(.data) refers to i2c.o(i.Stop) for Stop
    i2c.o(.data) refers to i2c.o(i.Write_Byte) for Write_Byte
    i2c.o(.data) refers to i2c.o(i.Read_Byte) for Read_Byte
    timer6.o(i.Timer6_Start_IT) refers to stm32l4xx_hal_tim.o(i.HAL_TIM_Base_Start_IT) for HAL_TIM_Base_Start_IT
    timer6.o(i.Timer6_Start_IT) refers to tim.o(.bss) for htim6
    timer6.o(.data) refers to timer6.o(i.Timer6_Start_IT) for Timer6_Start_IT
    uart3.o(i.SendArray) refers to stm32l4xx_hal_uart.o(i.HAL_UART_Transmit_DMA) for HAL_UART_Transmit_DMA
    uart3.o(i.SendArray) refers to usart.o(.bss) for huart3
    uart3.o(i.SendString) refers to strlen.o(.text) for strlen
    uart3.o(i.SendString) refers to stm32l4xx_hal_uart.o(i.HAL_UART_Transmit_DMA) for HAL_UART_Transmit_DMA
    uart3.o(i.SendString) refers to usart.o(.bss) for huart3
    uart3.o(.data) refers to uart3.o(.bss) for ucSend_Buffer
    uart3.o(.data) refers to uart3.o(i.SendArray) for SendArray
    uart3.o(.data) refers to uart3.o(i.SendString) for SendString
    uart3.o(.data) refers to uart3.o(i.RS485_Set_SendMode) for RS485_Set_SendMode
    uart3.o(.data) refers to uart3.o(i.RS485_Set_RecMode) for RS485_Set_RecMode
    sht30.o(i.Measure_Period_Mode) refers to sht30.o(i.CRC_8) for CRC_8
    sht30.o(i.Measure_Period_Mode) refers to i2c.o(.data) for I2C_Soft
    sht30.o(i.Measure_Period_Mode) refers to timer6.o(.data) for Timer6
    sht30.o(i.Measure_Period_Mode) refers to sht30.o(.data) for SHT30
    sht30.o(.data) refers to sht30.o(i.Measure_Period_Mode) for Measure_Period_Mode
    brightness.o(i.Brightness_Detect) refers to printfa.o(i.__0printf) for __2printf
    brightness.o(i.Brightness_Detect) refers to main.o(.data) for ADC_Value
    brightness.o(i.Brightness_Detect) refers to brightness.o(.data) for tBrightness
    brightness.o(.data) refers to brightness.o(i.Brightness_Detect) for Brightness_Detect
    powerled.o(i.PowerLED_OFF) refers to stm32l4xx_hal_gpio.o(i.HAL_GPIO_WritePin) for HAL_GPIO_WritePin
[...]
    i.HAL_GPIO_TogglePin                     0x08001a34   Section        0  stm32l4xx_hal_gpio.o(i.HAL_GPIO_TogglePin)
    i.HAL_GPIO_WritePin                      0x08001a48   Section        0  stm32l4xx_hal_gpio.o(i.HAL_GPIO_WritePin)
    i.HAL_GetTick                            0x08001a54   Section        0  stm32l4xx_hal.o(i.HAL_GetTick)
    i.HAL_IncTick                            0x08001a60   Section        0  stm32l4xx_hal.o(i.HAL_IncTick)
    i.HAL_Init                               0x08001a78   Section        0  stm32l4xx_hal.o(i.HAL_Init)
    i.HAL_InitTick                           0x08001a98   Section        0  stm32l4xx_hal.o(i.HAL_InitTick)
    i.HAL_MspInit                            0x08001af0   Section        0  stm32l4xx_hal_msp.o(i.HAL_MspInit)
    i.HAL_NVIC_EnableIRQ                     0x08001b34   Section        0  stm32l4xx_hal_cortex.o(i.HAL_NVIC_EnableIRQ)
    i.HAL_NVIC_SetPriority                   0x08001b5c   Section        0  stm32l4xx_hal_cortex.o(i.HAL_NVIC_SetPriority)
    i.HAL_NVIC_SetPriorityGrouping           0x08001be0   Section        0  stm32l4xx_hal_cortex.o(i.HAL_NVIC_SetPriorityGrouping)
    i.HAL_PWREx_ControlVoltageScaling        0x08001c08   Section        0  stm32l4xx_hal_pwr_ex.o(i.HAL_PWREx_ControlVoltageScaling)
    i.HAL_PWREx_GetVoltageRange              0x08001c94   Section        0  stm32l4xx_hal_pwr_ex.o(i.HAL_PWREx_GetVoltageRange)
    i.HAL_RCCEx_PeriphCLKConfig              0x08001ca4   Section        0  stm32l4xx_hal_rcc_ex.o(i.HAL_RCCEx_PeriphCLKConfig)
    i.HAL_RCC_ClockConfig                    0x0800202c   Section        0  stm32l4xx_hal_rcc.o(i.HAL_RCC_ClockConfig)
    i.HAL_RCC_GetHCLKFreq                    0x080021e0   Section        0  stm32l4xx_hal_rcc.o(i.HAL_RCC_GetHCLKFreq)
    i.HAL_RCC_GetPCLK1Freq                   0x080021ec   Section        0  stm32l4xx_hal_rcc.o(i.HAL_RCC_GetPCLK1Freq)
    i.HAL_RCC_GetPCLK2Freq                   0x08002210   Section        0  stm32l4xx_hal_rcc.o(i.HAL_RCC_GetPCLK2Freq)
    i.HAL_RCC_GetSysClockFreq                0x08002234   Section        0  stm32l4xx_hal_rcc.o(i.HAL_RCC_GetSysClockFreq)
    i.HAL_RCC_OscConfig                      0x08002320   Section        0  stm32l4xx_hal_rcc.o(i.HAL_RCC_OscConfig)
    i.HAL_SYSTICK_Config                     0x08002a70   Section        0  stm32l4xx_hal_cortex.o(i.HAL_SYSTICK_Config)
    i.HAL_TIMEx_Break2Callback               0x08002aa4   Section        0  stm32l4xx_hal_tim_ex.o(i.HAL_TIMEx_Break2Callback)
    i.HAL_TIMEx_BreakCallback                0x08002aa6   Section        0  stm32l4xx_hal_tim_ex.o(i.HAL_TIMEx_BreakCallback)
    i.HAL_TIMEx_CommutCallback               0x08002aa8   Section        0  stm32l4xx_hal_tim_ex.o(i.HAL_TIMEx_CommutCallback)
    i.HAL_TIMEx_MasterConfigSynchronization  0x08002aac   Section        0  stm32l4xx_hal_tim_ex.o(i.HAL_TIMEx_MasterConfigSynchronization)
    i.HAL_TIM_Base_Init                      0x08002b34   Section        0  stm32l4xx_hal_tim.o(i.HAL_TIM_Base_Init)
    i.HAL_TIM_Base_MspInit                   0x08002ba4   Section        0  tim.o(i.HAL_TIM_Base_MspInit)
    i.HAL_TIM_Base_Start_IT                  0x08002c34   Section        0  stm32l4xx_hal_tim.o(i.HAL_TIM_Base_Start_IT)
    i.HAL_TIM_ConfigClockSource              0x08002cac   Section        0  stm32l4xx_hal_tim.o(i.HAL_TIM_ConfigClockSource)
    i.HAL_TIM_IC_CaptureCallback             0x08002dbc   Section        0  stm32l4xx_hal_tim.o(i.HAL_TIM_IC_CaptureCallback)
    i.HAL_TIM_IRQHandler                     0x08002dbe   Section        0  stm32l4xx_hal_tim.o(i.HAL_TIM_IRQHandler)
    i.HAL_TIM_MspPostInit                    0x08002f78   Section        0  tim.o(i.HAL_TIM_MspPostInit)
    i.HAL_TIM_OC_DelayElapsedCallback        0x08002fd0   Section        0  stm32l4xx_hal_tim.o(i.HAL_TIM_OC_DelayElapsedCallback)
    i.HAL_TIM_PWM_ConfigChannel              0x08002fd2   Section        0  stm32l4xx_hal_tim.o(i.HAL_TIM_PWM_ConfigChannel)
    i.HAL_TIM_PWM_Init                       0x08003142   Section        0  stm32l4xx_hal_tim.o(i.HAL_TIM_PWM_Init)
    i.HAL_TIM_PWM_MspInit                    0x080031b0   Section        0  stm32l4xx_hal_tim.o(i.HAL_TIM_PWM_MspInit)
    i.HAL_TIM_PWM_PulseFinishedCallback      0x080031b2   Section        0  stm32l4xx_hal_tim.o(i.HAL_TIM_PWM_PulseFinishedCallback)
    i.HAL_TIM_PWM_Start                      0x080031b4   Section        0  stm32l4xx_hal_tim.o(i.HAL_TIM_PWM_Start)
    i.HAL_TIM_PeriodElapsedCallback          0x080032c8   Section        0  tim.o(i.HAL_TIM_PeriodElapsedCallback)
    i.HAL_TIM_TriggerCallback                0x08003320   Section        0  stm32l4xx_hal_tim.o(i.HAL_TIM_TriggerCallback)
    i.HAL_UARTEx_RxEventCallback             0x08003322   Section        0  stm32l4xx_hal_uart.o(i.HAL_UARTEx_RxEventCallback)
    i.HAL_UARTEx_WakeupCallback              0x08003324   Section        0  stm32l4xx_hal_uart_ex.o(i.HAL_UARTEx_WakeupCallback)
    i.HAL_UART_DMAStop                       0x08003326   Section        0  stm32l4xx_hal_uart.o(i.HAL_UART_DMAStop)
    i.HAL_UART_ErrorCallback                 0x080033da   Section        0  stm32l4xx_hal_uart.o(i.HAL_UART_ErrorCallback)
    i.HAL_UART_IRQHandler                    0x080033dc   Section        0  stm32l4xx_hal_uart.o(i.HAL_UART_IRQHandler)
    i.HAL_UART_IdleCallback                  0x08003724   Section        0  usart.o(i.HAL_UART_IdleCallback)
    i.HAL_UART_Init                          0x08003744   Section        0  stm32l4xx_hal_uart.o(i.HAL_UART_Init)
    i.HAL_UART_MspInit                       0x080037b8   Section        0  usart.o(i.HAL_UART_MspInit)
    i.HAL_UART_Receive_DMA                   0x08003964   Section        0  stm32l4xx_hal_uart.o(i.HAL_UART_Receive_DMA)
    i.HAL_UART_Receive_IT                    0x080039d4   Section        0  stm32l4xx_hal_uart.o(i.HAL_UART_Receive_IT)
    i.HAL_UART_RxCpltCallback                0x08003a44   Section        0  usart.o(i.HAL_UART_RxCpltCallback)
    i.HAL_UART_RxHalfCpltCallback            0x08003a6c   Section        0  stm32l4xx_hal_uart.o(i.HAL_UART_RxHalfCpltCallback)
    i.HAL_UART_Transmit                      0x08003a6e   Section        0  stm32l4xx_hal_uart.o(i.HAL_UART_Transmit)
    i.HAL_UART_Transmit_DMA                  0x08003b48   Section        0  stm32l4xx_hal_uart.o(i.HAL_UART_Transmit_DMA)
    i.HAL_UART_TxCpltCallback                0x08003c10   Section        0  stm32l4xx_hal_uart.o(i.HAL_UART_TxCpltCallback)
    i.HAL_UART_TxHalfCpltCallback            0x08003c12   Section        0  stm32l4xx_hal_uart.o(i.HAL_UART_TxHalfCpltCallback)
    i.HardFault_Handler                      0x08003c14   Section        0  stm32l4xx_it.o(i.HardFault_Handler)
    i.Init                                   0x08003c18   Section        0  i2c.o(i.Init)
    Init                                     0x08003c19   Thumb Code    24  i2c.o(i.Init)
    i.Init                                   0x08003c34   Section        0  esp8266.o(i.Init)
    Init                                     0x08003c35   Thumb Code   124  esp8266.o(i.Init)
    i.LL_ADC_Enable                          0x08003cd0   Section        0  stm32l4xx_hal_adc.o(i.LL_ADC_Enable)
    LL_ADC_Enable                            0x08003cd1   Thumb Code    12  stm32l4xx_hal_adc.o(i.LL_ADC_Enable)
    i.LL_ADC_GetOffsetChannel                0x08003ce0   Section        0  stm32l4xx_hal_adc.o(i.LL_ADC_GetOffsetChannel)
    LL_ADC_GetOffsetChannel                  0x08003ce1   Thumb Code    18  stm32l4xx_hal_adc.o(i.LL_ADC_GetOffsetChannel)
    i.LL_ADC_INJ_IsConversionOngoing         0x08003cf2   Section        0  stm32l4xx_hal_adc.o(i.LL_ADC_INJ_IsConversionOngoing)
    LL_ADC_INJ_IsConversionOngoing           0x08003cf3   Thumb Code    10  stm32l4xx_hal_adc.o(i.LL_ADC_INJ_IsConversionOngoing)
    i.LL_ADC_IsDisableOngoing                0x08003cfc   Section        0  stm32l4xx_hal_adc.o(i.LL_ADC_IsDisableOngoing)
    LL_ADC_IsDisableOngoing                  0x08003cfd   Thumb Code    10  stm32l4xx_hal_adc.o(i.LL_ADC_IsDisableOngoing)
    i.LL_ADC_IsEnabled                       0x08003d06   Section        0  stm32l4xx_hal_adc.o(i.LL_ADC_IsEnabled)
    LL_ADC_IsEnabled                         0x08003d07   Thumb Code    10  stm32l4xx_hal_adc.o(i.LL_ADC_IsEnabled)
    i.LL_ADC_IsInternalRegulatorEnabled      0x08003d10   Section        0  stm32l4xx_hal_adc.o(i.LL_ADC_IsInternalRegulatorEnabled)
    LL_ADC_IsInternalRegulatorEnabled        0x08003d11   Thumb Code    10  stm32l4xx_hal_adc.o(i.LL_ADC_IsInternalRegulatorEnabled)
    i.LL_ADC_REG_IsConversionOngoing         0x08003d1a   Section        0  stm32l4xx_hal_adc.o(i.LL_ADC_REG_IsConversionOngoing)
    LL_ADC_REG_IsConversionOngoing           0x08003d1b   Thumb Code    10  stm32l4xx_hal_adc.o(i.LL_ADC_REG_IsConversionOngoing)
    i.LL_ADC_REG_IsTriggerSourceSWStart      0x08003d24   Section        0  stm32l4xx_hal_adc.o(i.LL_ADC_REG_IsTriggerSourceSWStart)
    LL_ADC_REG_IsTriggerSourceSWStart        0x08003d25   Thumb Code    18  stm32l4xx_hal_adc.o(i.LL_ADC_REG_IsTriggerSourceSWStart)
    i.LL_ADC_REG_StartConversion             0x08003d38   Section        0  stm32l4xx_hal_adc.o(i.LL_ADC_REG_StartConversion)
    LL_ADC_REG_StartConversion               0x08003d39   Thumb Code    12  stm32l4xx_hal_adc.o(i.LL_ADC_REG_StartConversion)
    i.LL_ADC_SetChannelSamplingTime          0x08003d48   Section        0  stm32l4xx_hal_adc.o(i.LL_ADC_SetChannelSamplingTime)
    LL_ADC_SetChannelSamplingTime            0x08003d49   Thumb Code    40  stm32l4xx_hal_adc.o(i.LL_ADC_SetChannelSamplingTime)
    i.LL_ADC_SetCommonPathInternalCh         0x08003d70   Section        0  stm32l4xx_hal_adc.o(i.LL_ADC_SetCommonPathInternalCh)
    LL_ADC_SetCommonPathInternalCh           0x08003d71   Thumb Code    12  stm32l4xx_hal_adc.o(i.LL_ADC_SetCommonPathInternalCh)
    i.LL_ADC_SetOffsetState                  0x08003d7c   Section        0  stm32l4xx_hal_adc.o(i.LL_ADC_SetOffsetState)
    LL_ADC_SetOffsetState                    0x08003d7d   Thumb Code    22  stm32l4xx_hal_adc.o(i.LL_ADC_SetOffsetState)
    i.MQ_2_Detect                            0x08003d94   Section        0  mq_2.o(i.MQ_2_Detect)
    MQ_2_Detect                              0x08003d95   Thumb Code    68  mq_2.o(i.MQ_2_Detect)
    i.MX_ADC1_Init                           0x08003df4   Section        0  adc.o(i.MX_ADC1_Init)
    i.MX_DMA_Init                            0x08003e98   Section        0  dma.o(i.MX_DMA_Init)
    i.MX_GPIO_Init                           0x08003edc   Section        0  gpio.o(i.MX_GPIO_Init)
    i.MX_TIM2_Init                           0x08003ff0   Section        0  tim.o(i.MX_TIM2_Init)
    i.MX_TIM6_Init                           0x080040c4   Section        0  tim.o(i.MX_TIM6_Init)
    i.MX_TIM7_Init                           0x08004110   Section        0  tim.o(i.MX_TIM7_Init)
    i.MX_USART1_UART_Init                    0x0800415c   Section        0  usart.o(i.MX_USART1_UART_Init)
    i.MX_USART3_UART_Init                    0x0800419c   Section        0  usart.o(i.MX_USART3_UART_Init)
    i.Measure_Period_Mode                    0x080041dc   Section        0  sht30.o(i.Measure_Period_Mode)
    Measure_Period_Mode                      0x080041dd   Thumb Code   366  sht30.o(i.Measure_Period_Mode)
    i.MemManage_Handler                      0x0800436c   Section        0  stm32l4xx_it.o(i.MemManage_Handler)
    i.NMI_Handler                            0x08004370   Section        0  stm32l4xx_it.o(i.NMI_Handler)
    i.PendSV_Handler                         0x08004374   Section        0  stm32l4xx_it.o(i.PendSV_Handler)
    i.PowerLED_OFF                           0x08004378   Section        0  powerled.o(i.PowerLED_OFF)
    PowerLED_OFF                             0x08004379   Thumb Code    26  powerled.o(i.PowerLED_OFF)
    i.PowerLED_ON                            0x0800439c   Section        0  powerled.o(i.PowerLED_ON)
    PowerLED_ON                              0x0800439d   Thumb Code    28  powerled.o(i.PowerLED_ON)
    i.RCCEx_PLLSAI1_Config                   0x080043c0   Section        0  stm32l4xx_hal_rcc_ex.o(i.RCCEx_PLLSAI1_Config)
    RCCEx_PLLSAI1_Config                     0x080043c1   Thumb Code   376  stm32l4xx_hal_rcc_ex.o(i.RCCEx_PLLSAI1_Config)
    i.RCC_SetFlashLatencyFromMSIRange        0x08004548   Section        0  stm32l4xx_hal_rcc.o(i.RCC_SetFlashLatencyFromMSIRange)
    RCC_SetFlashLatencyFromMSIRange          0x08004549   Thumb Code   148  stm32l4xx_hal_rcc.o(i.RCC_SetFlashLatencyFromMSIRange)
    i.RS485_Set_RecMode                      0x080045e4   Section        0  uart3.o(i.RS485_Set_RecMode)
    RS485_Set_RecMode                        0x080045e5   Thumb Code     2  uart3.o(i.RS485_Set_RecMode)
    i.RS485_Set_SendMode                     0x080045e6   Section        0  uart3.o(i.RS485_Set_SendMode)
    RS485_Set_SendMode                       0x080045e7   Thumb Code     2  uart3.o(i.RS485_Set_SendMode)
    i.Read_Byte                              0x080045e8   Section        0  i2c.o(i.Read_Byte)
    Read_Byte                                0x080045e9   Thumb Code   156  i2c.o(i.Read_Byte)
    i.Receive_Information                    0x08004688   Section        0  esp8266.o(i.Receive_Information)
    Receive_Information                      0x08004689   Thumb Code   148  esp8266.o(i.Receive_Information)
    i.Relay_OFF                              0x08004784   Section        0  relay.o(i.Relay_OFF)
    Relay_OFF                                0x08004785   Thumb Code    26  relay.o(i.Relay_OFF)
    i.Relay_ON                               0x080047a8   Section        0  relay.o(i.Relay_ON)
    Relay_ON                                 0x080047a9   Thumb Code    28  relay.o(i.Relay_ON)
    i.SVC_Handler                            0x080047cc   Section        0  stm32l4xx_it.o(i.SVC_Handler)
    i.SendAT                                 0x080047d0   Section        0  esp8266.o(i.SendAT)
    SendAT                                   0x080047d1   Thumb Code   112  esp8266.o(i.SendAT)
    i.SendArray                              0x08004854   Section        0  uart3.o(i.SendArray)
    SendArray                                0x08004855   Thumb Code    18  uart3.o(i.SendArray)
    i.SendString                             0x0800486c   Section        0  uart3.o(i.SendString)
    SendString                               0x0800486d   Thumb Code    24  uart3.o(i.SendString)
    i.SmartConifg                            0x08004888   Section        0  esp8266.o(i.SmartConifg)
    SmartConifg                              0x08004889   Thumb Code   266  esp8266.o(i.SmartConifg)
    i.Start                                  0x08004a78   Section        0  i2c.o(i.Start)
    Start                                    0x08004a79   Thumb Code    62  i2c.o(i.Start)
    i.Stop                                   0x08004abc   Section        0  i2c.o(i.Stop)
    Stop                                     0x08004abd   Thumb Code    46  i2c.o(i.Stop)
    i.SysTick_Handler                        0x08004af0   Section        0  stm32l4xx_it.o(i.SysTick_Handler)
    i.SystemClock_Config                     0x08004af8   Section        0  main.o(i.SystemClock_Config)
    i.SystemInit                             0x08004b6c   Section        0  system_stm32l4xx.o(i.SystemInit)
    i.TCP_Connect_Server                     0x08004b80   Section        0  esp8266.o(i.TCP_Connect_Server)
    TCP_Connect_Server                       0x08004b81   Thumb Code   412  esp8266.o(i.TCP_Connect_Server)
    i.TIM6_DAC_IRQHandler                    0x08004e74   Section        0  stm32l4xx_it.o(i.TIM6_DAC_IRQHandler)
    i.TIM_Base_SetConfig                     0x08004e84   Section        0  stm32l4xx_hal_tim.o(i.TIM_Base_SetConfig)
    i.TIM_CCxChannelCmd                      0x08004ef8   Section        0  stm32l4xx_hal_tim.o(i.TIM_CCxChannelCmd)
    i.TIM_ETR_SetConfig                      0x08004f1a   Section        0  stm32l4xx_hal_tim.o(i.TIM_ETR_SetConfig)
    i.TIM_ITRx_SetConfig                     0x08004f30   Section        0  stm32l4xx_hal_tim.o(i.TIM_ITRx_SetConfig)
    TIM_ITRx_SetConfig                       0x08004f31   Thumb Code    18  stm32l4xx_hal_tim.o(i.TIM_ITRx_SetConfig)
    i.TIM_OC1_SetConfig                      0x08004f44   Section        0  stm32l4xx_hal_tim.o(i.TIM_OC1_SetConfig)
    TIM_OC1_SetConfig                        0x08004f45   Thumb Code   118  stm32l4xx_hal_tim.o(i.TIM_OC1_SetConfig)
    i.TIM_OC2_SetConfig                      0x08004fcc   Section        0  stm32l4xx_hal_tim.o(i.TIM_OC2_SetConfig)
    i.TIM_OC3_SetConfig                      0x0800505c   Section        0  stm32l4xx_hal_tim.o(i.TIM_OC3_SetConfig)
    TIM_OC3_SetConfig                        0x0800505d   Thumb Code   126  stm32l4xx_hal_tim.o(i.TIM_OC3_SetConfig)
    i.TIM_OC4_SetConfig                      0x080050ec   Section        0  stm32l4xx_hal_tim.o(i.TIM_OC4_SetConfig)
    TIM_OC4_SetConfig                        0x080050ed   Thumb Code    80  stm32l4xx_hal_tim.o(i.TIM_OC4_SetConfig)
    i.TIM_OC5_SetConfig                      0x0800514c   Section        0  stm32l4xx_hal_tim.o(i.TIM_OC5_SetConfig)
    TIM_OC5_SetConfig                        0x0800514d   Thumb Code    74  stm32l4xx_hal_tim.o(i.TIM_OC5_SetConfig)
    i.TIM_OC6_SetConfig                      0x080051a8   Section        0  stm32l4xx_hal_tim.o(i.TIM_OC6_SetConfig)
    TIM_OC6_SetConfig                        0x080051a9   Thumb Code    76  stm32l4xx_hal_tim.o(i.TIM_OC6_SetConfig)
    i.TIM_TI1_ConfigInputStage               0x08005204   Section        0  stm32l4xx_hal_tim.o(i.TIM_TI1_ConfigInputStage)
    TIM_TI1_ConfigInputStage                 0x08005205   Thumb Code    38  stm32l4xx_hal_tim.o(i.TIM_TI1_ConfigInputStage)
    i.TIM_TI2_ConfigInputStage               0x0800522a   Section        0  stm32l4xx_hal_tim.o(i.TIM_TI2_ConfigInputStage)
    TIM_TI2_ConfigInputStage                 0x0800522b   Thumb Code    40  stm32l4xx_hal_tim.o(i.TIM_TI2_ConfigInputStage)
    i.Timer6_Start_IT                        0x08005254   Section        0  timer6.o(i.Timer6_Start_IT)
    Timer6_Start_IT                          0x08005255   Thumb Code    10  timer6.o(i.Timer6_Start_IT)
    i.Transfer_SHT30                         0x08005264   Section        0  esp8266.o(i.Transfer_SHT30)
    Transfer_SHT30                           0x08005265   Thumb Code   110  esp8266.o(i.Transfer_SHT30)
    i.UART_AdvFeatureConfig                  0x08005314   Section        0  stm32l4xx_hal_uart.o(i.UART_AdvFeatureConfig)
    i.UART_CheckIdleState                    0x0800540c   Section        0  stm32l4xx_hal_uart.o(i.UART_CheckIdleState)
    i.UART_DMAAbortOnError                   0x0800547e   Section        0  stm32l4xx_hal_uart.o(i.UART_DMAAbortOnError)
    UART_DMAAbortOnError                     0x0800547f   Thumb Code    24  stm32l4xx_hal_uart.o(i.UART_DMAAbortOnError)
    i.UART_DMAError                          0x08005496   Section        0  stm32l4xx_hal_uart.o(i.UART_DMAError)
    UART_DMAError                            0x08005497   Thumb Code    90  stm32l4xx_hal_uart.o(i.UART_DMAError)
    i.UART_DMAReceiveCplt                    0x080054f0   Section        0  stm32l4xx_hal_uart.o(i.UART_DMAReceiveCplt)
    UART_DMAReceiveCplt                      0x080054f1   Thumb Code   174  stm32l4xx_hal_uart.o(i.UART_DMAReceiveCplt)
    i.UART_DMARxHalfCplt                     0x0800559e   Section        0  stm32l4xx_hal_uart.o(i.UART_DMARxHalfCplt)
    UART_DMARxHalfCplt                       0x0800559f   Thumb Code    34  stm32l4xx_hal_uart.o(i.UART_DMARxHalfCplt)
    i.UART_DMATransmitCplt                   0x080055c0   Section        0  stm32l4xx_hal_uart.o(i.UART_DMATransmitCplt)
    UART_DMATransmitCplt                     0x080055c1   Thumb Code    86  stm32l4xx_hal_uart.o(i.UART_DMATransmitCplt)
    i.UART_DMATxHalfCplt                     0x08005616   Section        0  stm32l4xx_hal_uart.o(i.UART_DMATxHalfCplt)
    UART_DMATxHalfCplt                       0x08005617   Thumb Code    14  stm32l4xx_hal_uart.o(i.UART_DMATxHalfCplt)
    i.UART_EndRxTransfer                     0x08005624   Section        0  stm32l4xx_hal_uart.o(i.UART_EndRxTransfer)
    UART_EndRxTransfer                       0x08005625   Thumb Code   100  stm32l4xx_hal_uart.o(i.UART_EndRxTransfer)
    i.UART_EndTransmit_IT                    0x08005688   Section        0  stm32l4xx_hal_uart.o(i.UART_EndTransmit_IT)
    UART_EndTransmit_IT                      0x08005689   Thumb Code    46  stm32l4xx_hal_uart.o(i.UART_EndTransmit_IT)
    i.UART_EndTxTransfer                     0x080056b6   Section        0  stm32l4xx_hal_uart.o(i.UART_EndTxTransfer)
    UART_EndTxTransfer                       0x080056b7   Thumb Code    32  stm32l4xx_hal_uart.o(i.UART_EndTxTransfer)
    i.UART_RxISR_16BIT                       0x080056d6   Section        0  stm32l4xx_hal_uart.o(i.UART_RxISR_16BIT)
    UART_RxISR_16BIT                         0x080056d7   Thumb Code   204  stm32l4xx_hal_uart.o(i.UART_RxISR_16BIT)
    i.UART_RxISR_8BIT                        0x080057a2   Section        0  stm32l4xx_hal_uart.o(i.UART_RxISR_8BIT)
    UART_RxISR_8BIT                          0x080057a3   Thumb Code   200  stm32l4xx_hal_uart.o(i.UART_RxISR_8BIT)
    i.UART_SetConfig                         0x0800586c   Section        0  stm32l4xx_hal_uart.o(i.UART_SetConfig)
    i.UART_Start_Receive_DMA                 0x08005b64   Section        0  stm32l4xx_hal_uart.o(i.UART_Start_Receive_DMA)
    i.UART_Start_Receive_IT                  0x08005c38   Section        0  stm32l4xx_hal_uart.o(i.UART_Start_Receive_IT)
    i.UART_WaitOnFlagUntilTimeout            0x08005d34   Section        0  stm32l4xx_hal_uart.o(i.UART_WaitOnFlagUntilTimeout)
    i.USART1_IRQHandler                      0x08005e2c   Section        0  stm32l4xx_it.o(i.USART1_IRQHandler)
    i.USART3_IRQHandler                      0x08005e4c   Section        0  stm32l4xx_it.o(i.USART3_IRQHandler)
    i.UsageFault_Handler                     0x08005e74   Section        0  stm32l4xx_it.o(i.UsageFault_Handler)
    i.Write_Byte                             0x08005e78   Section        0  i2c.o(i.Write_Byte)
    Write_Byte                               0x08005e79   Thumb Code   160  i2c.o(i.Write_Byte)
    i.__0printf                              0x08005f1c   Section        0  printfa.o(i.__0printf)
    i.__0sprintf                             0x08005f3c   Section        0  printfa.o(i.__0sprintf)
    i.__NVIC_GetPriorityGrouping             0x08005f64   Section        0  stm32l4xx_hal_cortex.o(i.__NVIC_GetPriorityGrouping)
    __NVIC_GetPriorityGrouping               0x08005f65   Thumb Code    10  stm32l4xx_hal_cortex.o(i.__NVIC_GetPriorityGrouping)
    i.__NVIC_SetPriority                     0x08005f74   Section        0  stm32l4xx_hal_cortex.o(i.__NVIC_SetPriority)
    __NVIC_SetPriority                       0x08005f75   Thumb Code    32  stm32l4xx_hal_cortex.o(i.__NVIC_SetPriority)
    i.__scatterload_copy                     0x08005f9c   Section       14  handlers.o(i.__scatterload_copy)
    i.__scatterload_null                     0x08005faa   Section        2  handlers.o(i.__scatterload_null)
    i.__scatterload_zeroinit                 0x08005fac   Section       14  handlers.o(i.__scatterload_zeroinit)
    i._fp_digits                             0x08005fbc   Section        0  printfa.o(i._fp_digits)
    _fp_digits                               0x08005fbd   Thumb Code   366  printfa.o(i._fp_digits)
    i._printf_core                           0x08006148   Section        0  printfa.o(i._printf_core)
    _printf_core                             0x08006149   Thumb Code  1704  printfa.o(i._printf_core)
    i._printf_post_padding                   0x08006802   Section        0  printfa.o(i._printf_post_padding)
    _printf_post_padding                     0x08006803   Thumb Code    36  printfa.o(i._printf_post_padding)
    i._printf_pre_padding                    0x08006826   Section        0  printfa.o(i._printf_pre_padding)
    _printf_pre_padding                      0x08006827   Thumb Code    46  printfa.o(i._printf_pre_padding)
    i._sputc                                 0x08006854   Section        0  printfa.o(i._sputc)
    _sputc                                   0x08006855   Thumb Code    10  printfa.o(i._sputc)
    i.fputc                                  0x08006860   Section        0  usart.o(i.fputc)
    i.main                                   0x08006878   Section        0  main.o(i.main)
    .constdata                               0x080069b0   Section       72  system_stm32l4xx.o(.constdata)
    .data                                    0x20000000   Section       20  i2c.o(.data)
    .data                                    0x20000014   Section       12  timer6.o(.data)
    .data                                    0x20000020   Section       28  uart3.o(.data)
    .data                                    0x2000003c   Section       12  sht30.o(.data)
    .data                                    0x20000048   Section        8  brightness.o(.data)
    .data                                    0x20000050   Section       12  powerled.o(.data)
    .data                                    0x2000005c   Section       12  relay.o(.data)
    .data                                    0x20000068   Section       20  fan.o(.data)
    .data                                    0x2000007c   Section       36  esp8266.o(.data)
    .data                                    0x200000a0   Section        8  mq_2.o(.data)
    .data                                    0x200000a8   Section        6  main.o(.data)
    .data                                    0x200000b0   Section        9  stm32l4xx_hal.o(.data)
    .data                                    0x200000bc   Section        4  system_stm32l4xx.o(.data)
    .data                                    0x200000c0   Section        4  stdout.o(.data)
    .bss                                     0x200000c4   Section      214  uart3.o(.bss)
    ucSend_Buffer                            0x200000c4   Data          64  uart3.o(.bss)
    ucRec_Buffer                             0x20000104   Data         150  uart3.o(.bss)
    .bss                                     0x2000019c   Section      172  adc.o(.bss)
    .bss                                     0x20000248   Section      228  tim.o(.bss)
    .bss                                     0x2000032c   Section      408  usart.o(.bss)
    STACK                                    0x200004c8   Section     1024  startup_stm32l431xx.o(STACK)

    Global Symbols

    Symbol Name                              Value     Ov Type        Size  Object(Section)

    BuildAttributes$$THM_ISAv4$E$P$D$K$B$S$7EM$VFPi3$EXTD16$VFPS$VFMA$PE$A:L22UL41UL21$X:L11$S22US41US21$IEEE1$IW$USESV6$~STKCKD$USESV7$~SHL$OSPACE$ROPI$EBA8$MICROLIB$REQ8$PRES8$EABIv2 0x00000000   Number         0  anon$$obj.o ABSOLUTE
    __ARM_use_no_argv                        0x00000000   Number         0  main.o ABSOLUTE
    _printf_a                                0x00000000   Number         0  stubs.o ABSOLUTE
    _printf_c                                0x00000000   Number         0  stubs.o ABSOLUTE
    _printf_charcount                        0x00000000   Number         0  stubs.o ABSOLUTE
    _printf_d                                0x00000000   Number         0  stubs.o ABSOLUTE
    _printf_e                                0x00000000   Number         0  stubs.o ABSOLUTE
    _printf_f                                0x00000000   Number         0  stubs.o ABSOLUTE
    _printf_flags                            0x00000000   Number         0  stubs.o ABSOLUTE
    _printf_fp_dec                           0x00000000   Number         0  stubs.o ABSOLUTE
    _printf_fp_hex                           0x00000000   Number         0  stubs.o ABSOLUTE
    _printf_g                                0x00000000   Number         0  stubs.o ABSOLUTE
    _printf_i                                0x00000000   Number         0  stubs.o ABSOLUTE
    _printf_int_dec                          0x00000000   Number         0  stubs.o ABSOLUTE
    _printf_l                                0x00000000   Number         0  stubs.o ABSOLUTE
    _printf_lc                               0x00000000   Number         0  stubs.o ABSOLUTE
    _printf_ll                               0x00000000   Number         0  stubs.o ABSOLUTE
    _printf_lld                              0x00000000   Number         0  stubs.o ABSOLUTE
    _printf_lli                              0x00000000   Number         0  stubs.o ABSOLUTE
    _printf_llo                              0x00000000   Number         0  stubs.o ABSOLUTE
    _printf_llu                              0x00000000   Number         0  stubs.o ABSOLUTE
    _printf_llx                              0x00000000   Number         0  stubs.o ABSOLUTE
    _printf_longlong_dec                     0x00000000   Number         0  stubs.o ABSOLUTE
    _printf_longlong_hex                     0x00000000   Number         0  stubs.o ABSOLUTE
    _printf_longlong_oct                     0x00000000   Number         0  stubs.o ABSOLUTE
    _printf_ls                               0x00000000   Number         0  stubs.o ABSOLUTE
    _printf_mbtowc                           0x00000000   Number         0  stubs.o ABSOLUTE
    _printf_n                                0x00000000   Number         0  stubs.o ABSOLUTE
    _printf_o                                0x00000000   Number         0  stubs.o ABSOLUTE
    _printf_p                                0x00000000   Number         0  stubs.o ABSOLUTE
    _printf_percent                          0x00000000   Number         0  stubs.o ABSOLUTE
    _printf_pre_padding                      0x00000000   Number         0  stubs.o ABSOLUTE
    _printf_return_value                     0x00000000   Number         0  stubs.o ABSOLUTE
    _printf_s                                0x00000000   Number         0  stubs.o ABSOLUTE
    _printf_sizespec                         0x00000000   Number         0  stubs.o ABSOLUTE
    _printf_str                              0x00000000   Number         0  stubs.o ABSOLUTE
    _printf_truncate_signed                  0x00000000   Number         0  stubs.o ABSOLUTE
    _printf_truncate_unsigned                0x00000000   Number         0  stubs.o ABSOLUTE
    _printf_u                                0x00000000   Number         0  stubs.o ABSOLUTE
    _printf_wc                               0x00000000   Number         0  stubs.o ABSOLUTE
    _printf_wctomb                           0x00000000   Number         0  stubs.o ABSOLUTE
    _printf_widthprec                        0x00000000   Number         0  stubs.o ABSOLUTE
    _printf_x                                0x00000000   Number         0  stubs.o ABSOLUTE
    __arm_fini_                               - Undefined Weak Reference
    __cpp_initialize__aeabi_                  - Undefined Weak Reference
    __cxa_finalize                            - Undefined Weak Reference
    __decompress                              - Undefined Weak Reference
    _clock_init                               - Undefined Weak Reference
    _microlib_exit                            - Undefined Weak Reference
    __Vectors_Size                           0x0000018c   Number         0  startup_stm32l431xx.o ABSOLUTE
    __Vectors                                0x08000000   Data           4  startup_stm32l431xx.o(RESET)
    __Vectors_End                            0x0800018c   Data           0  startup_stm32l431xx.o(RESET)
    __main                                   0x0800018d   Thumb Code     0  entry.o(.ARM.Collect$$$$00000000)
    _main_stk                                0x0800018d   Thumb Code     0  entry2.o(.ARM.Collect$$$$00000001)
    _main_scatterload                        0x08000191   Thumb Code     0  entry5.o(.ARM.Collect$$$$00000004)
    __main_after_scatterload                 0x08000195   Thumb Code     0  entry5.o(.ARM.Collect$$$$00000004)
    _main_clock                              0x08000195   Thumb Code     0  entry7b.o(.ARM.Collect$$$$00000008)
    _main_cpp_init                           0x08000195   Thumb Code     0  entry8b.o(.ARM.Collect$$$$0000000A)
    _main_init                               0x08000195   Thumb Code     0  entry9a.o(.ARM.Collect$$$$0000000B)
    __rt_lib_shutdown_fini                   0x0800019d   Thumb Code     0  entry12b.o(.ARM.Collect$$$$0000000E)
    __rt_final_cpp                           0x080001a1   Thumb Code     0  entry10a.o(.ARM.Collect$$$$0000000F)
    __rt_final_exit                          0x080001a1   Thumb Code     0  entry11a.o(.ARM.Collect$$$$00000011)
    Reset_Handler                            0x080001a5   Thumb Code     8  startup_stm32l431xx.o(.text)
    ADC1_IRQHandler                          0x080001bf   Thumb Code     0  startup_stm32l431xx.o(.text)
    CAN1_RX0_IRQHandler                      0x080001bf   Thumb Code     0  startup_stm32l431xx.o(.text)
    CAN1_RX1_IRQHandler                      0x080001bf   Thumb Code     0  startup_stm32l431xx.o(.text)
    CAN1_SCE_IRQHandler                      0x080001bf   Thumb Code     0  startup_stm32l431xx.o(.text)
    CAN1_TX_IRQHandler                       0x080001bf   Thumb Code     0  startup_stm32l431xx.o(.text)
    COMP_IRQHandler                          0x080001bf   Thumb Code     0  startup_stm32l431xx.o(.text)
    CRS_IRQHandler                           0x080001bf   Thumb Code     0  startup_stm32l431xx.o(.text)
    DMA1_Channel1_IRQHandler                 0x080001bf   Thumb Code     0  startup_stm32l431xx.o(.text)
    DMA1_Channel4_IRQHandler                 0x080001bf   Thumb Code     0  startup_stm32l431xx.o(.text)
    DMA1_Channel5_IRQHandler                 0x080001bf   Thumb Code     0  startup_stm32l431xx.o(.text)
    DMA1_Channel6_IRQHandler                 0x080001bf   Thumb Code     0  startup_stm32l431xx.o(.text)
    DMA1_Channel7_IRQHandler                 0x080001bf   Thumb Code     0  startup_stm32l431xx.o(.text)
    DMA2_Channel1_IRQHandler                 0x080001bf   Thumb Code     0  startup_stm32l431xx.o(.text)
    DMA2_Channel2_IRQHandler                 0x080001bf   Thumb Code     0  startup_stm32l431xx.o(.text)
    DMA2_Channel3_IRQHandler                 0x080001bf   Thumb Code     0  startup_stm32l431xx.o(.text)
    DMA2_Channel4_IRQHandler                 0x080001bf   Thumb Code     0  startup_stm32l431xx.o(.text)
    DMA2_Channel5_IRQHandler                 0x080001bf   Thumb Code     0  startup_stm32l431xx.o(.text)
    DMA2_Channel6_IRQHandler                 0x080001bf   Thumb Code     0  startup_stm32l431xx.o(.text)
    DMA2_Channel7_IRQHandler                 0x080001bf   Thumb Code     0  startup_stm32l431xx.o(.text)
    EXTI0_IRQHandler                         0x080001bf   Thumb Code     0  startup_stm32l431xx.o(.text)
    EXTI15_10_IRQHandler                     0x080001bf   Thumb Code     0  startup_stm32l431xx.o(.text)
    EXTI1_IRQHandler                         0x080001bf   Thumb Code     0  startup_stm32l431xx.o(.text)
    EXTI2_IRQHandler                         0x080001bf   Thumb Code     0  startup_stm32l431xx.o(.text)
    EXTI3_IRQHandler                         0x080001bf   Thumb Code     0  startup_stm32l431xx.o(.text)
    EXTI4_IRQHandler                         0x080001bf   Thumb Code     0  startup_stm32l431xx.o(.text)
    EXTI9_5_IRQHandler                       0x080001bf   Thumb Code     0  startup_stm32l431xx.o(.text)
    FLASH_IRQHandler                         0x080001bf   Thumb Code     0  startup_stm32l431xx.o(.text)
    FPU_IRQHandler                           0x080001bf   Thumb Code     0  startup_stm32l431xx.o(.text)
    I2C1_ER_IRQHandler                       0x080001bf   Thumb Code     0  startup_stm32l431xx.o(.text)
    I2C1_EV_IRQHandler                       0x080001bf   Thumb Code     0  startup_stm32l431xx.o(.text)
    I2C2_ER_IRQHandler                       0x080001bf   Thumb Code     0  startup_stm32l431xx.o(.text)
    I2C2_EV_IRQHandler                       0x080001bf   Thumb Code     0  startup_stm32l431xx.o(.text)
    I2C3_ER_IRQHandler                       0x080001bf   Thumb Code     0  startup_stm32l431xx.o(.text)
    I2C3_EV_IRQHandler                       0x080001bf   Thumb Code     0  startup_stm32l431xx.o(.text)
    LPTIM1_IRQHandler                        0x080001bf   Thumb Code     0  startup_stm32l431xx.o(.text)
    LPTIM2_IRQHandler                        0x080001bf   Thumb Code     0  startup_stm32l431xx.o(.text)
    LPUART1_IRQHandler                       0x080001bf   Thumb Code     0  startup_stm32l431xx.o(.text)
    PVD_PVM_IRQHandler                       0x080001bf   Thumb Code     0  startup_stm32l431xx.o(.text)
    QUADSPI_IRQHandler                       0x080001bf   Thumb Code     0  startup_stm32l431xx.o(.text)
    RCC_IRQHandler                           0x080001bf   Thumb Code     0  startup_stm32l431xx.o(.text)
    RNG_IRQHandler                           0x080001bf   Thumb Code     0  startup_stm32l431xx.o(.text)
    RTC_Alarm_IRQHandler                     0x080001bf   Thumb Code     0  startup_stm32l431xx.o(.text)
    RTC_WKUP_IRQHandler                      0x080001bf   Thumb Code     0  startup_stm32l431xx.o(.text)
    SAI1_IRQHandler                          0x080001bf   Thumb Code     0  startup_stm32l431xx.o(.text)
    SDMMC1_IRQHandler                        0x080001bf   Thumb Code     0  startup_stm32l431xx.o(.text)
    SPI1_IRQHandler                          0x080001bf   Thumb Code     0  startup_stm32l431xx.o(.text)
    SPI2_IRQHandler                          0x080001bf   Thumb Code     0  startup_stm32l431xx.o(.text)
    SPI3_IRQHandler                          0x080001bf   Thumb Code     0  startup_stm32l431xx.o(.text)
    SWPMI1_IRQHandler                        0x080001bf   Thumb Code     0  startup_stm32l431xx.o(.text)
    TAMP_STAMP_IRQHandler                    0x080001bf   Thumb Code     0  startup_stm32l431xx.o(.text)
    TIM1_BRK_TIM15_IRQHandler                0x080001bf   Thumb Code     0  startup_stm32l431xx.o(.text)
    TIM1_CC_IRQHandler                       0x080001bf   Thumb Code     0  startup_stm32l431xx.o(.text)
    TIM1_TRG_COM_IRQHandler                  0x080001bf   Thumb Code     0  startup_stm32l431xx.o(.text)
    TIM1_UP_TIM16_IRQHandler                 0x080001bf   Thumb Code     0  startup_stm32l431xx.o(.text)
    TIM2_IRQHandler                          0x080001bf   Thumb Code     0  startup_stm32l431xx.o(.text)
    TIM7_IRQHandler                          0x080001bf   Thumb Code     0  startup_stm32l431xx.o(.text)
    TSC_IRQHandler                           0x080001bf   Thumb Code     0  startup_stm32l431xx.o(.text)
    USART2_IRQHandler                        0x080001bf   Thumb Code     0  startup_stm32l431xx.o(.text)
    WWDG_IRQHandler                          0x080001bf   Thumb Code     0  startup_stm32l431xx.o(.text)
    __aeabi_uldivmod                         0x080001c9   Thumb Code    98  uldiv.o(.text)
    __aeabi_memset                           0x08000231   Thumb Code    14  memseta.o(.text)
    __aeabi_memset4                          0x08000231   Thumb Code     0  memseta.o(.text)
    __aeabi_memset8                          0x08000231   Thumb Code     0  memseta.o(.text)
    __aeabi_memclr                           0x0800023f   Thumb Code     4  memseta.o(.text)
    __aeabi_memclr4                          0x0800023f   Thumb Code     0  memseta.o(.text)
    __aeabi_memclr8                          0x0800023f   Thumb Code     0  memseta.o(.text)
    _memset$wrapper                          0x08000243   Thumb Code    18  memseta.o(.text)
    strstr                                   0x08000255   Thumb Code    36  strstr.o(.text)
    strlen                                   0x08000279   Thumb Code    14  strlen.o(.text)
    __aeabi_f2d                              0x08000287   Thumb Code    38  f2d.o(.text)
    __aeabi_uidiv                            0x080002ad   Thumb Code     0  uidiv.o(.text)
    __aeabi_uidivmod                         0x080002ad   Thumb Code    44  uidiv.o(.text)
    __aeabi_llsl                             0x080002d9   Thumb Code    30  llshl.o(.text)
    _ll_shift_l                              0x080002d9   Thumb Code     0  llshl.o(.text)
    __aeabi_llsr                             0x080002f7   Thumb Code    32  llushr.o(.text)
    _ll_ushift_r                             0x080002f7   Thumb Code     0  llushr.o(.text)
    __I$use$fp                               0x08000317   Thumb Code     0  iusefp.o(.text)
    __aeabi_dadd                             0x08000317   Thumb Code   322  dadd.o(.text)
    __aeabi_dsub                             0x08000459   Thumb Code     6  dadd.o(.text)
    __aeabi_drsub                            0x0800045f   Thumb Code     6  dadd.o(.text)
    __aeabi_dmul                             0x08000475   Thumb Code   228  dmul.o(.text)
    __aeabi_ddiv                             0x0800055f   Thumb Code   222  ddiv.o(.text)
    __aeabi_d2ulz                            0x0800063d   Thumb Code    48  dfixul.o(.text)
    __aeabi_cdrcmple                         0x0800066d   Thumb Code    48  cdrcmple.o(.text)
    __scatterload                            0x0800069d   Thumb Code    28  init.o(.text)
    __scatterload_rt2                        0x0800069d   Thumb Code     0  init.o(.text)
    __aeabi_lasr                             0x080006c1   Thumb Code    36  llsshr.o(.text)
    _ll_sshift_r                             0x080006c1   Thumb Code     0  llsshr.o(.text)
    _double_round                            0x080006e5   Thumb Code    30  depilogue.o(.text)
    _double_epilogue                         0x08000703   Thumb Code   156  depilogue.o(.text)
    ADC_DMAConvCplt                          0x0800079f   Thumb Code   146  stm32l4xx_hal_adc.o(i.ADC_DMAConvCplt)
    ADC_DMAError                             0x08000831   Thumb Code    30  stm32l4xx_hal_adc.o(i.ADC_DMAError)
    ADC_DMAHalfConvCplt                      0x0800084f   Thumb Code    14  stm32l4xx_hal_adc.o(i.ADC_DMAHalfConvCplt)
    ADC_Disable                              0x0800085d   Thumb Code   142  stm32l4xx_hal_adc.o(i.ADC_Disable)
    ADC_Enable                               0x080008f1   Thumb Code   182  stm32l4xx_hal_adc.o(i.ADC_Enable)
    BusFault_Handler                         0x08000a39   Thumb Code     4  stm32l4xx_it.o(i.BusFault_Handler)
    DMA1_Channel2_IRQHandler                 0x08000a7d   Thumb Code    10  stm32l4xx_it.o(i.DMA1_Channel2_IRQHandler)
    DMA1_Channel3_IRQHandler                 0x08000a8d   Thumb Code    10  stm32l4xx_it.o(i.DMA1_Channel3_IRQHandler)
    DebugMon_Handler                         0x08000af5   Thumb Code     2  stm32l4xx_it.o(i.DebugMon_Handler)
    Delay_us                                 0x08000af9   Thumb Code    60  tim.o(i.Delay_us)
    Error_Handler                            0x08000b49   Thumb Code     6  main.o(i.Error_Handler)
    HAL_ADCEx_Calibration_Start              0x08000b9d   Thumb Code   166  stm32l4xx_hal_adc_ex.o(i.HAL_ADCEx_Calibration_Start)
    HAL_ADC_ConfigChannel                    0x08000c49   Thumb Code  1202  stm32l4xx_hal_adc.o(i.HAL_ADC_ConfigChannel)
    HAL_ADC_ConvCpltCallback                 0x0800111b   Thumb Code     2  stm32l4xx_hal_adc.o(i.HAL_ADC_ConvCpltCallback)
    HAL_ADC_ConvHalfCpltCallback             0x0800111d   Thumb Code     2  stm32l4xx_hal_adc.o(i.HAL_ADC_ConvHalfCpltCallback)
    HAL_ADC_ErrorCallback                    0x0800111f   Thumb Code     2  stm32l4xx_hal_adc.o(i.HAL_ADC_ErrorCallback)
    HAL_ADC_Init                             0x08001121   Thumb Code   484  stm32l4xx_hal_adc.o(i.HAL_ADC_Init)
    HAL_ADC_MspInit                          0x08001321   Thumb Code   214  adc.o(i.HAL_ADC_MspInit)
    HAL_ADC_Start_DMA                        0x0800140d   Thumb Code   192  stm32l4xx_hal_adc.o(i.HAL_ADC_Start_DMA)
    HAL_DMA_Abort                            0x080014d9   Thumb Code    90  stm32l4xx_hal_dma.o(i.HAL_DMA_Abort)
    HAL_DMA_Abort_IT                         0x08001533   Thumb Code    92  stm32l4xx_hal_dma.o(i.HAL_DMA_Abort_IT)
    HAL_DMA_GetError                         0x0800158f   Thumb Code     6  stm32l4xx_hal_dma.o(i.HAL_DMA_GetError)
    HAL_DMA_IRQHandler                       0x08001595   Thumb Code   254  stm32l4xx_hal_dma.o(i.HAL_DMA_IRQHandler)
    HAL_DMA_Init                             0x08001695   Thumb Code   258  stm32l4xx_hal_dma.o(i.HAL_DMA_Init)
    HAL_DMA_Start_IT                         0x080017a1   Thumb Code   156  stm32l4xx_hal_dma.o(i.HAL_DMA_Start_IT)
    HAL_Delay                                0x0800183d   Thumb Code    36  stm32l4xx_hal.o(i.HAL_Delay)
    HAL_GPIO_Init                            0x08001865   Thumb Code   418  stm32l4xx_hal_gpio.o(i.HAL_GPIO_Init)
    HAL_GPIO_ReadPin                         0x08001a25   Thumb Code    16  stm32l4xx_hal_gpio.o(i.HAL_GPIO_ReadPin)
    HAL_GPIO_TogglePin                       0x08001a35   Thumb Code    20  stm32l4xx_hal_gpio.o(i.HAL_GPIO_TogglePin)
    HAL_GPIO_WritePin                        0x08001a49   Thumb Code    10  stm32l4xx_hal_gpio.o(i.HAL_GPIO_WritePin)
    HAL_GetTick                              0x08001a55   Thumb Code     6  stm32l4xx_hal.o(i.HAL_GetTick)
    HAL_IncTick                              0x08001a61   Thumb Code    16  stm32l4xx_hal.o(i.HAL_IncTick)
    HAL_Init                                 0x08001a79   Thumb Code    30  stm32l4xx_hal.o(i.HAL_Init)
    HAL_InitTick                             0x08001a99   Thumb Code    74  stm32l4xx_hal.o(i.HAL_InitTick)
    HAL_MspInit                              0x08001af1   Thumb Code    64  stm32l4xx_hal_msp.o(i.HAL_MspInit)
    HAL_NVIC_EnableIRQ                       0x08001b35   Thumb Code    40  stm32l4xx_hal_cortex.o(i.HAL_NVIC_EnableIRQ)
    HAL_NVIC_SetPriority                     0x08001b5d   Thumb Code   124  stm32l4xx_hal_cortex.o(i.HAL_NVIC_SetPriority)
    HAL_NVIC_SetPriorityGrouping             0x08001be1   Thumb Code    32  stm32l4xx_hal_cortex.o(i.HAL_NVIC_SetPriorityGrouping)
    HAL_PWREx_ControlVoltageScaling          0x08001c09   Thumb Code   128  stm32l4xx_hal_pwr_ex.o(i.HAL_PWREx_ControlVoltageScaling)
    HAL_PWREx_GetVoltageRange                0x08001c95   Thumb Code    10  stm32l4xx_hal_pwr_ex.o(i.HAL_PWREx_GetVoltageRange)
    HAL_RCCEx_PeriphCLKConfig                0x08001ca5   Thumb Code   894  stm32l4xx_hal_rcc_ex.o(i.HAL_RCCEx_PeriphCLKConfig)
    HAL_RCC_ClockConfig                      0x0800202d   Thumb Code   414  stm32l4xx_hal_rcc.o(i.HAL_RCC_ClockConfig)
    HAL_RCC_GetHCLKFreq                      0x080021e1   Thumb Code     6  stm32l4xx_hal_rcc.o(i.HAL_RCC_GetHCLKFreq)
    HAL_RCC_GetPCLK1Freq                     0x080021ed   Thumb Code    26  stm32l4xx_hal_rcc.o(i.HAL_RCC_GetPCLK1Freq)
    HAL_RCC_GetPCLK2Freq                     0x08002211   Thumb Code    26  stm32l4xx_hal_rcc.o(i.HAL_RCC_GetPCLK2Freq)
    HAL_RCC_GetSysClockFreq                  0x08002235   Thumb Code   220  stm32l4xx_hal_rcc.o(i.HAL_RCC_GetSysClockFreq)
    HAL_RCC_OscConfig                        0x08002321   Thumb Code  1856  stm32l4xx_hal_rcc.o(i.HAL_RCC_OscConfig)
    HAL_SYSTICK_Config                       0x08002a71   Thumb Code    52  stm32l4xx_hal_cortex.o(i.HAL_SYSTICK_Config)
    HAL_TIMEx_Break2Callback                 0x08002aa5   Thumb Code     2  stm32l4xx_hal_tim_ex.o(i.HAL_TIMEx_Break2Callback)
    HAL_TIMEx_BreakCallback                  0x08002aa7   Thumb Code     2  stm32l4xx_hal_tim_ex.o(i.HAL_TIMEx_BreakCallback)
    HAL_TIMEx_CommutCallback                 0x08002aa9   Thumb Code     2  stm32l4xx_hal_tim_ex.o(i.HAL_TIMEx_CommutCallback)
    HAL_TIMEx_MasterConfigSynchronization    0x08002aad   Thumb Code   126  stm32l4xx_hal_tim_ex.o(i.HAL_TIMEx_MasterConfigSynchronization)
    HAL_TIM_Base_Init                        0x08002b35   Thumb Code   110  stm32l4xx_hal_tim.o(i.HAL_TIM_Base_Init)
    HAL_TIM_Base_MspInit                     0x08002ba5   Thumb Code   132  tim.o(i.HAL_TIM_Base_MspInit)
    HAL_TIM_Base_Start_IT                    0x08002c35   Thumb Code   106  stm32l4xx_hal_tim.o(i.HAL_TIM_Base_Start_IT)
    HAL_TIM_ConfigClockSource                0x08002cad   Thumb Code   268  stm32l4xx_hal_tim.o(i.HAL_TIM_ConfigClockSource)
    HAL_TIM_IC_CaptureCallback               0x08002dbd   Thumb Code     2  stm32l4xx_hal_tim.o(i.HAL_TIM_IC_CaptureCallback)
    HAL_TIM_IRQHandler                       0x08002dbf   Thumb Code   440  stm32l4xx_hal_tim.o(i.HAL_TIM_IRQHandler)
    HAL_TIM_MspPostInit                      0x08002f79   Thumb Code    82  tim.o(i.HAL_TIM_MspPostInit)
    HAL_TIM_OC_DelayElapsedCallback          0x08002fd1   Thumb Code     2  stm32l4xx_hal_tim.o(i.HAL_TIM_OC_DelayElapsedCallback)
    HAL_TIM_PWM_ConfigChannel                0x08002fd3   Thumb Code   368  stm32l4xx_hal_tim.o(i.HAL_TIM_PWM_ConfigChannel)
    HAL_TIM_PWM_Init                         0x08003143   Thumb Code   110  stm32l4xx_hal_tim.o(i.HAL_TIM_PWM_Init)
    HAL_TIM_PWM_MspInit                      0x080031b1   Thumb Code     2  stm32l4xx_hal_tim.o(i.HAL_TIM_PWM_MspInit)
    HAL_TIM_PWM_PulseFinishedCallback        0x080031b3   Thumb Code     2  stm32l4xx_hal_tim.o(i.HAL_TIM_PWM_PulseFinishedCallback)
    HAL_TIM_PWM_Start                        0x080031b5   Thumb Code   258  stm32l4xx_hal_tim.o(i.HAL_TIM_PWM_Start)
    HAL_TIM_PeriodElapsedCallback            0x080032c9   Thumb Code    74  tim.o(i.HAL_TIM_PeriodElapsedCallback)
    HAL_TIM_TriggerCallback                  0x08003321   Thumb Code     2  stm32l4xx_hal_tim.o(i.HAL_TIM_TriggerCallback)
    HAL_UARTEx_RxEventCallback               0x08003323   Thumb Code     2  stm32l4xx_hal_uart.o(i.HAL_UARTEx_RxEventCallback)
    HAL_UARTEx_WakeupCallback                0x08003325   Thumb Code     2  stm32l4xx_hal_uart_ex.o(i.HAL_UARTEx_WakeupCallback)
    HAL_UART_DMAStop                         0x08003327   Thumb Code   180  stm32l4xx_hal_uart.o(i.HAL_UART_DMAStop)
    HAL_UART_ErrorCallback                   0x080033db   Thumb Code     2  stm32l4xx_hal_uart.o(i.HAL_UART_ErrorCallback)
    HAL_UART_IRQHandler                      0x080033dd   Thumb Code   832  stm32l4xx_hal_uart.o(i.HAL_UART_IRQHandler)
    HAL_UART_IdleCallback                    0x08003725   Thumb Code    22  usart.o(i.HAL_UART_IdleCallback)
    HAL_UART_Init                            0x08003745   Thumb Code   116  stm32l4xx_hal_uart.o(i.HAL_UART_Init)
    HAL_UART_MspInit                         0x080037b9   Thumb Code   400  usart.o(i.HAL_UART_MspInit)
    HAL_UART_Receive_DMA                     0x08003965   Thumb Code   108  stm32l4xx_hal_uart.o(i.HAL_UART_Receive_DMA)
    HAL_UART_Receive_IT                      0x080039d5   Thumb Code   108  stm32l4xx_hal_uart.o(i.HAL_UART_Receive_IT)
    HAL_UART_RxCpltCallback                  0x08003a45   Thumb Code    26  usart.o(i.HAL_UART_RxCpltCallback)
    HAL_UART_RxHalfCpltCallback              0x08003a6d   Thumb Code     2  stm32l4xx_hal_uart.o(i.HAL_UART_RxHalfCpltCallback)
    HAL_UART_Transmit                        0x08003a6f   Thumb Code   210  stm32l4xx_hal_uart.o(i.HAL_UART_Transmit)
    HAL_UART_Transmit_DMA                    0x08003b49   Thumb Code   186  stm32l4xx_hal_uart.o(i.HAL_UART_Transmit_DMA)
    HAL_UART_TxCpltCallback                  0x08003c11   Thumb Code     2  stm32l4xx_hal_uart.o(i.HAL_UART_TxCpltCallback)
    HAL_UART_TxHalfCpltCallback              0x08003c13   Thumb Code     2  stm32l4xx_hal_uart.o(i.HAL_UART_TxHalfCpltCallback)
    HardFault_Handler                        0x08003c15   Thumb Code     4  stm32l4xx_it.o(i.HardFault_Handler)
    MX_ADC1_Init                             0x08003df5   Thumb Code   148  adc.o(i.MX_ADC1_Init)
    MX_DMA_Init                              0x08003e99   Thumb Code    64  dma.o(i.MX_DMA_Init)
    MX_GPIO_Init                             0x08003edd   Thumb Code   262  gpio.o(i.MX_GPIO_Init)
    MX_TIM2_Init                             0x08003ff1   Thumb Code   208  tim.o(i.MX_TIM2_Init)
    MX_TIM6_Init                             0x080040c5   Thumb Code    68  tim.o(i.MX_TIM6_Init)
    MX_TIM7_Init                             0x08004111   Thumb Code    68  tim.o(i.MX_TIM7_Init)
    MX_USART1_UART_Init                      0x0800415d   Thumb Code    56  usart.o(i.MX_USART1_UART_Init)
    MX_USART3_UART_Init                      0x0800419d   Thumb Code    56  usart.o(i.MX_USART3_UART_Init)
    MemManage_Handler                        0x0800436d   Thumb Code     4  stm32l4xx_it.o(i.MemManage_Handler)
    NMI_Handler                              0x08004371   Thumb Code     4  stm32l4xx_it.o(i.NMI_Handler)
    PendSV_Handler                           0x08004375   Thumb Code     2  stm32l4xx_it.o(i.PendSV_Handler)
    SVC_Handler                              0x080047cd   Thumb Code     2  stm32l4xx_it.o(i.SVC_Handler)
    SysTick_Handler                          0x08004af1   Thumb Code     8  stm32l4xx_it.o(i.SysTick_Handler)
    SystemClock_Config                       0x08004af9   Thumb Code   114  main.o(i.SystemClock_Config)
    SystemInit                               0x08004b6d   Thumb Code    14  system_stm32l4xx.o(i.SystemInit)
    TIM6_DAC_IRQHandler                      0x08004e75   Thumb Code    10  stm32l4xx_it.o(i.TIM6_DAC_IRQHandler)
    TIM_Base_SetConfig                       0x08004e85   Thumb Code   104  stm32l4xx_hal_tim.o(i.TIM_Base_SetConfig)
    TIM_CCxChannelCmd                        0x08004ef9   Thumb Code    34  stm32l4xx_hal_tim.o(i.TIM_CCxChannelCmd)
    TIM_ETR_SetConfig                        0x08004f1b   Thumb Code    22  stm32l4xx_hal_tim.o(i.TIM_ETR_SetConfig)
    TIM_OC2_SetConfig                        0x08004fcd   Thumb Code   128  stm32l4xx_hal_tim.o(i.TIM_OC2_SetConfig)
    UART_AdvFeatureConfig                    0x08005315   Thumb Code   248  stm32l4xx_hal_uart.o(i.UART_AdvFeatureConfig)
    UART_CheckIdleState                      0x0800540d   Thumb Code   114  stm32l4xx_hal_uart.o(i.UART_CheckIdleState)
    UART_SetConfig                           0x0800586d   Thumb Code   722  stm32l4xx_hal_uart.o(i.UART_SetConfig)
    UART_Start_Receive_DMA                   0x08005b65   Thumb Code   198  stm32l4xx_hal_uart.o(i.UART_Start_Receive_DMA)
    UART_Start_Receive_IT                    0x08005c39   Thumb Code   242  stm32l4xx_hal_uart.o(i.UART_Start_Receive_IT)
    UART_WaitOnFlagUntilTimeout              0x08005d35   Thumb Code   248  stm32l4xx_hal_uart.o(i.UART_WaitOnFlagUntilTimeout)
    USART1_IRQHandler                        0x08005e2d   Thumb Code    28  stm32l4xx_it.o(i.USART1_IRQHandler)
    USART3_IRQHandler                        0x08005e4d   Thumb Code    36  stm32l4xx_it.o(i.USART3_IRQHandler)
    UsageFault_Handler                       0x08005e75   Thumb Code     4  stm32l4xx_it.o(i.UsageFault_Handler)
    __0printf                                0x08005f1d   Thumb Code    22  printfa.o(i.__0printf)
    __1printf                                0x08005f1d   Thumb Code     0  printfa.o(i.__0printf)
    __2printf                                0x08005f1d   Thumb Code     0  printfa.o(i.__0printf)
    __c89printf                              0x08005f1d   Thumb Code     0  printfa.o(i.__0printf)
    printf                                   0x08005f1d   Thumb Code     0  printfa.o(i.__0printf)
    __0sprintf                               0x08005f3d   Thumb Code    34  printfa.o(i.__0sprintf)
    __1sprintf                               0x08005f3d   Thumb Code     0  printfa.o(i.__0sprintf)
    __2sprintf                               0x08005f3d   Thumb Code     0  printfa.o(i.__0sprintf)
    __c89sprintf                             0x08005f3d   Thumb Code     0  printfa.o(i.__0sprintf)
    sprintf                                  0x08005f3d   Thumb Code     0  printfa.o(i.__0sprintf)
    __scatterload_copy                       0x08005f9d   Thumb Code    14  handlers.o(i.__scatterload_copy)
    __scatterload_null                       0x08005fab   Thumb Code     2  handlers.o(i.__scatterload_null)
    __scatterload_zeroinit                   0x08005fad   Thumb Code    14  handlers.o(i.__scatterload_zeroinit)
    fputc                                    0x08006861   Thumb Code    20  usart.o(i.fputc)
    main                                     0x08006879   Thumb Code   222  main.o(i.main)
    AHBPrescTable                            0x080069b0   Data          16  system_stm32l4xx.o(.constdata)
    APBPrescTable                            0x080069c0   Data           8  system_stm32l4xx.o(.constdata)
    MSIRangeTable                            0x080069c8   Data          48  system_stm32l4xx.o(.constdata)
    Region$$Table$$Base                      0x080069f8   Number         0  anon$$obj.o(Region$$Table)
    Region$$Table$$Limit                     0x08006a18   Number         0  anon$$obj.o(Region$$Table)
    I2C_Soft                                 0x20000000   Data          20  i2c.o(.data)
    Timer6                                   0x20000014   Data          12  timer6.o(.data)
    UART3                                    0x20000020   Data          28  uart3.o(.data)
    SHT30                                    0x2000003c   Data          12  sht30.o(.data)
    tBrightness                              0x20000048   Data           8  brightness.o(.data)
    tPowerLED                                0x20000050   Data          12  powerled.o(.data)
    tRelay                                   0x2000005c   Data          12  relay.o(.data)
    tFAN                                     0x20000068   Data          20  fan.o(.data)
    ESP8266                                  0x2000007c   Data          36  esp8266.o(.data)
    tMQ_2                                    0x200000a0   Data           8  mq_2.o(.data)
    dat_Rxd                                  0x200000a8   Data           1  main.o(.data)
    ADC_Value                                0x200000aa   Data           4  main.o(.data)
    uwTick                                   0x200000b0   Data           4  stm32l4xx_hal.o(.data)
    uwTickPrio                               0x200000b4   Data           4  stm32l4xx_hal.o(.data)
    uwTickFreq                               0x200000b8   Data           1  stm32l4xx_hal.o(.data)
    SystemCoreClock                          0x200000bc   Data           4  system_stm32l4xx.o(.data)
    __stdout                                 0x200000c0   Data           4  stdout.o(.data)
    hadc1                                    0x2000019c   Data         100  adc.o(.bss)
    hdma_adc1                                0x20000200   Data          72  adc.o(.bss)
    htim2                                    0x20000248   Data          76  tim.o(.bss)
    htim6                                    0x20000294   Data          76  tim.o(.bss)
    htim7                                    0x200002e0   Data          76  tim.o(.bss)
    huart1                                   0x2000032c   Data         132  usart.o(.bss)
    huart3                                   0x200003b0   Data         132  usart.o(.bss)
    hdma_usart3_rx                           0x20000434   Data          72  usart.o(.bss)
    hdma_usart3_tx                           0x2000047c   Data          72  usart.o(.bss)
    __initial_sp                             0x200008c8   Data           0  startup_stm32l431xx.o(STACK)



==============================================================================

Memory Map of the image

  Image Entry point : 0x0800018d

  Load Region LR_IROM1 (Base: 0x08000000, Size: 0x00006adc, Max: 0x00040000, ABSOLUTE)

    Execution Region ER_IROM1 (Exec base: 0x08000000, Load base: 0x08000000, Size: 0x00006a18, Max: 0x00040000, ABSOLUTE)

    Exec Addr    Load Addr    Size         Type   Attr      Idx    E Section Name        Object

    0x08000000   0x08000000   0x0000018c   Data   RO            3    RESET               startup_stm32l431xx.o
    0x0800018c   0x0800018c   0x00000000   Code   RO         5001  * .ARM.Collect$$$$00000000  mc_w.l(entry.o)
    0x0800018c   0x0800018c   0x00000004   Code   RO         5275    .ARM.Collect$$$$00000001  mc_w.l(entry2.o)
    0x08000190   0x08000190   0x00000004   Code   RO         5278    .ARM.Collect$$$$00000004  mc_w.l(entry5.o)
    0x08000194   0x08000194   0x00000000   Code   RO         5280    .ARM.Collect$$$$00000008  mc_w.l(entry7b.o)
    0x08000194   0x08000194   0x00000000   Code   RO         5282    .ARM.Collect$$$$0000000A  mc_w.l(entry8b.o)
    0x08000194   0x08000194   0x00000008   Code   RO         5283    .ARM.Collect$$$$0000000B  mc_w.l(entry9a.o)
    0x0800019c   0x0800019c   0x00000004   Code   RO         5290    .ARM.Collect$$$$0000000E  mc_w.l(entry12b.o)
    0x080001a0   0x080001a0   0x00000000   Code   RO         5285    .ARM.Collect$$$$0000000F  mc_w.l(entry10a.o)
    0x080001a0   0x080001a0   0x00000000   Code   RO         5287    .ARM.Collect$$$$00000011  mc_w.l(entry11a.o)
    0x080001a0   0x080001a0   0x00000004   Code   RO         5276    .ARM.Collect$$$$00002712  mc_w.l(entry2.o)
    0x080001a4   0x080001a4   0x00000024   Code   RO            4    .text               startup_stm32l431xx.o
    0x080001c8   0x080001c8   0x00000068   Code   RO         5004    .text               mc_w.l(uldiv.o)
    0x08000230   0x08000230   0x00000024   Code   RO         5006    .text               mc_w.l(memseta.o)
    0x08000254   0x08000254   0x00000024   Code   RO         5008    .text               mc_w.l(strstr.o)
    0x08000278   0x08000278   0x0000000e   Code   RO         5010    .text               mc_w.l(strlen.o)
    0x08000286   0x08000286   0x00000026   Code   RO         5273    .text               mf_w.l(f2d.o)
    0x080002ac   0x080002ac   0x0000002c   Code   RO         5292    .text               mc_w.l(uidiv.o)
    0x080002d8   0x080002d8   0x0000001e   Code   RO         5294    .text               mc_w.l(llshl.o)
    0x080002f6   0x080002f6   0x00000020   Code   RO         5296    .text               mc_w.l(llushr.o)
    0x08000316   0x08000316   0x00000000   Code   RO         5298    .text               mc_w.l(iusefp.o)
    0x08000316   0x08000316   0x0000015e   Code   RO         5299    .text               mf_w.l(dadd.o)
    0x08000474   0x08000474   0x000000ea   Code   RO         5301    .text               mf_w.l(dmul.o)
    0x0800055e   0x0800055e   0x000000de   Code   RO         5303    .text               mf_w.l(ddiv.o)
    0x0800063c   0x0800063c   0x00000030   Code   RO         5305    .text               mf_w.l(dfixul.o)
    0x0800066c   0x0800066c   0x00000030   Code   RO         5307    .text               mf_w.l(cdrcmple.o)
    0x0800069c   0x0800069c   0x00000024   Code   RO         5309    .text               mc_w.l(init.o)
    0x080006c0   0x080006c0   0x00000024   Code   RO         5311    .text               mc_w.l(llsshr.o)
    0x080006e4   0x080006e4   0x000000ba   Code   RO         5313    .text               mf_w.l(depilogue.o)
    0x0800079e   0x0800079e   0x00000092   Code   RO         1033    i.ADC_DMAConvCplt   stm32l4xx_hal_adc.o
    0x08000830   0x08000830   0x0000001e   Code   RO         1034    i.ADC_DMAError      stm32l4xx_hal_adc.o
    0x0800084e   0x0800084e   0x0000000e   Code   RO         1035    i.ADC_DMAHalfConvCplt  stm32l4xx_hal_adc.o
    0x0800085c   0x0800085c   0x00000094   Code   RO         1036    i.ADC_Disable       stm32l4xx_hal_adc.o
    0x080008f0   0x080008f0   0x000000c8   Code   RO         1037    i.ADC_Enable        stm32l4xx_hal_adc.o
    0x080009b8   0x080009b8   0x00000014   Code   RO          469    i.AdjustSpeed       fan.o
    0x080009cc   0x080009cc   0x0000006c   Code   RO          361    i.Brightness_Detect  brightness.o
    0x08000a38   0x08000a38   0x00000004   Code   RO          902    i.BusFault_Handler  stm32l4xx_it.o
    0x08000a3c   0x08000a3c   0x0000003e   Code   RO          327    i.CRC_8             sht30.o
    0x08000a7a   0x08000a7a   0x00000002   PAD
    0x08000a7c   0x08000a7c   0x00000010   Code   RO          903    i.DMA1_Channel2_IRQHandler  stm32l4xx_it.o
    0x08000a8c   0x08000a8c   0x00000010   Code   RO          904    i.DMA1_Channel3_IRQHandler  stm32l4xx_it.o
    0x08000a9c   0x08000a9c   0x00000028   Code   RO          513    i.DMA_Receive_Set   esp8266.o
    0x08000ac4   0x08000ac4   0x00000030   Code   RO         2838    i.DMA_SetConfig     stm32l4xx_hal_dma.o
    0x08000af4   0x08000af4   0x00000002   Code   RO          905    i.DebugMon_Handler  stm32l4xx_it.o
    0x08000af6   0x08000af6   0x00000002   PAD
    0x08000af8   0x08000af8   0x00000040   Code   RO          763    i.Delay_us          tim.o
    0x08000b38   0x08000b38   0x00000010   Code   RO          514    i.Error             esp8266.o
    0x08000b48   0x08000b48   0x00000006   Code   RO          631    i.Error_Handler     main.o
    0x08000b4e   0x08000b4e   0x00000002   PAD
    0x08000b50   0x08000b50   0x00000018   Code   RO          470    i.FAN_Init          fan.o
    0x08000b68   0x08000b68   0x00000018   Code   RO          471    i.FAN_OFF           fan.o
    0x08000b80   0x08000b80   0x0000001c   Code   RO          472    i.FAN_ON            fan.o
    0x08000b9c   0x08000b9c   0x000000ac   Code   RO         1293    i.HAL_ADCEx_Calibration_Start  stm32l4xx_hal_adc_ex.o
    0x08000c48   0x08000c48   0x000004d2   Code   RO         1039    i.HAL_ADC_ConfigChannel  stm32l4xx_hal_adc.o
    0x0800111a   0x0800111a   0x00000002   Code   RO         1040    i.HAL_ADC_ConvCpltCallback  stm32l4xx_hal_adc.o
    0x0800111c   0x0800111c   0x00000002   Code   RO         1041    i.HAL_ADC_ConvHalfCpltCallback  stm32l4xx_hal_adc.o
    0x0800111e   0x0800111e   0x00000002   Code   RO         1043    i.HAL_ADC_ErrorCallback  stm32l4xx_hal_adc.o
    0x08001120   0x08001120   0x00000200   Code   RO         1048    i.HAL_ADC_Init      stm32l4xx_hal_adc.o
    0x08001320   0x08001320   0x000000ec   Code   RO          698    i.HAL_ADC_MspInit   adc.o
    0x0800140c   0x0800140c   0x000000cc   Code   RO         1055    i.HAL_ADC_Start_DMA  stm32l4xx_hal_adc.o
    0x080014d8   0x080014d8   0x0000005a   Code   RO         2839    i.HAL_DMA_Abort     stm32l4xx_hal_dma.o
    0x08001532   0x08001532   0x0000005c   Code   RO         2840    i.HAL_DMA_Abort_IT  stm32l4xx_hal_dma.o
    0x0800158e   0x0800158e   0x00000006   Code   RO         2842    i.HAL_DMA_GetError  stm32l4xx_hal_dma.o
    0x08001594   0x08001594   0x000000fe   Code   RO         2844    i.HAL_DMA_IRQHandler  stm32l4xx_hal_dma.o
    0x08001692   0x08001692   0x00000002   PAD
    0x08001694   0x08001694   0x0000010c   Code   RO         2845    i.HAL_DMA_Init      stm32l4xx_hal_dma.o
    0x080017a0   0x080017a0   0x0000009c   Code   RO         2849    i.HAL_DMA_Start_IT  stm32l4xx_hal_dma.o
    0x0800183c   0x0800183c   0x00000028   Code   RO         1496    i.HAL_Delay         stm32l4xx_hal.o
    0x08001864   0x08001864   0x000001c0   Code   RO         2775    i.HAL_GPIO_Init     stm32l4xx_hal_gpio.o
    0x08001a24   0x08001a24   0x00000010   Code   RO         2777    i.HAL_GPIO_ReadPin  stm32l4xx_hal_gpio.o
    0x08001a34   0x08001a34   0x00000014   Code   RO         2778    i.HAL_GPIO_TogglePin  stm32l4xx_hal_gpio.o
    0x08001a48   0x08001a48   0x0000000a   Code   RO         2779    i.HAL_GPIO_WritePin  stm32l4xx_hal_gpio.o
    0x08001a52   0x08001a52   0x00000002   PAD
    0x08001a54   0x08001a54   0x0000000c   Code   RO         1500    i.HAL_GetTick       stm32l4xx_hal.o
    0x08001a60   0x08001a60   0x00000018   Code   RO         1506    i.HAL_IncTick       stm32l4xx_hal.o
    0x08001a78   0x08001a78   0x0000001e   Code   RO         1507    i.HAL_Init          stm32l4xx_hal.o
    0x08001a96   0x08001a96   0x00000002   PAD
    0x08001a98   0x08001a98   0x00000058   Code   RO         1508    i.HAL_InitTick      stm32l4xx_hal.o
    0x08001af0   0x08001af0   0x00000044   Code   RO         1008    i.HAL_MspInit       stm32l4xx_hal_msp.o
    0x08001b34   0x08001b34   0x00000028   Code   RO         3262    i.HAL_NVIC_EnableIRQ  stm32l4xx_hal_cortex.o
    0x08001b5c   0x08001b5c   0x00000082   Code   RO         3268    i.HAL_NVIC_SetPriority  stm32l4xx_hal_cortex.o
    0x08001bde   0x08001bde   0x00000002   PAD
    0x08001be0   0x08001be0   0x00000028   Code   RO         3269    i.HAL_NVIC_SetPriorityGrouping  stm32l4xx_hal_cortex.o
    0x08001c08   0x08001c08   0x0000008c   Code   RO         3066    i.HAL_PWREx_ControlVoltageScaling  stm32l4xx_hal_pwr_ex.o
    0x08001c94   0x08001c94   0x00000010   Code   RO         3089    i.HAL_PWREx_GetVoltageRange  stm32l4xx_hal_pwr_ex.o
    0x08001ca4   0x08001ca4   0x00000388   Code   RO         2378    i.HAL_RCCEx_PeriphCLKConfig  stm32l4xx_hal_rcc_ex.o
    0x0800202c   0x0800202c   0x000001b4   Code   RO         2250    i.HAL_RCC_ClockConfig  stm32l4xx_hal_rcc.o
    0x080021e0   0x080021e0   0x0000000c   Code   RO         2254    i.HAL_RCC_GetHCLKFreq  stm32l4xx_hal_rcc.o
    0x080021ec   0x080021ec   0x00000024   Code   RO         2256    i.HAL_RCC_GetPCLK1Freq  stm32l4xx_hal_rcc.o
    0x08002210   0x08002210   0x00000024   Code   RO         2257    i.HAL_RCC_GetPCLK2Freq  stm32l4xx_hal_rcc.o
    0x08002234   0x08002234   0x000000ec   Code   RO         2259    i.HAL_RCC_GetSysClockFreq  stm32l4xx_hal_rcc.o
    0x08002320   0x08002320   0x00000750   Code   RO         2262    i.HAL_RCC_OscConfig  stm32l4xx_hal_rcc.o
    0x08002a70   0x08002a70   0x00000034   Code   RO         3273    i.HAL_SYSTICK_Config  stm32l4xx_hal_cortex.o
    0x08002aa4   0x08002aa4   0x00000002   Code   RO         4196    i.HAL_TIMEx_Break2Callback  stm32l4xx_hal_tim_ex.o
    0x08002aa6   0x08002aa6   0x00000002   Code   RO         4197    i.HAL_TIMEx_BreakCallback  stm32l4xx_hal_tim_ex.o
    0x08002aa8   0x08002aa8   0x00000002   Code   RO         4198    i.HAL_TIMEx_CommutCallback  stm32l4xx_hal_tim_ex.o
    0x08002aaa   0x08002aaa   0x00000002   PAD
    0x08002aac   0x08002aac   0x00000088   Code   RO         4218    i.HAL_TIMEx_MasterConfigSynchronization  stm32l4xx_hal_tim_ex.o
    0x08002b34   0x08002b34   0x0000006e   Code   RO         3471    i.HAL_TIM_Base_Init  stm32l4xx_hal_tim.o
    0x08002ba2   0x08002ba2   0x00000002   PAD
    0x08002ba4   0x08002ba4   0x00000090   Code   RO          765    i.HAL_TIM_Base_MspInit  tim.o
    0x08002c34   0x08002c34   0x00000078   Code   RO         3476    i.HAL_TIM_Base_Start_IT  stm32l4xx_hal_tim.o
    0x08002cac   0x08002cac   0x00000110   Code   RO         3480    i.HAL_TIM_ConfigClockSource  stm32l4xx_hal_tim.o
    0x08002dbc   0x08002dbc   0x00000002   Code   RO         3505    i.HAL_TIM_IC_CaptureCallback  stm32l4xx_hal_tim.o
    0x08002dbe   0x08002dbe   0x000001b8   Code   RO         3519    i.HAL_TIM_IRQHandler  stm32l4xx_hal_tim.o
    0x08002f76   0x08002f76   0x00000002   PAD
    0x08002f78   0x08002f78   0x00000058   Code   RO          766    i.HAL_TIM_MspPostInit  tim.o
    0x08002fd0   0x08002fd0   0x00000002   Code   RO         3522    i.HAL_TIM_OC_DelayElapsedCallback  stm32l4xx_hal_tim.o
    0x08002fd2   0x08002fd2   0x00000170   Code   RO         3543    i.HAL_TIM_PWM_ConfigChannel  stm32l4xx_hal_tim.o
    0x08003142   0x08003142   0x0000006e   Code   RO         3546    i.HAL_TIM_PWM_Init  stm32l4xx_hal_tim.o
    0x080031b0   0x080031b0   0x00000002   Code   RO         3548    i.HAL_TIM_PWM_MspInit  stm32l4xx_hal_tim.o
    0x080031b2   0x080031b2   0x00000002   Code   RO         3549    i.HAL_TIM_PWM_PulseFinishedCallback  stm32l4xx_hal_tim.o
    0x080031b4   0x080031b4   0x00000114   Code   RO         3551    i.HAL_TIM_PWM_Start  stm32l4xx_hal_tim.o
    0x080032c8   0x080032c8   0x00000058   Code   RO          767    i.HAL_TIM_PeriodElapsedCallback  tim.o
    0x08003320   0x08003320   0x00000002   Code   RO         3562    i.HAL_TIM_TriggerCallback  stm32l4xx_hal_tim.o
    0x08003322   0x08003322   0x00000002   Code   RO         4490    i.HAL_UARTEx_RxEventCallback  stm32l4xx_hal_uart.o
    0x08003324   0x08003324   0x00000002   Code   RO         4888    i.HAL_UARTEx_WakeupCallback  stm32l4xx_hal_uart_ex.o
    0x08003326   0x08003326   0x000000b4   Code   RO         4502    i.HAL_UART_DMAStop  stm32l4xx_hal_uart.o
    0x080033da   0x080033da   0x00000002   Code   RO         4506    i.HAL_UART_ErrorCallback  stm32l4xx_hal_uart.o
    0x080033dc   0x080033dc   0x00000348   Code   RO         4509    i.HAL_UART_IRQHandler  stm32l4xx_hal_uart.o
    0x08003724   0x08003724   0x00000020   Code   RO          835    i.HAL_UART_IdleCallback  usart.o
    0x08003744   0x08003744   0x00000074   Code   RO         4510    i.HAL_UART_Init     stm32l4xx_hal_uart.o
    0x080037b8   0x080037b8   0x000001ac   Code   RO          837    i.HAL_UART_MspInit  usart.o
    0x08003964   0x08003964   0x00000070   Code   RO         4514    i.HAL_UART_Receive_DMA  stm32l4xx_hal_uart.o
    0x080039d4   0x080039d4   0x00000070   Code   RO         4515    i.HAL_UART_Receive_IT  stm32l4xx_hal_uart.o
    0x08003a44   0x08003a44   0x00000028   Code   RO          838    i.HAL_UART_RxCpltCallback  usart.o
    0x08003a6c   0x08003a6c   0x00000002   Code   RO         4518    i.HAL_UART_RxHalfCpltCallback  stm32l4xx_hal_uart.o
    0x08003a6e   0x08003a6e   0x000000d8   Code   RO         4519    i.HAL_UART_Transmit  stm32l4xx_hal_uart.o
    0x08003b46   0x08003b46   0x00000002   PAD
    0x08003b48   0x08003b48   0x000000c8   Code   RO         4520    i.HAL_UART_Transmit_DMA  stm32l4xx_hal_uart.o
    0x08003c10   0x08003c10   0x00000002   Code   RO         4522    i.HAL_UART_TxCpltCallback  stm32l4xx_hal_uart.o
    0x08003c12   0x08003c12   0x00000002   Code   RO         4523    i.HAL_UART_TxHalfCpltCallback  stm32l4xx_hal_uart.o
    0x08003c14   0x08003c14   0x00000004   Code   RO          906    i.HardFault_Handler  stm32l4xx_it.o
    0x08003c18   0x08003c18   0x0000001c   Code   RO           13    i.Init              i2c.o
    0x08003c34   0x08003c34   0x0000009c   Code   RO          515    i.Init              esp8266.o
    0x08003cd0   0x08003cd0   0x00000010   Code   RO         1061    i.LL_ADC_Enable     stm32l4xx_hal_adc.o
    0x08003ce0   0x08003ce0   0x00000012   Code   RO         1062    i.LL_ADC_GetOffsetChannel  stm32l4xx_hal_adc.o
    0x08003cf2   0x08003cf2   0x0000000a   Code   RO         1063    i.LL_ADC_INJ_IsConversionOngoing  stm32l4xx_hal_adc.o
    0x08003cfc   0x08003cfc   0x0000000a   Code   RO         1064    i.LL_ADC_IsDisableOngoing  stm32l4xx_hal_adc.o
    0x08003d06   0x08003d06   0x0000000a   Code   RO         1065    i.LL_ADC_IsEnabled  stm32l4xx_hal_adc.o
    0x08003d10   0x08003d10   0x0000000a   Code   RO         1066    i.LL_ADC_IsInternalRegulatorEnabled  stm32l4xx_hal_adc.o
    0x08003d1a   0x08003d1a   0x0000000a   Code   RO         1067    i.LL_ADC_REG_IsConversionOngoing  stm32l4xx_hal_adc.o
    0x08003d24   0x08003d24   0x00000012   Code   RO         1068    i.LL_ADC_REG_IsTriggerSourceSWStart  stm32l4xx_hal_adc.o
    0x08003d36   0x08003d36   0x00000002   PAD
    0x08003d38   0x08003d38   0x00000010   Code   RO         1069    i.LL_ADC_REG_StartConversion  stm32l4xx_hal_adc.o
    0x08003d48   0x08003d48   0x00000028   Code   RO         1071    i.LL_ADC_SetChannelSamplingTime  stm32l4xx_hal_adc.o
    0x08003d70   0x08003d70   0x0000000c   Code   RO         1072    i.LL_ADC_SetCommonPathInternalCh  stm32l4xx_hal_adc.o
    0x08003d7c   0x08003d7c   0x00000016   Code   RO         1073    i.LL_ADC_SetOffsetState  stm32l4xx_hal_adc.o
    0x08003d92   0x08003d92   0x00000002   PAD
    0x08003d94   0x08003d94   0x00000060   Code   RO          601    i.MQ_2_Detect       mq_2.o
    0x08003df4   0x08003df4   0x000000a4   Code   RO          699    i.MX_ADC1_Init      adc.o
    0x08003e98   0x08003e98   0x00000044   Code   RO          739    i.MX_DMA_Init       dma.o
    0x08003edc   0x08003edc   0x00000114   Code   RO          673    i.MX_GPIO_Init      gpio.o
    0x08003ff0   0x08003ff0   0x000000d4   Code   RO          768    i.MX_TIM2_Init      tim.o
    0x080040c4   0x080040c4   0x0000004c   Code   RO          769    i.MX_TIM6_Init      tim.o
    0x08004110   0x08004110   0x0000004c   Code   RO          770    i.MX_TIM7_Init      tim.o
    0x0800415c   0x0800415c   0x00000040   Code   RO          839    i.MX_USART1_UART_Init  usart.o
    0x0800419c   0x0800419c   0x00000040   Code   RO          840    i.MX_USART3_UART_Init  usart.o
    0x080041dc   0x080041dc   0x00000190   Code   RO          328    i.Measure_Period_Mode  sht30.o
    0x0800436c   0x0800436c   0x00000004   Code   RO          907    i.MemManage_Handler  stm32l4xx_it.o
    0x08004370   0x08004370   0x00000004   Code   RO          908    i.NMI_Handler       stm32l4xx_it.o
    0x08004374   0x08004374   0x00000002   Code   RO          909    i.PendSV_Handler    stm32l4xx_it.o
    0x08004376   0x08004376   0x00000002   PAD
    0x08004378   0x08004378   0x00000024   Code   RO          398    i.PowerLED_OFF      powerled.o
    0x0800439c   0x0800439c   0x00000024   Code   RO          399    i.PowerLED_ON       powerled.o
    0x080043c0   0x080043c0   0x00000188   Code   RO         2382    i.RCCEx_PLLSAI1_Config  stm32l4xx_hal_rcc_ex.o
    0x08004548   0x08004548   0x0000009c   Code   RO         2263    i.RCC_SetFlashLatencyFromMSIRange  stm32l4xx_hal_rcc.o
    0x080045e4   0x080045e4   0x00000002   Code   RO          269    i.RS485_Set_RecMode  uart3.o
    0x080045e6   0x080045e6   0x00000002   Code   RO          270    i.RS485_Set_SendMode  uart3.o
    0x080045e8   0x080045e8   0x000000a0   Code   RO           14    i.Read_Byte         i2c.o
    0x08004688   0x08004688   0x000000fc   Code   RO          516    i.Receive_Information  esp8266.o
    0x08004784   0x08004784   0x00000024   Code   RO          435    i.Relay_OFF         relay.o
    0x080047a8   0x080047a8   0x00000024   Code   RO          436    i.Relay_ON          relay.o
    0x080047cc   0x080047cc   0x00000002   Code   RO          910    i.SVC_Handler       stm32l4xx_it.o
    0x080047ce   0x080047ce   0x00000002   PAD
    0x080047d0   0x080047d0   0x00000084   Code   RO          517    i.SendAT            esp8266.o
    0x08004854   0x08004854   0x00000018   Code   RO          271    i.SendArray         uart3.o
    0x0800486c   0x0800486c   0x0000001c   Code   RO          272    i.SendString        uart3.o
    0x08004888   0x08004888   0x000001f0   Code   RO          518    i.SmartConifg       esp8266.o
    0x08004a78   0x08004a78   0x00000044   Code   RO           15    i.Start             i2c.o
    0x08004abc   0x08004abc   0x00000034   Code   RO           16    i.Stop              i2c.o
    0x08004af0   0x08004af0   0x00000008   Code   RO          911    i.SysTick_Handler   stm32l4xx_it.o
    0x08004af8   0x08004af8   0x00000072   Code   RO          632    i.SystemClock_Config  main.o
    0x08004b6a   0x08004b6a   0x00000002   PAD
    0x08004b6c   0x08004b6c   0x00000014   Code   RO         4968    i.SystemInit        system_stm32l4xx.o
    0x08004b80   0x08004b80   0x000002f4   Code   RO          519    i.TCP_Connect_Server  esp8266.o
    0x08004e74   0x08004e74   0x00000010   Code   RO          912    i.TIM6_DAC_IRQHandler  stm32l4xx_it.o
    0x08004e84   0x08004e84   0x00000074   Code   RO         3564    i.TIM_Base_SetConfig  stm32l4xx_hal_tim.o
    0x08004ef8   0x08004ef8   0x00000022   Code   RO         3565    i.TIM_CCxChannelCmd  stm32l4xx_hal_tim.o
    0x08004f1a   0x08004f1a   0x00000016   Code   RO         3575    i.TIM_ETR_SetConfig  stm32l4xx_hal_tim.o
    0x08004f30   0x08004f30   0x00000012   Code   RO         3576    i.TIM_ITRx_SetConfig  stm32l4xx_hal_tim.o
    0x08004f42   0x08004f42   0x00000002   PAD
    0x08004f44   0x08004f44   0x00000088   Code   RO         3577    i.TIM_OC1_SetConfig  stm32l4xx_hal_tim.o
    0x08004fcc   0x08004fcc   0x00000090   Code   RO         3578    i.TIM_OC2_SetConfig  stm32l4xx_hal_tim.o
    0x0800505c   0x0800505c   0x00000090   Code   RO         3579    i.TIM_OC3_SetConfig  stm32l4xx_hal_tim.o
    0x080050ec   0x080050ec   0x00000060   Code   RO         3580    i.TIM_OC4_SetConfig  stm32l4xx_hal_tim.o
    0x0800514c   0x0800514c   0x0000005c   Code   RO         3581    i.TIM_OC5_SetConfig  stm32l4xx_hal_tim.o
    0x080051a8   0x080051a8   0x0000005c   Code   RO         3582    i.TIM_OC6_SetConfig  stm32l4xx_hal_tim.o
    0x08005204   0x08005204   0x00000026   Code   RO         3584    i.TIM_TI1_ConfigInputStage  stm32l4xx_hal_tim.o
    0x0800522a   0x0800522a   0x00000028   Code   RO         3586    i.TIM_TI2_ConfigInputStage  stm32l4xx_hal_tim.o
    0x08005252   0x08005252   0x00000002   PAD
    0x08005254   0x08005254   0x00000010   Code   RO          236    i.Timer6_Start_IT   timer6.o
    0x08005264   0x08005264   0x000000b0   Code   RO          520    i.Transfer_SHT30    esp8266.o
    0x08005314   0x08005314   0x000000f8   Code   RO         4524    i.UART_AdvFeatureConfig  stm32l4xx_hal_uart.o
    0x0800540c   0x0800540c   0x00000072   Code   RO         4525    i.UART_CheckIdleState  stm32l4xx_hal_uart.o
    0x0800547e   0x0800547e   0x00000018   Code   RO         4526    i.UART_DMAAbortOnError  stm32l4xx_hal_uart.o
    0x08005496   0x08005496   0x0000005a   Code   RO         4527    i.UART_DMAError     stm32l4xx_hal_uart.o
    0x080054f0   0x080054f0   0x000000ae   Code   RO         4528    i.UART_DMAReceiveCplt  stm32l4xx_hal_uart.o
    0x0800559e   0x0800559e   0x00000022   Code   RO         4530    i.UART_DMARxHalfCplt  stm32l4xx_hal_uart.o
    0x080055c0   0x080055c0   0x00000056   Code   RO         4532    i.UART_DMATransmitCplt  stm32l4xx_hal_uart.o
    0x08005616   0x08005616   0x0000000e   Code   RO         4534    i.UART_DMATxHalfCplt  stm32l4xx_hal_uart.o
    0x08005624   0x08005624   0x00000064   Code   RO         4536    i.UART_EndRxTransfer  stm32l4xx_hal_uart.o
    0x08005688   0x08005688   0x0000002e   Code   RO         4537    i.UART_EndTransmit_IT  stm32l4xx_hal_uart.o
    0x080056b6   0x080056b6   0x00000020   Code   RO         4538    i.UART_EndTxTransfer  stm32l4xx_hal_uart.o
    0x080056d6   0x080056d6   0x000000cc   Code   RO         4539    i.UART_RxISR_16BIT  stm32l4xx_hal_uart.o
    0x080057a2   0x080057a2   0x000000c8   Code   RO         4540    i.UART_RxISR_8BIT   stm32l4xx_hal_uart.o
    0x0800586a   0x0800586a   0x00000002   PAD
    0x0800586c   0x0800586c   0x000002f6   Code   RO         4541    i.UART_SetConfig    stm32l4xx_hal_uart.o
    0x08005b62   0x08005b62   0x00000002   PAD
    0x08005b64   0x08005b64   0x000000d4   Code   RO         4542    i.UART_Start_Receive_DMA  stm32l4xx_hal_uart.o
    0x08005c38   0x08005c38   0x000000fc   Code   RO         4543    i.UART_Start_Receive_IT  stm32l4xx_hal_uart.o
    0x08005d34   0x08005d34   0x000000f8   Code   RO         4546    i.UART_WaitOnFlagUntilTimeout  stm32l4xx_hal_uart.o
    0x08005e2c   0x08005e2c   0x00000020   Code   RO          913    i.USART1_IRQHandler  stm32l4xx_it.o
    0x08005e4c   0x08005e4c   0x00000028   Code   RO          914    i.USART3_IRQHandler  stm32l4xx_it.o
    0x08005e74   0x08005e74   0x00000004   Code   RO          915    i.UsageFault_Handler  stm32l4xx_it.o
    0x08005e78   0x08005e78   0x000000a4   Code   RO           17    i.Write_Byte        i2c.o
    0x08005f1c   0x08005f1c   0x00000020   Code   RO         5245    i.__0printf         mc_w.l(printfa.o)
    0x08005f3c   0x08005f3c   0x00000028   Code   RO         5247    i.__0sprintf        mc_w.l(printfa.o)
    0x08005f64   0x08005f64   0x00000010   Code   RO         3275    i.__NVIC_GetPriorityGrouping  stm32l4xx_hal_cortex.o
    0x08005f74   0x08005f74   0x00000028   Code   RO         3276    i.__NVIC_SetPriority  stm32l4xx_hal_cortex.o
    0x08005f9c   0x08005f9c   0x0000000e   Code   RO         5317    i.__scatterload_copy  mc_w.l(handlers.o)
    0x08005faa   0x08005faa   0x00000002   Code   RO         5318    i.__scatterload_null  mc_w.l(handlers.o)
    0x08005fac   0x08005fac   0x0000000e   Code   RO         5319    i.__scatterload_zeroinit  mc_w.l(handlers.o)
    0x08005fba   0x08005fba   0x00000002   PAD
    0x08005fbc   0x08005fbc   0x0000018a   Code   RO         5252    i._fp_digits        mc_w.l(printfa.o)
    0x08006146   0x08006146   0x00000002   PAD
    0x08006148   0x08006148   0x000006ba   Code   RO         5253    i._printf_core      mc_w.l(printfa.o)
    0x08006802   0x08006802   0x00000024   Code   RO         5254    i._printf_post_padding  mc_w.l(printfa.o)
    0x08006826   0x08006826   0x0000002e   Code   RO         5255    i._printf_pre_padding  mc_w.l(printfa.o)
    0x08006854   0x08006854   0x0000000a   Code   RO         5257    i._sputc            mc_w.l(printfa.o)
    0x0800685e   0x0800685e   0x00000002   PAD
    0x08006860   0x08006860   0x00000018   Code   RO          841    i.fputc             usart.o
    0x08006878   0x08006878   0x00000138   Code   RO          633    i.main              main.o
    0x080069b0   0x080069b0   0x00000048   Data   RO         4969    .constdata          system_stm32l4xx.o
    0x080069f8   0x080069f8   0x00000020   Data   RO         5315    Region$$Table       anon$$obj.o


    Execution Region RW_IRAM2 (Exec base: 0x10000000, Load base: 0x08006adc, Size: 0x00000000, Max: 0x00004000, ABSOLUTE)

    **** No section assigned to this execution region ****


    Execution Region RW_IRAM1 (Exec base: 0x20000000, Load base: 0x08006a18, Size: 0x000008c8, Max: 0x0000c000, ABSOLUTE)

    Exec Addr    Load Addr    Size         Type   Attr      Idx    E Section Name        Object

    0x20000000   0x08006a18   0x00000014   Data   RW           18    .data               i2c.o
    0x20000014   0x08006a2c   0x0000000c   Data   RW          237    .data               timer6.o
    0x20000020   0x08006a38   0x0000001c   Data   RW          274    .data               uart3.o
    0x2000003c   0x08006a54   0x0000000c   Data   RW          329    .data               sht30.o
    0x20000048   0x08006a60   0x00000008   Data   RW          362    .data               brightness.o
    0x20000050   0x08006a68   0x0000000c   Data   RW          400    .data               powerled.o
    0x2000005c   0x08006a74   0x0000000c   Data   RW          437    .data               relay.o
    0x20000068   0x08006a80   0x00000014   Data   RW          473    .data               fan.o
    0x2000007c   0x08006a94   0x00000024   Data   RW          521    .data               esp8266.o
    0x200000a0   0x08006ab8   0x00000008   Data   RW          602    .data               mq_2.o
    0x200000a8   0x08006ac0   0x00000006   Data   RW          634    .data               main.o
    0x200000ae   0x08006ac6   0x00000002   PAD
    0x200000b0   0x08006ac8   0x00000009   Data   RW         1524    .data               stm32l4xx_hal.o
    0x200000b9   0x08006ad1   0x00000003   PAD
    0x200000bc   0x08006ad4   0x00000004   Data   RW         4970    .data               system_stm32l4xx.o
    0x200000c0   0x08006ad8   0x00000004   Data   RW         5291    .data               mc_w.l(stdout.o)
    0x200000c4        -       0x000000d6   Zero   RW          273    .bss                uart3.o
    0x2000019a   0x08006adc   0x00000002   PAD
    0x2000019c        -       0x000000ac   Zero   RW          700    .bss                adc.o
    0x20000248        -       0x000000e4   Zero   RW          771    .bss                tim.o
    0x2000032c        -       0x00000198   Zero   RW          842    .bss                usart.o
    0x200004c4   0x08006adc   0x00000004   PAD
    0x200004c8        -       0x00000400   Zero   RW            1    STACK               startup_stm32l431xx.o


==============================================================================

Image component sizes


      Code (inc. data)   RO Data    RW Data    ZI Data      Debug   Object Name

       400         38          0          0        172       1975   adc.o
       108         34          0          8          0       1178   brightness.o
        68          4          0          0          0        778   dma.o
      2024        804          0         36          0       6094   esp8266.o
        96         20          0         20          0       2487   fan.o
       276         14          0          0          0       1031   gpio.o
       472         24          0         20          0     712915   i2c.o
       432         90          0          6          0       2540   main.o
        96         28          0          8          0       1072   mq_2.o
        72         18          0         12          0       1768   powerled.o
        72         18          0         12          0       1521   relay.o
       462         34          0         12          0       2460   sht30.o
        36          8        396          0       1024        852   startup_stm32l431xx.o
       194         32          0          9          0      12761   stm32l4xx_hal.o
      2686        126          0          0          0      68135   stm32l4xx_hal_adc.o
       172          6          0          0          0      52178   stm32l4xx_hal_adc_ex.o
       318         22          0          0          0      34463   stm32l4xx_hal_cortex.o
       914         10          0          0          0       5725   stm32l4xx_hal_dma.o
       494         30          0          0          0       3448   stm32l4xx_hal_gpio.o
        68          4          0          0          0        858   stm32l4xx_hal_msp.o
       156         18          0          0          0       1390   stm32l4xx_hal_pwr_ex.o
      2784        108          0          0          0       7532   stm32l4xx_hal_rcc.o
      1296         26          0          0          0       2928   stm32l4xx_hal_rcc_ex.o
      2678        150          0          0          0      18328   stm32l4xx_hal_tim.o
       142         10          0          0          0       3196   stm32l4xx_hal_tim_ex.o
      4622        104          0          0          0      24992   stm32l4xx_hal_uart.o
         2          0          0          0          0       1000   stm32l4xx_hal_uart_ex.o
       154         26          0          0          0       6838   stm32l4xx_it.o
        20          6         72          4          0       1213   system_stm32l4xx.o
       748         56          0          0        228       4817   tim.o
        16          6          0         12          0       1261   timer6.o
        56         10          0         28        214       3040   uart3.o
       652         72          0          0        408       4337   usart.o

    ----------------------------------------------------------------------
     22826       1956        500        192       2052     995111   Object Totals
         0          0         32          0          0          0   (incl. Generated)
        40          0          0          5          6          0   (incl. Padding)

    ----------------------------------------------------------------------

      Code (inc. data)   RO Data    RW Data    ZI Data      Debug   Library Member Name

         0          0          0          0          0          0   entry.o
         0          0          0          0          0          0   entry10a.o
         0          0          0          0          0          0   entry11a.o
         4          0          0          0          0          0   entry12b.o
         8          4          0          0          0          0   entry2.o
         4          0          0          0          0          0   entry5.o
         0          0          0          0          0          0   entry7b.o
         0          0          0          0          0          0   entry8b.o
         8          4          0          0          0          0   entry9a.o
        30          0          0          0          0          0   handlers.o
        36          8          0          0          0         68   init.o
         0          0          0          0          0          0   iusefp.o
        30          0          0          0          0         68   llshl.o
        36          0          0          0          0         68   llsshr.o
        32          0          0          0          0         68   llushr.o
        36          0          0          0          0        108   memseta.o
      2280         96          0          0          0        616   printfa.o
         0          0          0          4          0          0   stdout.o
        14          0          0          0          0         68   strlen.o
        36          0          0          0          0         80   strstr.o
        44          0          0          0          0         80   uidiv.o
       104          0          0          0          0         92   uldiv.o
        48          0          0          0          0         68   cdrcmple.o
       350          0          0          0          0        148   dadd.o
       222          0          0          0          0        100   ddiv.o
       186          0          0          0          0        176   depilogue.o
        48          0          0          0          0         68   dfixul.o
       234          0          0          0          0         96   dmul.o
        38          0          0          0          0         68   f2d.o

    ----------------------------------------------------------------------
      3834        112          0          4          0       2040   Library Totals
         6          0          0          0          0          0   (incl. Padding)

    ----------------------------------------------------------------------

      Code (inc. data)   RO Data    RW Data    ZI Data      Debug   Library Name

      2702        112          0          4          0       1316   mc_w.l
      1126          0          0          0          0        724   mf_w.l

    ----------------------------------------------------------------------
      3834        112          0          4          0       2040   Library Totals

    ----------------------------------------------------------------------

==============================================================================


      Code (inc. data)   RO Data    RW Data    ZI Data      Debug   

     26660       2068        500        196       2052     978815   Grand Totals
     26660       2068        500        196       2052     978815   ELF Image Totals
     26660       2068        500        196          0          0   ROM Totals

==============================================================================

    Total RO  Size (Code + RO Data)                27160 (  26.52kB)
    Total RW  Size (RW Data + ZI Data)              2248 (   2.20kB)
    Total ROM Size (Code + RO Data + RW Data)      27356 (  26.71kB)

==============================================================================

